<?xml version="1.0"?>
<link_info>
   <banner>TI ARM Linker PC v16.9.6.LTS</banner>
   <copyright>Copyright (c) 1996-2017 Texas Instruments Incorporated</copyright>
   <link_time>0x5a83aeb2</link_time>
   <link_errors>0x0</link_errors>
   <output_file>free_rtos_matlab.out</output_file>
   <entry_point>
      <name>_c_int00</name>
      <address>0xf810</address>
   </entry_point>
   <input_file_list>
      <input_file id="fl-2">
         <path>.\source\</path>
         <kind>object</kind>
         <file>can.obj</file>
         <name>can.obj</name>
      </input_file>
      <input_file id="fl-3">
         <path>.\source\</path>
         <kind>object</kind>
         <file>dabort.obj</file>
         <name>dabort.obj</name>
      </input_file>
      <input_file id="fl-4">
         <path>.\source\</path>
         <kind>object</kind>
         <file>esm.obj</file>
         <name>esm.obj</name>
      </input_file>
      <input_file id="fl-5">
         <path>.\source\</path>
         <kind>object</kind>
         <file>gio.obj</file>
         <name>gio.obj</name>
      </input_file>
      <input_file id="fl-6">
         <path>.\source\</path>
         <kind>object</kind>
         <file>notification.obj</file>
         <name>notification.obj</name>
      </input_file>
      <input_file id="fl-7">
         <path>.\source\</path>
         <kind>object</kind>
         <file>os_croutine.obj</file>
         <name>os_croutine.obj</name>
      </input_file>
      <input_file id="fl-8">
         <path>.\source\</path>
         <kind>object</kind>
         <file>os_event_groups.obj</file>
         <name>os_event_groups.obj</name>
      </input_file>
      <input_file id="fl-9">
         <path>.\source\</path>
         <kind>object</kind>
         <file>os_heap.obj</file>
         <name>os_heap.obj</name>
      </input_file>
      <input_file id="fl-a">
         <path>.\source\</path>
         <kind>object</kind>
         <file>os_list.obj</file>
         <name>os_list.obj</name>
      </input_file>
      <input_file id="fl-b">
         <path>.\source\</path>
         <kind>object</kind>
         <file>os_mpu_wrappers.obj</file>
         <name>os_mpu_wrappers.obj</name>
      </input_file>
      <input_file id="fl-c">
         <path>.\source\</path>
         <kind>object</kind>
         <file>os_port.obj</file>
         <name>os_port.obj</name>
      </input_file>
      <input_file id="fl-d">
         <path>.\source\</path>
         <kind>object</kind>
         <file>os_portasm.obj</file>
         <name>os_portasm.obj</name>
      </input_file>
      <input_file id="fl-e">
         <path>.\source\</path>
         <kind>object</kind>
         <file>os_queue.obj</file>
         <name>os_queue.obj</name>
      </input_file>
      <input_file id="fl-f">
         <path>.\source\</path>
         <kind>object</kind>
         <file>os_tasks.obj</file>
         <name>os_tasks.obj</name>
      </input_file>
      <input_file id="fl-10">
         <path>.\source\</path>
         <kind>object</kind>
         <file>os_timer.obj</file>
         <name>os_timer.obj</name>
      </input_file>
      <input_file id="fl-11">
         <path>.\source\</path>
         <kind>object</kind>
         <file>pinmux.obj</file>
         <name>pinmux.obj</name>
      </input_file>
      <input_file id="fl-12">
         <path>.\source\</path>
         <kind>object</kind>
         <file>runTimeStatsTimer.obj</file>
         <name>runTimeStatsTimer.obj</name>
      </input_file>
      <input_file id="fl-13">
         <path>.\source\</path>
         <kind>object</kind>
         <file>sci.obj</file>
         <name>sci.obj</name>
      </input_file>
      <input_file id="fl-14">
         <path>.\source\</path>
         <kind>object</kind>
         <file>sys_core.obj</file>
         <name>sys_core.obj</name>
      </input_file>
      <input_file id="fl-15">
         <path>.\source\</path>
         <kind>object</kind>
         <file>sys_dma.obj</file>
         <name>sys_dma.obj</name>
      </input_file>
      <input_file id="fl-16">
         <path>.\source\</path>
         <kind>object</kind>
         <file>sys_intvecs.obj</file>
         <name>sys_intvecs.obj</name>
      </input_file>
      <input_file id="fl-17">
         <path>.\source\</path>
         <kind>object</kind>
         <file>sys_main.obj</file>
         <name>sys_main.obj</name>
      </input_file>
      <input_file id="fl-18">
         <path>.\source\</path>
         <kind>object</kind>
         <file>sys_mpu.obj</file>
         <name>sys_mpu.obj</name>
      </input_file>
      <input_file id="fl-19">
         <path>.\source\</path>
         <kind>object</kind>
         <file>sys_pcr.obj</file>
         <name>sys_pcr.obj</name>
      </input_file>
      <input_file id="fl-1a">
         <path>.\source\</path>
         <kind>object</kind>
         <file>sys_phantom.obj</file>
         <name>sys_phantom.obj</name>
      </input_file>
      <input_file id="fl-1b">
         <path>.\source\</path>
         <kind>object</kind>
         <file>sys_pmm.obj</file>
         <name>sys_pmm.obj</name>
      </input_file>
      <input_file id="fl-1c">
         <path>.\source\</path>
         <kind>object</kind>
         <file>sys_pmu.obj</file>
         <name>sys_pmu.obj</name>
      </input_file>
      <input_file id="fl-1d">
         <path>.\source\</path>
         <kind>object</kind>
         <file>sys_selftest.obj</file>
         <name>sys_selftest.obj</name>
      </input_file>
      <input_file id="fl-1e">
         <path>.\source\</path>
         <kind>object</kind>
         <file>sys_startup.obj</file>
         <name>sys_startup.obj</name>
      </input_file>
      <input_file id="fl-1f">
         <path>.\source\</path>
         <kind>object</kind>
         <file>sys_vim.obj</file>
         <name>sys_vim.obj</name>
      </input_file>
      <input_file id="fl-20">
         <path>.\source\</path>
         <kind>object</kind>
         <file>system.obj</file>
         <name>system.obj</name>
      </input_file>
      <input_file id="fl-24">
         <kind>object</kind>
         <file>&lt;internal&gt;</file>
         <name>&lt;internal&gt;</name>
      </input_file>
      <input_file id="fl-25">
         <path>D:\RTOS\ccsv7\tools\compiler\ti-cgt-arm_16.9.6.LTS\lib\</path>
         <kind>archive</kind>
         <file>rtsv7R4_T_be_v3D16_eabi.lib</file>
         <name>autoinit.obj</name>
      </input_file>
      <input_file id="fl-26">
         <path>D:\RTOS\ccsv7\tools\compiler\ti-cgt-arm_16.9.6.LTS\lib\</path>
         <kind>archive</kind>
         <file>rtsv7R4_T_be_v3D16_eabi.lib</file>
         <name>copy_decompress_lzss.obj</name>
      </input_file>
      <input_file id="fl-27">
         <path>D:\RTOS\ccsv7\tools\compiler\ti-cgt-arm_16.9.6.LTS\lib\</path>
         <kind>archive</kind>
         <file>rtsv7R4_T_be_v3D16_eabi.lib</file>
         <name>copy_decompress_none.obj</name>
      </input_file>
      <input_file id="fl-28">
         <path>D:\RTOS\ccsv7\tools\compiler\ti-cgt-arm_16.9.6.LTS\lib\</path>
         <kind>archive</kind>
         <file>rtsv7R4_T_be_v3D16_eabi.lib</file>
         <name>copy_zero_init.obj</name>
      </input_file>
      <input_file id="fl-29">
         <path>D:\RTOS\ccsv7\tools\compiler\ti-cgt-arm_16.9.6.LTS\lib\</path>
         <kind>archive</kind>
         <file>rtsv7R4_T_be_v3D16_eabi.lib</file>
         <name>cpy_tbl.obj</name>
      </input_file>
      <input_file id="fl-2a">
         <path>D:\RTOS\ccsv7\tools\compiler\ti-cgt-arm_16.9.6.LTS\lib\</path>
         <kind>archive</kind>
         <file>rtsv7R4_T_be_v3D16_eabi.lib</file>
         <name>exit.obj</name>
      </input_file>
      <input_file id="fl-2b">
         <path>D:\RTOS\ccsv7\tools\compiler\ti-cgt-arm_16.9.6.LTS\lib\</path>
         <kind>archive</kind>
         <file>rtsv7R4_T_be_v3D16_eabi.lib</file>
         <name>memcpy_t2.obj</name>
      </input_file>
      <input_file id="fl-2c">
         <path>D:\RTOS\ccsv7\tools\compiler\ti-cgt-arm_16.9.6.LTS\lib\</path>
         <kind>archive</kind>
         <file>rtsv7R4_T_be_v3D16_eabi.lib</file>
         <name>memset_t2.obj</name>
      </input_file>
      <input_file id="fl-2d">
         <path>D:\RTOS\ccsv7\tools\compiler\ti-cgt-arm_16.9.6.LTS\lib\</path>
         <kind>archive</kind>
         <file>rtsv7R4_T_be_v3D16_eabi.lib</file>
         <name>sprintf.obj</name>
      </input_file>
      <input_file id="fl-2e">
         <path>D:\RTOS\ccsv7\tools\compiler\ti-cgt-arm_16.9.6.LTS\lib\</path>
         <kind>archive</kind>
         <file>rtsv7R4_T_be_v3D16_eabi.lib</file>
         <name>startup.obj</name>
      </input_file>
      <input_file id="fl-2f">
         <path>D:\RTOS\ccsv7\tools\compiler\ti-cgt-arm_16.9.6.LTS\lib\</path>
         <kind>archive</kind>
         <file>rtsv7R4_T_be_v3D16_eabi.lib</file>
         <name>strcpy.obj</name>
      </input_file>
      <input_file id="fl-30">
         <path>D:\RTOS\ccsv7\tools\compiler\ti-cgt-arm_16.9.6.LTS\lib\</path>
         <kind>archive</kind>
         <file>rtsv7R4_T_be_v3D16_eabi.lib</file>
         <name>strlen.obj</name>
      </input_file>
      <input_file id="fl-31">
         <path>D:\RTOS\ccsv7\tools\compiler\ti-cgt-arm_16.9.6.LTS\lib\</path>
         <kind>archive</kind>
         <file>rtsv7R4_T_be_v3D16_eabi.lib</file>
         <name>_lock.obj</name>
      </input_file>
      <input_file id="fl-32">
         <path>D:\RTOS\ccsv7\tools\compiler\ti-cgt-arm_16.9.6.LTS\lib\</path>
         <kind>archive</kind>
         <file>rtsv7R4_T_be_v3D16_eabi.lib</file>
         <name>_printfi.obj</name>
      </input_file>
      <input_file id="fl-33">
         <path>D:\RTOS\ccsv7\tools\compiler\ti-cgt-arm_16.9.6.LTS\lib\</path>
         <kind>archive</kind>
         <file>rtsv7R4_T_be_v3D16_eabi.lib</file>
         <name>atoi.obj</name>
      </input_file>
      <input_file id="fl-34">
         <path>D:\RTOS\ccsv7\tools\compiler\ti-cgt-arm_16.9.6.LTS\lib\</path>
         <kind>archive</kind>
         <file>rtsv7R4_T_be_v3D16_eabi.lib</file>
         <name>ctype.obj</name>
      </input_file>
      <input_file id="fl-35">
         <path>D:\RTOS\ccsv7\tools\compiler\ti-cgt-arm_16.9.6.LTS\lib\</path>
         <kind>archive</kind>
         <file>rtsv7R4_T_be_v3D16_eabi.lib</file>
         <name>ltoa.obj</name>
      </input_file>
      <input_file id="fl-36">
         <path>D:\RTOS\ccsv7\tools\compiler\ti-cgt-arm_16.9.6.LTS\lib\</path>
         <kind>archive</kind>
         <file>rtsv7R4_T_be_v3D16_eabi.lib</file>
         <name>memccpy.obj</name>
      </input_file>
      <input_file id="fl-37">
         <path>D:\RTOS\ccsv7\tools\compiler\ti-cgt-arm_16.9.6.LTS\lib\</path>
         <kind>archive</kind>
         <file>rtsv7R4_T_be_v3D16_eabi.lib</file>
         <name>s_frexp.obj</name>
      </input_file>
      <input_file id="fl-38">
         <path>D:\RTOS\ccsv7\tools\compiler\ti-cgt-arm_16.9.6.LTS\lib\</path>
         <kind>archive</kind>
         <file>rtsv7R4_T_be_v3D16_eabi.lib</file>
         <name>s_scalbn.obj</name>
      </input_file>
      <input_file id="fl-39">
         <path>D:\RTOS\ccsv7\tools\compiler\ti-cgt-arm_16.9.6.LTS\lib\</path>
         <kind>archive</kind>
         <file>rtsv7R4_T_be_v3D16_eabi.lib</file>
         <name>strchr.obj</name>
      </input_file>
      <input_file id="fl-3a">
         <path>D:\RTOS\ccsv7\tools\compiler\ti-cgt-arm_16.9.6.LTS\lib\</path>
         <kind>archive</kind>
         <file>rtsv7R4_T_be_v3D16_eabi.lib</file>
         <name>ull_div32.obj</name>
      </input_file>
      <input_file id="fl-3b">
         <path>D:\RTOS\ccsv7\tools\compiler\ti-cgt-arm_16.9.6.LTS\lib\</path>
         <kind>archive</kind>
         <file>rtsv7R4_T_be_v3D16_eabi.lib</file>
         <name>errno.obj</name>
      </input_file>
      <input_file id="fl-3c">
         <path>D:\RTOS\ccsv7\tools\compiler\ti-cgt-arm_16.9.6.LTS\lib\</path>
         <kind>archive</kind>
         <file>rtsv7R4_T_be_v3D16_eabi.lib</file>
         <name>s_copysign.obj</name>
      </input_file>
   </input_file_list>
   <object_component_list>
      <object_component id="oc-35">
         <name>.intvecs</name>
         <load_address>0x0</load_address>
         <run_address>0x0</run_address>
         <size>0x20</size>
         <input_file_ref idref="fl-16"/>
      </object_component>
      <object_component id="oc-108">
         <name>.kernelTEXT</name>
         <load_address>0x20</load_address>
         <run_address>0x20</run_address>
         <size>0x20e4</size>
         <input_file_ref idref="fl-f"/>
      </object_component>
      <object_component id="oc-1b6">
         <name>.kernelTEXT</name>
         <load_address>0x2104</load_address>
         <run_address>0x2104</run_address>
         <size>0x1180</size>
         <input_file_ref idref="fl-e"/>
      </object_component>
      <object_component id="oc-a5">
         <name>.kernelTEXT</name>
         <load_address>0x3284</load_address>
         <run_address>0x3284</run_address>
         <size>0x4b0</size>
         <input_file_ref idref="fl-d"/>
      </object_component>
      <object_component id="oc-1da">
         <name>.kernelTEXT</name>
         <load_address>0x3734</load_address>
         <run_address>0x3734</run_address>
         <size>0x3e0</size>
         <input_file_ref idref="fl-c"/>
      </object_component>
      <object_component id="oc-1bc">
         <name>.kernelTEXT</name>
         <load_address>0x3b14</load_address>
         <run_address>0x3b14</run_address>
         <size>0x3a4</size>
         <input_file_ref idref="fl-9"/>
      </object_component>
      <object_component id="oc-365">
         <name>.cinit..kernelBSS.load</name>
         <load_address>0x3eb8</load_address>
         <run_address>0x3eb8</run_address>
         <size>0x13</size>
      </object_component>
      <object_component id="oc-368">
         <name>.cinit..data.load</name>
         <load_address>0x3ecb</load_address>
         <run_address>0x3ecb</run_address>
         <size>0x12</size>
      </object_component>
      <object_component id="oc-363">
         <name>__TI_handler_table</name>
         <load_address>0x3ee0</load_address>
         <run_address>0x3ee0</run_address>
         <size>0xc</size>
      </object_component>
      <object_component id="oc-367">
         <name>.cinit..bss.load</name>
         <load_address>0x3ef0</load_address>
         <run_address>0x3ef0</run_address>
         <size>0x8</size>
      </object_component>
      <object_component id="oc-366">
         <name>.cinit..kernelHEAP.load</name>
         <load_address>0x3ef8</load_address>
         <run_address>0x3ef8</run_address>
         <size>0x8</size>
      </object_component>
      <object_component id="oc-364">
         <name>__TI_cinit_table</name>
         <load_address>0x3f00</load_address>
         <run_address>0x3f00</run_address>
         <size>0x20</size>
      </object_component>
      <object_component id="oc-7a">
         <name>.text</name>
         <load_address>0x8020</load_address>
         <run_address>0x8020</run_address>
         <size>0x2cdc</size>
         <input_file_ref idref="fl-1d"/>
      </object_component>
      <object_component id="oc-277">
         <name>.text</name>
         <load_address>0xacfc</load_address>
         <run_address>0xacfc</run_address>
         <size>0x107e</size>
         <input_file_ref idref="fl-32"/>
      </object_component>
      <object_component id="oc-f4">
         <name>.text</name>
         <load_address>0xbd7a</load_address>
         <run_address>0xbd7a</run_address>
         <size>0x2</size>
         <input_file_ref idref="fl-2e"/>
      </object_component>
      <object_component id="oc-74">
         <name>.text</name>
         <load_address>0xbd7c</load_address>
         <run_address>0xbd7c</run_address>
         <size>0xb28</size>
         <input_file_ref idref="fl-20"/>
      </object_component>
      <object_component id="oc-1e6">
         <name>.text</name>
         <load_address>0xc8a4</load_address>
         <run_address>0xc8a4</run_address>
         <size>0xa04</size>
         <input_file_ref idref="fl-f"/>
      </object_component>
      <object_component id="oc-41">
         <name>.text</name>
         <load_address>0xd2a8</load_address>
         <run_address>0xd2a8</run_address>
         <size>0x89c</size>
         <input_file_ref idref="fl-1f"/>
      </object_component>
      <object_component id="oc-d8">
         <name>.text</name>
         <load_address>0xdb44</load_address>
         <run_address>0xdb44</run_address>
         <size>0x638</size>
         <input_file_ref idref="fl-11"/>
      </object_component>
      <object_component id="oc-80">
         <name>.text</name>
         <load_address>0xe17c</load_address>
         <run_address>0xe17c</run_address>
         <size>0x5d8</size>
         <input_file_ref idref="fl-4"/>
      </object_component>
      <object_component id="oc-fc">
         <name>.text</name>
         <load_address>0xe754</load_address>
         <run_address>0xe754</run_address>
         <size>0x5b4</size>
         <input_file_ref idref="fl-b"/>
      </object_component>
      <object_component id="oc-102">
         <name>.text</name>
         <load_address>0xed08</load_address>
         <run_address>0xed08</run_address>
         <size>0x484</size>
         <input_file_ref idref="fl-5"/>
      </object_component>
      <object_component id="oc-6f">
         <name>.text</name>
         <load_address>0xf18c</load_address>
         <run_address>0xf18c</run_address>
         <size>0x3cc</size>
         <input_file_ref idref="fl-14"/>
      </object_component>
      <object_component id="oc-2be">
         <name>.text</name>
         <load_address>0xf558</load_address>
         <run_address>0xf558</run_address>
         <size>0x2b8</size>
         <input_file_ref idref="fl-3a"/>
      </object_component>
      <object_component id="oc-20">
         <name>.text:retain</name>
         <load_address>0xf810</load_address>
         <run_address>0xf810</run_address>
         <size>0x298</size>
         <input_file_ref idref="fl-1e"/>
      </object_component>
      <object_component id="oc-40">
         <name>.text:retain</name>
         <load_address>0xfaa8</load_address>
         <run_address>0xfaa8</run_address>
         <size>0x294</size>
         <input_file_ref idref="fl-1f"/>
      </object_component>
      <object_component id="oc-245">
         <name>.text</name>
         <load_address>0xfd3c</load_address>
         <run_address>0xfd3c</run_address>
         <size>0x284</size>
         <input_file_ref idref="fl-9"/>
      </object_component>
      <object_component id="oc-1e0">
         <name>.text</name>
         <load_address>0xffc0</load_address>
         <run_address>0xffc0</run_address>
         <size>0x238</size>
         <input_file_ref idref="fl-a"/>
      </object_component>
      <object_component id="oc-26">
         <name>.text:retain</name>
         <load_address>0x101f8</load_address>
         <run_address>0x101f8</run_address>
         <size>0x200</size>
         <input_file_ref idref="fl-2"/>
      </object_component>
      <object_component id="oc-25f">
         <name>.text</name>
         <load_address>0x103f8</load_address>
         <run_address>0x103f8</run_address>
         <size>0x1b4</size>
         <input_file_ref idref="fl-c"/>
      </object_component>
      <object_component id="oc-8c">
         <name>.text</name>
         <load_address>0x105ac</load_address>
         <run_address>0x105ac</run_address>
         <size>0x19c</size>
         <input_file_ref idref="fl-17"/>
      </object_component>
      <object_component id="oc-2f">
         <name>.text:retain</name>
         <load_address>0x10748</load_address>
         <run_address>0x10748</run_address>
         <size>0x114</size>
         <input_file_ref idref="fl-4"/>
      </object_component>
      <object_component id="oc-e0">
         <name>.text</name>
         <load_address>0x1085c</load_address>
         <run_address>0x1085c</run_address>
         <size>0x110</size>
         <input_file_ref idref="fl-1c"/>
      </object_component>
      <object_component id="oc-2cf">
         <name>.text</name>
         <load_address>0x1096c</load_address>
         <run_address>0x1096c</run_address>
         <size>0xf4</size>
         <input_file_ref idref="fl-38"/>
      </object_component>
      <object_component id="oc-ae">
         <name>.text</name>
         <load_address>0x10a60</load_address>
         <run_address>0x10a60</run_address>
         <size>0xe8</size>
         <input_file_ref idref="fl-3"/>
      </object_component>
      <object_component id="oc-99">
         <name>.text</name>
         <load_address>0x10b48</load_address>
         <run_address>0x10b48</run_address>
         <size>0xd0</size>
         <input_file_ref idref="fl-6"/>
      </object_component>
      <object_component id="oc-57">
         <name>.text</name>
         <load_address>0x10c18</load_address>
         <run_address>0x10c18</run_address>
         <size>0x9c</size>
         <input_file_ref idref="fl-2b"/>
      </object_component>
      <object_component id="oc-63">
         <name>.text</name>
         <load_address>0x10cb4</load_address>
         <run_address>0x10cb4</run_address>
         <size>0x7a</size>
         <input_file_ref idref="fl-2c"/>
      </object_component>
      <object_component id="oc-2c9">
         <name>.text</name>
         <load_address>0x10d30</load_address>
         <run_address>0x10d30</run_address>
         <size>0x74</size>
         <input_file_ref idref="fl-37"/>
      </object_component>
      <object_component id="oc-86">
         <name>.text</name>
         <load_address>0x10da4</load_address>
         <run_address>0x10da4</run_address>
         <size>0x70</size>
         <input_file_ref idref="fl-25"/>
      </object_component>
      <object_component id="oc-e">
         <name>.text:decompress:lzss</name>
         <load_address>0x10e14</load_address>
         <run_address>0x10e14</run_address>
         <size>0x6c</size>
         <input_file_ref idref="fl-26"/>
      </object_component>
      <object_component id="oc-1ef">
         <name>.text</name>
         <load_address>0x10e80</load_address>
         <run_address>0x10e80</run_address>
         <size>0x64</size>
         <input_file_ref idref="fl-2d"/>
      </object_component>
      <object_component id="oc-2c3">
         <name>.text</name>
         <load_address>0x10ee4</load_address>
         <run_address>0x10ee4</run_address>
         <size>0x54</size>
         <input_file_ref idref="fl-35"/>
      </object_component>
      <object_component id="oc-2db">
         <name>.text</name>
         <load_address>0x10f38</load_address>
         <run_address>0x10f38</run_address>
         <size>0x50</size>
         <input_file_ref idref="fl-33"/>
      </object_component>
      <object_component id="oc-92">
         <name>.text</name>
         <load_address>0x10f88</load_address>
         <run_address>0x10f88</run_address>
         <size>0x50</size>
         <input_file_ref idref="fl-2a"/>
      </object_component>
      <object_component id="oc-ee">
         <name>.text</name>
         <load_address>0x10fd8</load_address>
         <run_address>0x10fd8</run_address>
         <size>0x4c</size>
         <input_file_ref idref="fl-29"/>
      </object_component>
      <object_component id="oc-2e1">
         <name>.text</name>
         <load_address>0x11024</load_address>
         <run_address>0x11024</run_address>
         <size>0x1c</size>
         <input_file_ref idref="fl-36"/>
      </object_component>
      <object_component id="oc-316">
         <name>.text</name>
         <load_address>0x11040</load_address>
         <run_address>0x11040</run_address>
         <size>0x18</size>
         <input_file_ref idref="fl-3c"/>
      </object_component>
      <object_component id="oc-2d5">
         <name>.text</name>
         <load_address>0x11058</load_address>
         <run_address>0x11058</run_address>
         <size>0x16</size>
         <input_file_ref idref="fl-39"/>
      </object_component>
      <object_component id="oc-1f5">
         <name>.text</name>
         <load_address>0x1106e</load_address>
         <run_address>0x1106e</run_address>
         <size>0x16</size>
         <input_file_ref idref="fl-30"/>
      </object_component>
      <object_component id="oc-20c">
         <name>.text</name>
         <load_address>0x11084</load_address>
         <run_address>0x11084</run_address>
         <size>0x14</size>
         <input_file_ref idref="fl-31"/>
      </object_component>
      <object_component id="oc-269">
         <name>.text</name>
         <load_address>0x11098</load_address>
         <run_address>0x11098</run_address>
         <size>0x14</size>
         <input_file_ref idref="fl-2f"/>
      </object_component>
      <object_component id="oc-14">
         <name>.text:decompress:none</name>
         <load_address>0x110ac</load_address>
         <run_address>0x110ac</run_address>
         <size>0xe</size>
         <input_file_ref idref="fl-27"/>
      </object_component>
      <object_component id="oc-1a">
         <name>.text:decompress:ZI</name>
         <load_address>0x110ba</load_address>
         <run_address>0x110ba</run_address>
         <size>0xc</size>
         <input_file_ref idref="fl-28"/>
      </object_component>
      <object_component id="oc-3a">
         <name>.text:retain</name>
         <load_address>0x110c8</load_address>
         <run_address>0x110c8</run_address>
         <size>0x4</size>
         <input_file_ref idref="fl-1a"/>
      </object_component>
      <object_component id="oc-2c">
         <name>.const:s_vim_init</name>
         <load_address>0x110cc</load_address>
         <run_address>0x110cc</run_address>
         <size>0x180</size>
         <input_file_ref idref="fl-1f"/>
      </object_component>
      <object_component id="oc-323">
         <name>.const:.string:_ctypes_</name>
         <load_address>0x1124c</load_address>
         <run_address>0x1124c</run_address>
         <size>0x101</size>
         <input_file_ref idref="fl-34"/>
      </object_component>
      <object_component id="oc-24e">
         <name>.const</name>
         <load_address>0x11350</load_address>
         <run_address>0x11350</run_address>
         <size>0x4</size>
         <input_file_ref idref="fl-9"/>
      </object_component>
      <object_component id="oc-135">
         <name>.kernelBSS</name>
         <load_address>0x8000964</load_address>
         <run_address>0x8000964</run_address>
         <size>0x8</size>
         <input_file_ref idref="fl-c"/>
      </object_component>
      <object_component id="oc-132">
         <name>.kernelBSS:init</name>
         <load_address>0x8000934</load_address>
         <run_address>0x8000934</run_address>
         <size>0x30</size>
         <input_file_ref idref="fl-f"/>
      </object_component>
      <object_component id="oc-1ec">
         <name>.kernelBSS:uninit</name>
         <load_address>0x8000800</load_address>
         <run_address>0x8000800</run_address>
         <size>0x134</size>
         <input_file_ref idref="fl-f"/>
      </object_component>
      <object_component id="oc-2a6">
         <name>.kernelHEAP</name>
         <uninitialized>true</uninitialized>
         <run_address>0x8001000</run_address>
         <size>0x2000</size>
         <input_file_ref idref="fl-9"/>
      </object_component>
      <object_component id="oc-251">
         <name>.bss:xStart</name>
         <uninitialized>true</uninitialized>
         <run_address>0x8003028</run_address>
         <size>0x8</size>
         <input_file_ref idref="fl-9"/>
      </object_component>
      <object_component id="oc-10e">
         <name>.common:CAWarningTaskTcb</name>
         <uninitialized>true</uninitialized>
         <run_address>0x8003030</run_address>
         <size>0x4</size>
      </object_component>
      <object_component id="oc-111">
         <name>.common:hillAssistTcb</name>
         <uninitialized>true</uninitialized>
         <run_address>0x8003034</run_address>
         <size>0x4</size>
      </object_component>
      <object_component id="oc-24b">
         <name>.data</name>
         <load_address>0x8003000</load_address>
         <run_address>0x8003000</run_address>
         <size>0x10</size>
         <input_file_ref idref="fl-9"/>
      </object_component>
      <object_component id="oc-11d">
         <name>.data:$O1$$</name>
         <load_address>0x8003010</load_address>
         <run_address>0x8003010</run_address>
         <size>0xc</size>
         <input_file_ref idref="fl-2a"/>
      </object_component>
      <object_component id="oc-120">
         <name>.data:$O1$$</name>
         <load_address>0x800301c</load_address>
         <run_address>0x800301c</run_address>
         <size>0x8</size>
         <input_file_ref idref="fl-31"/>
      </object_component>
      <object_component id="oc-31c">
         <name>.data</name>
         <load_address>0x8003024</load_address>
         <run_address>0x8003024</run_address>
         <size>0x4</size>
         <input_file_ref idref="fl-3b"/>
      </object_component>
      <object_component id="oc-15f">
         <name>.debug_info</name>
         <load_address>0x0</load_address>
         <run_address>0x0</run_address>
         <size>0x3d2</size>
         <input_file_ref idref="fl-2"/>
      </object_component>
      <object_component id="oc-27">
         <name>.debug_info</name>
         <load_address>0x3d2</load_address>
         <run_address>0x3d2</run_address>
         <size>0x2c1</size>
         <input_file_ref idref="fl-2"/>
      </object_component>
      <object_component id="oc-a0">
         <name>.debug_info</name>
         <load_address>0x693</load_address>
         <run_address>0x693</run_address>
         <size>0x157</size>
         <input_file_ref idref="fl-2"/>
      </object_component>
      <object_component id="oc-118">
         <name>.debug_info</name>
         <load_address>0x7ea</load_address>
         <run_address>0x7ea</run_address>
         <size>0x8b</size>
         <input_file_ref idref="fl-2"/>
      </object_component>
      <object_component id="oc-b6">
         <name>.debug_info</name>
         <load_address>0x875</load_address>
         <run_address>0x875</run_address>
         <size>0x18c</size>
         <input_file_ref idref="fl-2"/>
      </object_component>
      <object_component id="oc-12d">
         <name>.debug_info</name>
         <load_address>0xa01</load_address>
         <run_address>0xa01</run_address>
         <size>0x18b</size>
         <input_file_ref idref="fl-2"/>
      </object_component>
      <object_component id="oc-bb">
         <name>.debug_info</name>
         <load_address>0xb8c</load_address>
         <run_address>0xb8c</run_address>
         <size>0x86</size>
         <input_file_ref idref="fl-2"/>
      </object_component>
      <object_component id="oc-175">
         <name>.debug_info</name>
         <load_address>0xc12</load_address>
         <run_address>0xc12</run_address>
         <size>0x437</size>
         <input_file_ref idref="fl-2"/>
      </object_component>
      <object_component id="oc-225">
         <name>.debug_info</name>
         <load_address>0x1049</load_address>
         <run_address>0x1049</run_address>
         <size>0x15f</size>
         <input_file_ref idref="fl-2"/>
      </object_component>
      <object_component id="oc-154">
         <name>.debug_info</name>
         <load_address>0x11a8</load_address>
         <run_address>0x11a8</run_address>
         <size>0x2cf</size>
         <input_file_ref idref="fl-2"/>
      </object_component>
      <object_component id="oc-b0">
         <name>.debug_info</name>
         <load_address>0x1477</load_address>
         <run_address>0x1477</run_address>
         <size>0x111</size>
         <input_file_ref idref="fl-3"/>
      </object_component>
      <object_component id="oc-ed">
         <name>.debug_info</name>
         <load_address>0x1588</load_address>
         <run_address>0x1588</run_address>
         <size>0x313</size>
         <input_file_ref idref="fl-4"/>
      </object_component>
      <object_component id="oc-84">
         <name>.debug_info</name>
         <load_address>0x189b</load_address>
         <run_address>0x189b</run_address>
         <size>0xb3a</size>
         <input_file_ref idref="fl-4"/>
      </object_component>
      <object_component id="oc-33">
         <name>.debug_info</name>
         <load_address>0x23d5</load_address>
         <run_address>0x23d5</run_address>
         <size>0x19a</size>
         <input_file_ref idref="fl-4"/>
      </object_component>
      <object_component id="oc-13b">
         <name>.debug_info</name>
         <load_address>0x256f</load_address>
         <run_address>0x256f</run_address>
         <size>0x1de</size>
         <input_file_ref idref="fl-4"/>
      </object_component>
      <object_component id="oc-e8">
         <name>.debug_info</name>
         <load_address>0x274d</load_address>
         <run_address>0x274d</run_address>
         <size>0x129</size>
         <input_file_ref idref="fl-4"/>
      </object_component>
      <object_component id="oc-1d9">
         <name>.debug_info</name>
         <load_address>0x2876</load_address>
         <run_address>0x2876</run_address>
         <size>0x296</size>
         <input_file_ref idref="fl-5"/>
      </object_component>
      <object_component id="oc-104">
         <name>.debug_info</name>
         <load_address>0x2b0c</load_address>
         <run_address>0x2b0c</run_address>
         <size>0x6f2</size>
         <input_file_ref idref="fl-5"/>
      </object_component>
      <object_component id="oc-145">
         <name>.debug_info</name>
         <load_address>0x31fe</load_address>
         <run_address>0x31fe</run_address>
         <size>0x1f9</size>
         <input_file_ref idref="fl-5"/>
      </object_component>
      <object_component id="oc-25a">
         <name>.debug_info</name>
         <load_address>0x33f7</load_address>
         <run_address>0x33f7</run_address>
         <size>0x12a</size>
         <input_file_ref idref="fl-5"/>
      </object_component>
      <object_component id="oc-127">
         <name>.debug_info</name>
         <load_address>0x3521</load_address>
         <run_address>0x3521</run_address>
         <size>0x48a</size>
         <input_file_ref idref="fl-6"/>
      </object_component>
      <object_component id="oc-9a">
         <name>.debug_info</name>
         <load_address>0x39ab</load_address>
         <run_address>0x39ab</run_address>
         <size>0x9cc</size>
         <input_file_ref idref="fl-6"/>
      </object_component>
      <object_component id="oc-166">
         <name>.debug_info</name>
         <load_address>0x4377</load_address>
         <run_address>0x4377</run_address>
         <size>0x60e</size>
         <input_file_ref idref="fl-6"/>
      </object_component>
      <object_component id="oc-16b">
         <name>.debug_info</name>
         <load_address>0x4985</load_address>
         <run_address>0x4985</run_address>
         <size>0x4de</size>
         <input_file_ref idref="fl-6"/>
      </object_component>
      <object_component id="oc-170">
         <name>.debug_info</name>
         <load_address>0x4e63</load_address>
         <run_address>0x4e63</run_address>
         <size>0x3ce</size>
         <input_file_ref idref="fl-6"/>
      </object_component>
      <object_component id="oc-21a">
         <name>.debug_info</name>
         <load_address>0x5231</load_address>
         <run_address>0x5231</run_address>
         <size>0x7cd</size>
         <input_file_ref idref="fl-6"/>
      </object_component>
      <object_component id="oc-128">
         <name>.debug_info</name>
         <load_address>0x59fe</load_address>
         <run_address>0x59fe</run_address>
         <size>0x673</size>
         <input_file_ref idref="fl-6"/>
      </object_component>
      <object_component id="oc-d0">
         <name>.debug_info</name>
         <load_address>0x6071</load_address>
         <run_address>0x6071</run_address>
         <size>0x2c</size>
         <input_file_ref idref="fl-6"/>
      </object_component>
      <object_component id="oc-1a0">
         <name>.debug_info</name>
         <load_address>0x609d</load_address>
         <run_address>0x609d</run_address>
         <size>0x37b</size>
         <input_file_ref idref="fl-6"/>
      </object_component>
      <object_component id="oc-17a">
         <name>.debug_info</name>
         <load_address>0x6418</load_address>
         <run_address>0x6418</run_address>
         <size>0x1ca</size>
         <input_file_ref idref="fl-6"/>
      </object_component>
      <object_component id="oc-140">
         <name>.debug_info</name>
         <load_address>0x65e2</load_address>
         <run_address>0x65e2</run_address>
         <size>0x435</size>
         <input_file_ref idref="fl-6"/>
      </object_component>
      <object_component id="oc-193">
         <name>.debug_info</name>
         <load_address>0x6a17</load_address>
         <run_address>0x6a17</run_address>
         <size>0x551</size>
         <input_file_ref idref="fl-6"/>
      </object_component>
      <object_component id="oc-17f">
         <name>.debug_info</name>
         <load_address>0x6f68</load_address>
         <run_address>0x6f68</run_address>
         <size>0x3d3</size>
         <input_file_ref idref="fl-6"/>
      </object_component>
      <object_component id="oc-189">
         <name>.debug_info</name>
         <load_address>0x733b</load_address>
         <run_address>0x733b</run_address>
         <size>0x1de</size>
         <input_file_ref idref="fl-6"/>
      </object_component>
      <object_component id="oc-1ff">
         <name>.debug_info</name>
         <load_address>0x7519</load_address>
         <run_address>0x7519</run_address>
         <size>0x243</size>
         <input_file_ref idref="fl-6"/>
      </object_component>
      <object_component id="oc-198">
         <name>.debug_info</name>
         <load_address>0x775c</load_address>
         <run_address>0x775c</run_address>
         <size>0x17a</size>
         <input_file_ref idref="fl-6"/>
      </object_component>
      <object_component id="oc-14a">
         <name>.debug_info</name>
         <load_address>0x78d6</load_address>
         <run_address>0x78d6</run_address>
         <size>0x6a6</size>
         <input_file_ref idref="fl-6"/>
      </object_component>
      <object_component id="oc-14f">
         <name>.debug_info</name>
         <load_address>0x7f7c</load_address>
         <run_address>0x7f7c</run_address>
         <size>0x13e</size>
         <input_file_ref idref="fl-6"/>
      </object_component>
      <object_component id="oc-209">
         <name>.debug_info</name>
         <load_address>0x80ba</load_address>
         <run_address>0x80ba</run_address>
         <size>0x4f3</size>
         <input_file_ref idref="fl-7"/>
      </object_component>
      <object_component id="oc-1c9">
         <name>.debug_info</name>
         <load_address>0x85ad</load_address>
         <run_address>0x85ad</run_address>
         <size>0x2ef</size>
         <input_file_ref idref="fl-7"/>
      </object_component>
      <object_component id="oc-113">
         <name>.debug_info</name>
         <load_address>0x889c</load_address>
         <run_address>0x889c</run_address>
         <size>0xe1</size>
         <input_file_ref idref="fl-7"/>
      </object_component>
      <object_component id="oc-52">
         <name>.debug_info</name>
         <load_address>0x897d</load_address>
         <run_address>0x897d</run_address>
         <size>0x84</size>
         <input_file_ref idref="fl-7"/>
      </object_component>
      <object_component id="oc-28f">
         <name>.debug_info</name>
         <load_address>0x8a01</load_address>
         <run_address>0x8a01</run_address>
         <size>0xcc</size>
         <input_file_ref idref="fl-7"/>
      </object_component>
      <object_component id="oc-1c3">
         <name>.debug_info</name>
         <load_address>0x8acd</load_address>
         <run_address>0x8acd</run_address>
         <size>0x2c</size>
         <input_file_ref idref="fl-7"/>
      </object_component>
      <object_component id="oc-1d3">
         <name>.debug_info</name>
         <load_address>0x8af9</load_address>
         <run_address>0x8af9</run_address>
         <size>0x46</size>
         <input_file_ref idref="fl-7"/>
      </object_component>
      <object_component id="oc-204">
         <name>.debug_info</name>
         <load_address>0x8b3f</load_address>
         <run_address>0x8b3f</run_address>
         <size>0x14c</size>
         <input_file_ref idref="fl-7"/>
      </object_component>
      <object_component id="oc-2a5">
         <name>.debug_info</name>
         <load_address>0x8c8b</load_address>
         <run_address>0x8c8b</run_address>
         <size>0x601</size>
         <input_file_ref idref="fl-8"/>
      </object_component>
      <object_component id="oc-240">
         <name>.debug_info</name>
         <load_address>0x928c</load_address>
         <run_address>0x928c</run_address>
         <size>0x110</size>
         <input_file_ref idref="fl-8"/>
      </object_component>
      <object_component id="oc-2fe">
         <name>.debug_info</name>
         <load_address>0x939c</load_address>
         <run_address>0x939c</run_address>
         <size>0x39</size>
         <input_file_ref idref="fl-8"/>
      </object_component>
      <object_component id="oc-288">
         <name>.debug_info</name>
         <load_address>0x93d5</load_address>
         <run_address>0x93d5</run_address>
         <size>0x46</size>
         <input_file_ref idref="fl-8"/>
      </object_component>
      <object_component id="oc-303">
         <name>.debug_info</name>
         <load_address>0x941b</load_address>
         <run_address>0x941b</run_address>
         <size>0x76</size>
         <input_file_ref idref="fl-8"/>
      </object_component>
      <object_component id="oc-255">
         <name>.debug_info</name>
         <load_address>0x9491</load_address>
         <run_address>0x9491</run_address>
         <size>0x3ae</size>
         <input_file_ref idref="fl-9"/>
      </object_component>
      <object_component id="oc-2a7">
         <name>.debug_info</name>
         <load_address>0x983f</load_address>
         <run_address>0x983f</run_address>
         <size>0xeb</size>
         <input_file_ref idref="fl-9"/>
      </object_component>
      <object_component id="oc-24f">
         <name>.debug_info</name>
         <load_address>0x992a</load_address>
         <run_address>0x992a</run_address>
         <size>0xfd</size>
         <input_file_ref idref="fl-9"/>
      </object_component>
      <object_component id="oc-252">
         <name>.debug_info</name>
         <load_address>0x9a27</load_address>
         <run_address>0x9a27</run_address>
         <size>0xeb</size>
         <input_file_ref idref="fl-9"/>
      </object_component>
      <object_component id="oc-24c">
         <name>.debug_info</name>
         <load_address>0x9b12</load_address>
         <run_address>0x9b12</run_address>
         <size>0x19f</size>
         <input_file_ref idref="fl-9"/>
      </object_component>
      <object_component id="oc-1bd">
         <name>.debug_info</name>
         <load_address>0x9cb1</load_address>
         <run_address>0x9cb1</run_address>
         <size>0x548</size>
         <input_file_ref idref="fl-9"/>
      </object_component>
      <object_component id="oc-246">
         <name>.debug_info</name>
         <load_address>0xa1f9</load_address>
         <run_address>0xa1f9</run_address>
         <size>0x2c2</size>
         <input_file_ref idref="fl-9"/>
      </object_component>
      <object_component id="oc-2b0">
         <name>.debug_info</name>
         <load_address>0xa4bb</load_address>
         <run_address>0xa4bb</run_address>
         <size>0x62</size>
         <input_file_ref idref="fl-9"/>
      </object_component>
      <object_component id="oc-268">
         <name>.debug_info</name>
         <load_address>0xa51d</load_address>
         <run_address>0xa51d</run_address>
         <size>0x2e4</size>
         <input_file_ref idref="fl-a"/>
      </object_component>
      <object_component id="oc-1e3">
         <name>.debug_info</name>
         <load_address>0xa801</load_address>
         <run_address>0xa801</run_address>
         <size>0x4c9</size>
         <input_file_ref idref="fl-a"/>
      </object_component>
      <object_component id="oc-1c8">
         <name>.debug_info</name>
         <load_address>0xacca</load_address>
         <run_address>0xacca</run_address>
         <size>0x948</size>
         <input_file_ref idref="fl-b"/>
      </object_component>
      <object_component id="oc-fe">
         <name>.debug_info</name>
         <load_address>0xb612</load_address>
         <run_address>0xb612</run_address>
         <size>0x22ac</size>
         <input_file_ref idref="fl-b"/>
      </object_component>
      <object_component id="oc-1ce">
         <name>.debug_info</name>
         <load_address>0xd8be</load_address>
         <run_address>0xd8be</run_address>
         <size>0x46</size>
         <input_file_ref idref="fl-b"/>
      </object_component>
      <object_component id="oc-266">
         <name>.debug_info</name>
         <load_address>0xd904</load_address>
         <run_address>0xd904</run_address>
         <size>0x402</size>
         <input_file_ref idref="fl-c"/>
      </object_component>
      <object_component id="oc-136">
         <name>.debug_info</name>
         <load_address>0xdd06</load_address>
         <run_address>0xdd06</run_address>
         <size>0x139</size>
         <input_file_ref idref="fl-c"/>
      </object_component>
      <object_component id="oc-1db">
         <name>.debug_info</name>
         <load_address>0xde3f</load_address>
         <run_address>0xde3f</run_address>
         <size>0x5cb</size>
         <input_file_ref idref="fl-c"/>
      </object_component>
      <object_component id="oc-260">
         <name>.debug_info</name>
         <load_address>0xe40a</load_address>
         <run_address>0xe40a</run_address>
         <size>0x371</size>
         <input_file_ref idref="fl-c"/>
      </object_component>
      <object_component id="oc-a6">
         <name>.debug_info</name>
         <load_address>0xe77b</load_address>
         <run_address>0xe77b</run_address>
         <size>0x4f2</size>
         <input_file_ref idref="fl-d"/>
      </object_component>
      <object_component id="oc-23f">
         <name>.debug_info</name>
         <load_address>0xec6d</load_address>
         <run_address>0xec6d</run_address>
         <size>0x682</size>
         <input_file_ref idref="fl-e"/>
      </object_component>
      <object_component id="oc-1b8">
         <name>.debug_info</name>
         <load_address>0xf2ef</load_address>
         <run_address>0xf2ef</run_address>
         <size>0x22ce</size>
         <input_file_ref idref="fl-e"/>
      </object_component>
      <object_component id="oc-2a0">
         <name>.debug_info</name>
         <load_address>0x115bd</load_address>
         <run_address>0x115bd</run_address>
         <size>0x17d</size>
         <input_file_ref idref="fl-e"/>
      </object_component>
      <object_component id="oc-1fc">
         <name>.debug_info</name>
         <load_address>0x1173a</load_address>
         <run_address>0x1173a</run_address>
         <size>0x846</size>
         <input_file_ref idref="fl-f"/>
      </object_component>
      <object_component id="oc-133">
         <name>.debug_info</name>
         <load_address>0x11f80</load_address>
         <run_address>0x11f80</run_address>
         <size>0x306</size>
         <input_file_ref idref="fl-f"/>
      </object_component>
      <object_component id="oc-1ed">
         <name>.debug_info</name>
         <load_address>0x12286</load_address>
         <run_address>0x12286</run_address>
         <size>0x280</size>
         <input_file_ref idref="fl-f"/>
      </object_component>
      <object_component id="oc-109">
         <name>.debug_info</name>
         <load_address>0x12506</load_address>
         <run_address>0x12506</run_address>
         <size>0x35c4</size>
         <input_file_ref idref="fl-f"/>
      </object_component>
      <object_component id="oc-1e7">
         <name>.debug_info</name>
         <load_address>0x15aca</load_address>
         <run_address>0x15aca</run_address>
         <size>0x110c</size>
         <input_file_ref idref="fl-f"/>
      </object_component>
      <object_component id="oc-270">
         <name>.debug_info</name>
         <load_address>0x16bd6</load_address>
         <run_address>0x16bd6</run_address>
         <size>0x170</size>
         <input_file_ref idref="fl-f"/>
      </object_component>
      <object_component id="oc-27f">
         <name>.debug_info</name>
         <load_address>0x16d46</load_address>
         <run_address>0x16d46</run_address>
         <size>0x4e</size>
         <input_file_ref idref="fl-f"/>
      </object_component>
      <object_component id="oc-163">
         <name>.debug_info</name>
         <load_address>0x16d94</load_address>
         <run_address>0x16d94</run_address>
         <size>0x2c9</size>
         <input_file_ref idref="fl-11"/>
      </object_component>
      <object_component id="oc-d9">
         <name>.debug_info</name>
         <load_address>0x1705d</load_address>
         <run_address>0x1705d</run_address>
         <size>0x1f4</size>
         <input_file_ref idref="fl-11"/>
      </object_component>
      <object_component id="oc-184">
         <name>.debug_info</name>
         <load_address>0x17251</load_address>
         <run_address>0x17251</run_address>
         <size>0x3a4</size>
         <input_file_ref idref="fl-11"/>
      </object_component>
      <object_component id="oc-22c">
         <name>.debug_info</name>
         <load_address>0x175f5</load_address>
         <run_address>0x175f5</run_address>
         <size>0x2c7</size>
         <input_file_ref idref="fl-11"/>
      </object_component>
      <object_component id="oc-70">
         <name>.debug_info</name>
         <load_address>0x178bc</load_address>
         <run_address>0x178bc</run_address>
         <size>0x806</size>
         <input_file_ref idref="fl-14"/>
      </object_component>
      <object_component id="oc-38">
         <name>.debug_info</name>
         <load_address>0x180c2</load_address>
         <run_address>0x180c2</run_address>
         <size>0x119</size>
         <input_file_ref idref="fl-16"/>
      </object_component>
      <object_component id="oc-10f">
         <name>.debug_info</name>
         <load_address>0x181db</load_address>
         <run_address>0x181db</run_address>
         <size>0x73b</size>
         <input_file_ref idref="fl-17"/>
      </object_component>
      <object_component id="oc-8d">
         <name>.debug_info</name>
         <load_address>0x18916</load_address>
         <run_address>0x18916</run_address>
         <size>0x428</size>
         <input_file_ref idref="fl-17"/>
      </object_component>
      <object_component id="oc-231">
         <name>.debug_info</name>
         <load_address>0x18d3e</load_address>
         <run_address>0x18d3e</run_address>
         <size>0x29c</size>
         <input_file_ref idref="fl-19"/>
      </object_component>
      <object_component id="oc-299">
         <name>.debug_info</name>
         <load_address>0x18fda</load_address>
         <run_address>0x18fda</run_address>
         <size>0x242</size>
         <input_file_ref idref="fl-19"/>
      </object_component>
      <object_component id="oc-18e">
         <name>.debug_info</name>
         <load_address>0x1921c</load_address>
         <run_address>0x1921c</run_address>
         <size>0x2af</size>
         <input_file_ref idref="fl-19"/>
      </object_component>
      <object_component id="oc-3b">
         <name>.debug_info</name>
         <load_address>0x194cb</load_address>
         <run_address>0x194cb</run_address>
         <size>0x14b</size>
         <input_file_ref idref="fl-1a"/>
      </object_component>
      <object_component id="oc-e2">
         <name>.debug_info</name>
         <load_address>0x19616</load_address>
         <run_address>0x19616</run_address>
         <size>0x379</size>
         <input_file_ref idref="fl-1c"/>
      </object_component>
      <object_component id="oc-e6">
         <name>.debug_info</name>
         <load_address>0x1998f</load_address>
         <run_address>0x1998f</run_address>
         <size>0x659</size>
         <input_file_ref idref="fl-1d"/>
      </object_component>
      <object_component id="oc-7b">
         <name>.debug_info</name>
         <load_address>0x19fe8</load_address>
         <run_address>0x19fe8</run_address>
         <size>0x2e9d</size>
         <input_file_ref idref="fl-1d"/>
      </object_component>
      <object_component id="oc-21">
         <name>.debug_info</name>
         <load_address>0x1ce85</load_address>
         <run_address>0x1ce85</run_address>
         <size>0x5d0</size>
         <input_file_ref idref="fl-1e"/>
      </object_component>
      <object_component id="oc-ac">
         <name>.debug_info</name>
         <load_address>0x1d455</load_address>
         <run_address>0x1d455</run_address>
         <size>0x4d8</size>
         <input_file_ref idref="fl-1f"/>
      </object_component>
      <object_component id="oc-2d">
         <name>.debug_info</name>
         <load_address>0x1d92d</load_address>
         <run_address>0x1d92d</run_address>
         <size>0xf3</size>
         <input_file_ref idref="fl-1f"/>
      </object_component>
      <object_component id="oc-42">
         <name>.debug_info</name>
         <load_address>0x1da20</load_address>
         <run_address>0x1da20</run_address>
         <size>0x485</size>
         <input_file_ref idref="fl-1f"/>
      </object_component>
      <object_component id="oc-47">
         <name>.debug_info</name>
         <load_address>0x1dea5</load_address>
         <run_address>0x1dea5</run_address>
         <size>0x20e</size>
         <input_file_ref idref="fl-1f"/>
      </object_component>
      <object_component id="oc-159">
         <name>.debug_info</name>
         <load_address>0x1e0b3</load_address>
         <run_address>0x1e0b3</run_address>
         <size>0x4f</size>
         <input_file_ref idref="fl-1f"/>
      </object_component>
      <object_component id="oc-df">
         <name>.debug_info</name>
         <load_address>0x1e102</load_address>
         <run_address>0x1e102</run_address>
         <size>0x506</size>
         <input_file_ref idref="fl-20"/>
      </object_component>
      <object_component id="oc-75">
         <name>.debug_info</name>
         <load_address>0x1e608</load_address>
         <run_address>0x1e608</run_address>
         <size>0x744</size>
         <input_file_ref idref="fl-20"/>
      </object_component>
      <object_component id="oc-fb">
         <name>.debug_info</name>
         <load_address>0x1ed4c</load_address>
         <run_address>0x1ed4c</run_address>
         <size>0x483</size>
         <input_file_ref idref="fl-25"/>
      </object_component>
      <object_component id="oc-87">
         <name>.debug_info</name>
         <load_address>0x1f1cf</load_address>
         <run_address>0x1f1cf</run_address>
         <size>0x190</size>
         <input_file_ref idref="fl-25"/>
      </object_component>
      <object_component id="oc-1ac">
         <name>.debug_info</name>
         <load_address>0x1f35f</load_address>
         <run_address>0x1f35f</run_address>
         <size>0x39</size>
         <input_file_ref idref="fl-25"/>
      </object_component>
      <object_component id="oc-239">
         <name>.debug_info</name>
         <load_address>0x1f398</load_address>
         <run_address>0x1f398</run_address>
         <size>0x39</size>
         <input_file_ref idref="fl-25"/>
      </object_component>
      <object_component id="oc-1b1">
         <name>.debug_info</name>
         <load_address>0x1f3d1</load_address>
         <run_address>0x1f3d1</run_address>
         <size>0xcd</size>
         <input_file_ref idref="fl-25"/>
      </object_component>
      <object_component id="oc-c6">
         <name>.debug_info</name>
         <load_address>0x1f49e</load_address>
         <run_address>0x1f49e</run_address>
         <size>0x293</size>
         <input_file_ref idref="fl-26"/>
      </object_component>
      <object_component id="oc-f">
         <name>.debug_info</name>
         <load_address>0x1f731</load_address>
         <run_address>0x1f731</run_address>
         <size>0x245</size>
         <input_file_ref idref="fl-26"/>
      </object_component>
      <object_component id="oc-4d">
         <name>.debug_info</name>
         <load_address>0x1f976</load_address>
         <run_address>0x1f976</run_address>
         <size>0x60</size>
         <input_file_ref idref="fl-26"/>
      </object_component>
      <object_component id="oc-c1">
         <name>.debug_info</name>
         <load_address>0x1f9d6</load_address>
         <run_address>0x1f9d6</run_address>
         <size>0x46</size>
         <input_file_ref idref="fl-26"/>
      </object_component>
      <object_component id="oc-62">
         <name>.debug_info</name>
         <load_address>0x1fa1c</load_address>
         <run_address>0x1fa1c</run_address>
         <size>0x2d5</size>
         <input_file_ref idref="fl-27"/>
      </object_component>
      <object_component id="oc-16">
         <name>.debug_info</name>
         <load_address>0x1fcf1</load_address>
         <run_address>0x1fcf1</run_address>
         <size>0x1ca</size>
         <input_file_ref idref="fl-27"/>
      </object_component>
      <object_component id="oc-5d">
         <name>.debug_info</name>
         <load_address>0x1febb</load_address>
         <run_address>0x1febb</run_address>
         <size>0x46</size>
         <input_file_ref idref="fl-27"/>
      </object_component>
      <object_component id="oc-c8">
         <name>.debug_info</name>
         <load_address>0x1ff01</load_address>
         <run_address>0x1ff01</run_address>
         <size>0x2c</size>
         <input_file_ref idref="fl-27"/>
      </object_component>
      <object_component id="oc-6e">
         <name>.debug_info</name>
         <load_address>0x1ff2d</load_address>
         <run_address>0x1ff2d</run_address>
         <size>0x2c9</size>
         <input_file_ref idref="fl-28"/>
      </object_component>
      <object_component id="oc-1c">
         <name>.debug_info</name>
         <load_address>0x201f6</load_address>
         <run_address>0x201f6</run_address>
         <size>0x1aa</size>
         <input_file_ref idref="fl-28"/>
      </object_component>
      <object_component id="oc-69">
         <name>.debug_info</name>
         <load_address>0x203a0</load_address>
         <run_address>0x203a0</run_address>
         <size>0x46</size>
         <input_file_ref idref="fl-28"/>
      </object_component>
      <object_component id="oc-1a8">
         <name>.debug_info</name>
         <load_address>0x203e6</load_address>
         <run_address>0x203e6</run_address>
         <size>0x37a</size>
         <input_file_ref idref="fl-29"/>
      </object_component>
      <object_component id="oc-ef">
         <name>.debug_info</name>
         <load_address>0x20760</load_address>
         <run_address>0x20760</run_address>
         <size>0x183</size>
         <input_file_ref idref="fl-29"/>
      </object_component>
      <object_component id="oc-234">
         <name>.debug_info</name>
         <load_address>0x208e3</load_address>
         <run_address>0x208e3</run_address>
         <size>0x2c</size>
         <input_file_ref idref="fl-29"/>
      </object_component>
      <object_component id="oc-124">
         <name>.debug_info</name>
         <load_address>0x2090f</load_address>
         <run_address>0x2090f</run_address>
         <size>0x3ce</size>
         <input_file_ref idref="fl-2a"/>
      </object_component>
      <object_component id="oc-11e">
         <name>.debug_info</name>
         <load_address>0x20cdd</load_address>
         <run_address>0x20cdd</run_address>
         <size>0x185</size>
         <input_file_ref idref="fl-2a"/>
      </object_component>
      <object_component id="oc-95">
         <name>.debug_info</name>
         <load_address>0x20e62</load_address>
         <run_address>0x20e62</run_address>
         <size>0x214</size>
         <input_file_ref idref="fl-2a"/>
      </object_component>
      <object_component id="oc-58">
         <name>.debug_info</name>
         <load_address>0x21076</load_address>
         <run_address>0x21076</run_address>
         <size>0x111</size>
         <input_file_ref idref="fl-2b"/>
      </object_component>
      <object_component id="oc-64">
         <name>.debug_info</name>
         <load_address>0x21187</load_address>
         <run_address>0x21187</run_address>
         <size>0x13f</size>
         <input_file_ref idref="fl-2c"/>
      </object_component>
      <object_component id="oc-27e">
         <name>.debug_info</name>
         <load_address>0x212c6</load_address>
         <run_address>0x212c6</run_address>
         <size>0x355</size>
         <input_file_ref idref="fl-2d"/>
      </object_component>
      <object_component id="oc-1f0">
         <name>.debug_info</name>
         <load_address>0x2161b</load_address>
         <run_address>0x2161b</run_address>
         <size>0x2ef</size>
         <input_file_ref idref="fl-2d"/>
      </object_component>
      <object_component id="oc-2f3">
         <name>.debug_info</name>
         <load_address>0x2190a</load_address>
         <run_address>0x2190a</run_address>
         <size>0x2c</size>
         <input_file_ref idref="fl-2d"/>
      </object_component>
      <object_component id="oc-f5">
         <name>.debug_info</name>
         <load_address>0x21936</load_address>
         <run_address>0x21936</run_address>
         <size>0x145</size>
         <input_file_ref idref="fl-2e"/>
      </object_component>
      <object_component id="oc-2bd">
         <name>.debug_info</name>
         <load_address>0x21a7b</load_address>
         <run_address>0x21a7b</run_address>
         <size>0x28a</size>
         <input_file_ref idref="fl-2f"/>
      </object_component>
      <object_component id="oc-26a">
         <name>.debug_info</name>
         <load_address>0x21d05</load_address>
         <run_address>0x21d05</run_address>
         <size>0x231</size>
         <input_file_ref idref="fl-2f"/>
      </object_component>
      <object_component id="oc-285">
         <name>.debug_info</name>
         <load_address>0x21f36</load_address>
         <run_address>0x21f36</run_address>
         <size>0x284</size>
         <input_file_ref idref="fl-30"/>
      </object_component>
      <object_component id="oc-1f8">
         <name>.debug_info</name>
         <load_address>0x221ba</load_address>
         <run_address>0x221ba</run_address>
         <size>0x22a</size>
         <input_file_ref idref="fl-30"/>
      </object_component>
      <object_component id="oc-214">
         <name>.debug_info</name>
         <load_address>0x223e4</load_address>
         <run_address>0x223e4</run_address>
         <size>0x2be</size>
         <input_file_ref idref="fl-31"/>
      </object_component>
      <object_component id="oc-121">
         <name>.debug_info</name>
         <load_address>0x226a2</load_address>
         <run_address>0x226a2</run_address>
         <size>0x113</size>
         <input_file_ref idref="fl-31"/>
      </object_component>
      <object_component id="oc-20e">
         <name>.debug_info</name>
         <load_address>0x227b5</load_address>
         <run_address>0x227b5</run_address>
         <size>0x21f</size>
         <input_file_ref idref="fl-31"/>
      </object_component>
      <object_component id="oc-2e8">
         <name>.debug_info</name>
         <load_address>0x229d4</load_address>
         <run_address>0x229d4</run_address>
         <size>0x524</size>
         <input_file_ref idref="fl-32"/>
      </object_component>
      <object_component id="oc-278">
         <name>.debug_info</name>
         <load_address>0x22ef8</load_address>
         <run_address>0x22ef8</run_address>
         <size>0x1156</size>
         <input_file_ref idref="fl-32"/>
      </object_component>
      <object_component id="oc-2e9">
         <name>.debug_info</name>
         <load_address>0x2404e</load_address>
         <run_address>0x2404e</run_address>
         <size>0x86</size>
         <input_file_ref idref="fl-32"/>
      </object_component>
      <object_component id="oc-32c">
         <name>.debug_info</name>
         <load_address>0x240d4</load_address>
         <run_address>0x240d4</run_address>
         <size>0x46</size>
         <input_file_ref idref="fl-32"/>
      </object_component>
      <object_component id="oc-2ee">
         <name>.debug_info</name>
         <load_address>0x2411a</load_address>
         <run_address>0x2411a</run_address>
         <size>0x39</size>
         <input_file_ref idref="fl-32"/>
      </object_component>
      <object_component id="oc-327">
         <name>.debug_info</name>
         <load_address>0x24153</load_address>
         <run_address>0x24153</run_address>
         <size>0x2ae</size>
         <input_file_ref idref="fl-33"/>
      </object_component>
      <object_component id="oc-2dc">
         <name>.debug_info</name>
         <load_address>0x24401</load_address>
         <run_address>0x24401</run_address>
         <size>0x171</size>
         <input_file_ref idref="fl-33"/>
      </object_component>
      <object_component id="oc-33e">
         <name>.debug_info</name>
         <load_address>0x24572</load_address>
         <run_address>0x24572</run_address>
         <size>0xee</size>
         <input_file_ref idref="fl-34"/>
      </object_component>
      <object_component id="oc-324">
         <name>.debug_info</name>
         <load_address>0x24660</load_address>
         <run_address>0x24660</run_address>
         <size>0xfa</size>
         <input_file_ref idref="fl-34"/>
      </object_component>
      <object_component id="oc-30e">
         <name>.debug_info</name>
         <load_address>0x2475a</load_address>
         <run_address>0x2475a</run_address>
         <size>0x2e6</size>
         <input_file_ref idref="fl-35"/>
      </object_component>
      <object_component id="oc-2c4">
         <name>.debug_info</name>
         <load_address>0x24a40</load_address>
         <run_address>0x24a40</run_address>
         <size>0x1c2</size>
         <input_file_ref idref="fl-35"/>
      </object_component>
      <object_component id="oc-329">
         <name>.debug_info</name>
         <load_address>0x24c02</load_address>
         <run_address>0x24c02</run_address>
         <size>0x28b</size>
         <input_file_ref idref="fl-36"/>
      </object_component>
      <object_component id="oc-2e3">
         <name>.debug_info</name>
         <load_address>0x24e8d</load_address>
         <run_address>0x24e8d</run_address>
         <size>0x1ab</size>
         <input_file_ref idref="fl-36"/>
      </object_component>
      <object_component id="oc-310">
         <name>.debug_info</name>
         <load_address>0x25038</load_address>
         <run_address>0x25038</run_address>
         <size>0x2d9</size>
         <input_file_ref idref="fl-37"/>
      </object_component>
      <object_component id="oc-2cb">
         <name>.debug_info</name>
         <load_address>0x25311</load_address>
         <run_address>0x25311</run_address>
         <size>0x183</size>
         <input_file_ref idref="fl-37"/>
      </object_component>
      <object_component id="oc-311">
         <name>.debug_info</name>
         <load_address>0x25494</load_address>
         <run_address>0x25494</run_address>
         <size>0x2c</size>
         <input_file_ref idref="fl-37"/>
      </object_component>
      <object_component id="oc-320">
         <name>.debug_info</name>
         <load_address>0x254c0</load_address>
         <run_address>0x254c0</run_address>
         <size>0x316</size>
         <input_file_ref idref="fl-38"/>
      </object_component>
      <object_component id="oc-2d0">
         <name>.debug_info</name>
         <load_address>0x257d6</load_address>
         <run_address>0x257d6</run_address>
         <size>0x1a4</size>
         <input_file_ref idref="fl-38"/>
      </object_component>
      <object_component id="oc-322">
         <name>.debug_info</name>
         <load_address>0x2597a</load_address>
         <run_address>0x2597a</run_address>
         <size>0x28f</size>
         <input_file_ref idref="fl-39"/>
      </object_component>
      <object_component id="oc-2d6">
         <name>.debug_info</name>
         <load_address>0x25c09</load_address>
         <run_address>0x25c09</run_address>
         <size>0x244</size>
         <input_file_ref idref="fl-39"/>
      </object_component>
      <object_component id="oc-2bf">
         <name>.debug_info</name>
         <load_address>0x25e4d</load_address>
         <run_address>0x25e4d</run_address>
         <size>0x182</size>
         <input_file_ref idref="fl-3a"/>
      </object_component>
      <object_component id="oc-31d">
         <name>.debug_info</name>
         <load_address>0x25fcf</load_address>
         <run_address>0x25fcf</run_address>
         <size>0xf3</size>
         <input_file_ref idref="fl-3b"/>
      </object_component>
      <object_component id="oc-317">
         <name>.debug_info</name>
         <load_address>0x260c2</load_address>
         <run_address>0x260c2</run_address>
         <size>0x156</size>
         <input_file_ref idref="fl-3c"/>
      </object_component>
      <object_component id="oc-369">
         <name>.debug_info</name>
         <load_address>0x26218</load_address>
         <run_address>0x26218</run_address>
         <size>0xb8</size>
      </object_component>
      <object_component id="oc-224">
         <name>.debug_line</name>
         <load_address>0x0</load_address>
         <run_address>0x0</run_address>
         <size>0x75</size>
         <input_file_ref idref="fl-2"/>
      </object_component>
      <object_component id="oc-2a">
         <name>.debug_line</name>
         <load_address>0x75</load_address>
         <run_address>0x75</run_address>
         <size>0xaa</size>
         <input_file_ref idref="fl-2"/>
      </object_component>
      <object_component id="oc-a3">
         <name>.debug_line</name>
         <load_address>0x11f</load_address>
         <run_address>0x11f</run_address>
         <size>0x7e</size>
         <input_file_ref idref="fl-2"/>
      </object_component>
      <object_component id="oc-11b">
         <name>.debug_line</name>
         <load_address>0x19d</load_address>
         <run_address>0x19d</run_address>
         <size>0x20</size>
         <input_file_ref idref="fl-2"/>
      </object_component>
      <object_component id="oc-b9">
         <name>.debug_line</name>
         <load_address>0x1bd</load_address>
         <run_address>0x1bd</run_address>
         <size>0x79</size>
         <input_file_ref idref="fl-2"/>
      </object_component>
      <object_component id="oc-130">
         <name>.debug_line</name>
         <load_address>0x236</load_address>
         <run_address>0x236</run_address>
         <size>0x67</size>
         <input_file_ref idref="fl-2"/>
      </object_component>
      <object_component id="oc-be">
         <name>.debug_line</name>
         <load_address>0x29d</load_address>
         <run_address>0x29d</run_address>
         <size>0x7c</size>
         <input_file_ref idref="fl-2"/>
      </object_component>
      <object_component id="oc-178">
         <name>.debug_line</name>
         <load_address>0x319</load_address>
         <run_address>0x319</run_address>
         <size>0x79</size>
         <input_file_ref idref="fl-2"/>
      </object_component>
      <object_component id="oc-228">
         <name>.debug_line</name>
         <load_address>0x392</load_address>
         <run_address>0x392</run_address>
         <size>0x75</size>
         <input_file_ref idref="fl-2"/>
      </object_component>
      <object_component id="oc-157">
         <name>.debug_line</name>
         <load_address>0x407</load_address>
         <run_address>0x407</run_address>
         <size>0x79</size>
         <input_file_ref idref="fl-2"/>
      </object_component>
      <object_component id="oc-af">
         <name>.debug_line</name>
         <load_address>0x480</load_address>
         <run_address>0x480</run_address>
         <size>0x78</size>
         <input_file_ref idref="fl-3"/>
      </object_component>
      <object_component id="oc-1a6">
         <name>.debug_line</name>
         <load_address>0x4f8</load_address>
         <run_address>0x4f8</run_address>
         <size>0x75</size>
         <input_file_ref idref="fl-4"/>
      </object_component>
      <object_component id="oc-83">
         <name>.debug_line</name>
         <load_address>0x56d</load_address>
         <run_address>0x56d</run_address>
         <size>0x289</size>
         <input_file_ref idref="fl-4"/>
      </object_component>
      <object_component id="oc-32">
         <name>.debug_line</name>
         <load_address>0x7f6</load_address>
         <run_address>0x7f6</run_address>
         <size>0x6e</size>
         <input_file_ref idref="fl-4"/>
      </object_component>
      <object_component id="oc-13e">
         <name>.debug_line</name>
         <load_address>0x864</load_address>
         <run_address>0x864</run_address>
         <size>0x79</size>
         <input_file_ref idref="fl-4"/>
      </object_component>
      <object_component id="oc-eb">
         <name>.debug_line</name>
         <load_address>0x8dd</load_address>
         <run_address>0x8dd</run_address>
         <size>0x75</size>
         <input_file_ref idref="fl-4"/>
      </object_component>
      <object_component id="oc-259">
         <name>.debug_line</name>
         <load_address>0x952</load_address>
         <run_address>0x952</run_address>
         <size>0x20</size>
         <input_file_ref idref="fl-5"/>
      </object_component>
      <object_component id="oc-107">
         <name>.debug_line</name>
         <load_address>0x972</load_address>
         <run_address>0x972</run_address>
         <size>0x19e</size>
         <input_file_ref idref="fl-5"/>
      </object_component>
      <object_component id="oc-148">
         <name>.debug_line</name>
         <load_address>0xb10</load_address>
         <run_address>0xb10</run_address>
         <size>0x79</size>
         <input_file_ref idref="fl-5"/>
      </object_component>
      <object_component id="oc-25d">
         <name>.debug_line</name>
         <load_address>0xb89</load_address>
         <run_address>0xb89</run_address>
         <size>0x75</size>
         <input_file_ref idref="fl-5"/>
      </object_component>
      <object_component id="oc-219">
         <name>.debug_line</name>
         <load_address>0xbfe</load_address>
         <run_address>0xbfe</run_address>
         <size>0x20</size>
         <input_file_ref idref="fl-6"/>
      </object_component>
      <object_component id="oc-9d">
         <name>.debug_line</name>
         <load_address>0xc1e</load_address>
         <run_address>0xc1e</run_address>
         <size>0x114</size>
         <input_file_ref idref="fl-6"/>
      </object_component>
      <object_component id="oc-169">
         <name>.debug_line</name>
         <load_address>0xd32</load_address>
         <run_address>0xd32</run_address>
         <size>0x79</size>
         <input_file_ref idref="fl-6"/>
      </object_component>
      <object_component id="oc-16e">
         <name>.debug_line</name>
         <load_address>0xdab</load_address>
         <run_address>0xdab</run_address>
         <size>0x7c</size>
         <input_file_ref idref="fl-6"/>
      </object_component>
      <object_component id="oc-173">
         <name>.debug_line</name>
         <load_address>0xe27</load_address>
         <run_address>0xe27</run_address>
         <size>0x79</size>
         <input_file_ref idref="fl-6"/>
      </object_component>
      <object_component id="oc-21d">
         <name>.debug_line</name>
         <load_address>0xea0</load_address>
         <run_address>0xea0</run_address>
         <size>0x79</size>
         <input_file_ref idref="fl-6"/>
      </object_component>
      <object_component id="oc-12b">
         <name>.debug_line</name>
         <load_address>0xf19</load_address>
         <run_address>0xf19</run_address>
         <size>0x79</size>
         <input_file_ref idref="fl-6"/>
      </object_component>
      <object_component id="oc-d3">
         <name>.debug_line</name>
         <load_address>0xf92</load_address>
         <run_address>0xf92</run_address>
         <size>0x67</size>
         <input_file_ref idref="fl-6"/>
      </object_component>
      <object_component id="oc-1a3">
         <name>.debug_line</name>
         <load_address>0xff9</load_address>
         <run_address>0xff9</run_address>
         <size>0x7e</size>
         <input_file_ref idref="fl-6"/>
      </object_component>
      <object_component id="oc-17d">
         <name>.debug_line</name>
         <load_address>0x1077</load_address>
         <run_address>0x1077</run_address>
         <size>0x79</size>
         <input_file_ref idref="fl-6"/>
      </object_component>
      <object_component id="oc-143">
         <name>.debug_line</name>
         <load_address>0x10f0</load_address>
         <run_address>0x10f0</run_address>
         <size>0x7b</size>
         <input_file_ref idref="fl-6"/>
      </object_component>
      <object_component id="oc-196">
         <name>.debug_line</name>
[...]
      </symbol>
      <symbol id="sm-6e2">
         <name>_pmuEnableCountersGlobal_</name>
         <value>0x108b0</value>
         <object_component_ref idref="oc-e0"/>
      </symbol>
      <symbol id="sm-6e3">
         <name>_pmuDisableCountersGlobal_</name>
         <value>0x108c8</value>
         <object_component_ref idref="oc-e0"/>
      </symbol>
      <symbol id="sm-6e4">
         <name>_pmuStartCounters_</name>
         <value>0x10928</value>
         <object_component_ref idref="oc-e0"/>
      </symbol>
      <symbol id="sm-8a4">
         <name>pbistSelfCheck</name>
         <value>0x82cc</value>
         <object_component_ref idref="oc-7a"/>
      </symbol>
      <symbol id="sm-8a5">
         <name>fmcBus1ParityCheck</name>
         <value>0xa2c4</value>
         <object_component_ref idref="oc-7a"/>
      </symbol>
      <symbol id="sm-8a6">
         <name>can1ParityCheck</name>
         <value>0x9410</value>
         <object_component_ref idref="oc-7a"/>
      </symbol>
      <symbol id="sm-8a7">
         <name>enableParity</name>
         <value>0xaad0</value>
         <object_component_ref idref="oc-7a"/>
      </symbol>
      <symbol id="sm-8a8">
         <name>dmaParityCheck</name>
         <value>0x8eac</value>
         <object_component_ref idref="oc-7a"/>
      </symbol>
      <symbol id="sm-8a9">
         <name>custom_dabort</name>
         <value>0x8df4</value>
         <object_component_ref idref="oc-7a"/>
      </symbol>
      <symbol id="sm-8aa">
         <name>memoryInit</name>
         <value>0x8174</value>
         <object_component_ref idref="oc-7a"/>
      </symbol>
      <symbol id="sm-8ab">
         <name>stcSelfCheck</name>
         <value>0x81b8</value>
         <object_component_ref idref="oc-7a"/>
      </symbol>
      <symbol id="sm-8ac">
         <name>efcGetConfigValue</name>
         <value>0xa660</value>
         <object_component_ref idref="oc-7a"/>
      </symbol>
      <symbol id="sm-8ad">
         <name>can2ParityCheck</name>
         <value>0x94e8</value>
         <object_component_ref idref="oc-7a"/>
      </symbol>
      <symbol id="sm-8ae">
         <name>het1ParityCheck</name>
         <value>0x8f58</value>
         <object_component_ref idref="oc-7a"/>
      </symbol>
      <symbol id="sm-8af">
         <name>adc1ParityCheck</name>
         <value>0x926c</value>
         <object_component_ref idref="oc-7a"/>
      </symbol>
      <symbol id="sm-8b0">
         <name>checkefcSelfTest</name>
         <value>0x87bc</value>
         <object_component_ref idref="oc-7a"/>
      </symbol>
      <symbol id="sm-8b1">
         <name>checkRAMECC</name>
         <value>0x99d0</value>
         <object_component_ref idref="oc-7a"/>
      </symbol>
      <symbol id="sm-8b2">
         <name>stcSelfCheckFail</name>
         <value>0x8df8</value>
         <object_component_ref idref="oc-7a"/>
      </symbol>
      <symbol id="sm-8b3">
         <name>ccmSelfCheck</name>
         <value>0x8030</value>
         <object_component_ref idref="oc-7a"/>
      </symbol>
      <symbol id="sm-8b4">
         <name>efcCheck</name>
         <value>0x8660</value>
         <object_component_ref idref="oc-7a"/>
      </symbol>
      <symbol id="sm-8b5">
         <name>het2ParityCheck</name>
         <value>0x90c0</value>
         <object_component_ref idref="oc-7a"/>
      </symbol>
      <symbol id="sm-8b6">
         <name>adc2ParityCheck</name>
         <value>0x9358</value>
         <object_component_ref idref="oc-7a"/>
      </symbol>
      <symbol id="sm-8b7">
         <name>cpuSelfTest</name>
         <value>0x8234</value>
         <object_component_ref idref="oc-7a"/>
      </symbol>
      <symbol id="sm-8b8">
         <name>htu1ParityCheck</name>
         <value>0x9004</value>
         <object_component_ref idref="oc-7a"/>
      </symbol>
      <symbol id="sm-8b9">
         <name>checkFlashECC</name>
         <value>0x8d18</value>
         <object_component_ref idref="oc-7a"/>
      </symbol>
      <symbol id="sm-8ba">
         <name>cpuSelfTestFail</name>
         <value>0x8dfc</value>
         <object_component_ref idref="oc-7a"/>
      </symbol>
      <symbol id="sm-8bb">
         <name>checkPLL1Slip</name>
         <value>0x9e8c</value>
         <object_component_ref idref="oc-7a"/>
      </symbol>
      <symbol id="sm-8bc">
         <name>mibspi1ParityCheck</name>
         <value>0x9684</value>
         <object_component_ref idref="oc-7a"/>
      </symbol>
      <symbol id="sm-8bd">
         <name>ccmr4GetConfigValue</name>
         <value>0xa6fc</value>
         <object_component_ref idref="oc-7a"/>
      </symbol>
      <symbol id="sm-8be">
         <name>htu2ParityCheck</name>
         <value>0x91bc</value>
         <object_component_ref idref="oc-7a"/>
      </symbol>
      <symbol id="sm-8bf">
         <name>pbistPortTestStatus</name>
         <value>0x8608</value>
         <object_component_ref idref="oc-7a"/>
      </symbol>
      <symbol id="sm-8c0">
         <name>checkFlashEEPROMECC</name>
         <value>0x9cf4</value>
         <object_component_ref idref="oc-7a"/>
      </symbol>
      <symbol id="sm-8c1">
         <name>pbistGetConfigValue</name>
         <value>0xa470</value>
         <object_component_ref idref="oc-7a"/>
      </symbol>
      <symbol id="sm-8c2">
         <name>vimParityCheck</name>
         <value>0x8e00</value>
         <object_component_ref idref="oc-7a"/>
      </symbol>
      <symbol id="sm-8c3">
         <name>pbistIsTestCompleted</name>
         <value>0x85a8</value>
         <object_component_ref idref="oc-7a"/>
      </symbol>
      <symbol id="sm-8c4">
         <name>disableParity</name>
         <value>0xab58</value>
         <object_component_ref idref="oc-7a"/>
      </symbol>
      <symbol id="sm-8c5">
         <name>pbistRun</name>
         <value>0x84ac</value>
         <object_component_ref idref="oc-7a"/>
      </symbol>
      <symbol id="sm-8c6">
         <name>pbistFail</name>
         <value>0xa3ec</value>
         <object_component_ref idref="oc-7a"/>
      </symbol>
      <symbol id="sm-8c7">
         <name>selftestFailNotification</name>
         <value>0x8020</value>
         <object_component_ref idref="oc-7a"/>
      </symbol>
      <symbol id="sm-8c8">
         <name>errata_PBIST_4</name>
         <value>0xa76c</value>
         <object_component_ref idref="oc-7a"/>
      </symbol>
      <symbol id="sm-8c9">
         <name>mibspi3ParityCheck</name>
         <value>0x978c</value>
         <object_component_ref idref="oc-7a"/>
      </symbol>
      <symbol id="sm-8ca">
         <name>efcSelfTest</name>
         <value>0x8794</value>
         <object_component_ref idref="oc-7a"/>
      </symbol>
      <symbol id="sm-8cb">
         <name>checkB1RAMECC</name>
         <value>0x8b28</value>
         <object_component_ref idref="oc-7a"/>
      </symbol>
      <symbol id="sm-8cc">
         <name>pbistStop</name>
         <value>0x8578</value>
         <object_component_ref idref="oc-7a"/>
      </symbol>
      <symbol id="sm-8cd">
         <name>can3ParityCheck</name>
         <value>0x95b0</value>
         <object_component_ref idref="oc-7a"/>
      </symbol>
      <symbol id="sm-8ce">
         <name>checkRAMAddrParity</name>
         <value>0xa050</value>
         <object_component_ref idref="oc-7a"/>
      </symbol>
      <symbol id="sm-8cf">
         <name>mibspi5ParityCheck</name>
         <value>0x98b0</value>
         <object_component_ref idref="oc-7a"/>
      </symbol>
      <symbol id="sm-8d0">
         <name>checkB0RAMECC</name>
         <value>0x8938</value>
         <object_component_ref idref="oc-7a"/>
      </symbol>
      <symbol id="sm-8d1">
         <name>stcGetConfigValue</name>
         <value>0xa5bc</value>
         <object_component_ref idref="oc-7a"/>
      </symbol>
      <symbol id="sm-8d2">
         <name>pbistIsTestPassed</name>
         <value>0x85d4</value>
         <object_component_ref idref="oc-7a"/>
      </symbol>
      <symbol id="sm-8d3">
         <name>checkClockMonitor</name>
         <value>0x9c18</value>
         <object_component_ref idref="oc-7a"/>
      </symbol>
      <symbol id="sm-8d4">
         <name>fmcECCcheck</name>
         <value>0x8898</value>
         <object_component_ref idref="oc-7a"/>
      </symbol>
      <symbol id="sm-8d5">
         <name>fmcBus2Check</name>
         <value>0x885c</value>
         <object_component_ref idref="oc-7a"/>
      </symbol>
      <symbol id="sm-8d6">
         <name>checkRAMUERRTest</name>
         <value>0xa15c</value>
         <object_component_ref idref="oc-7a"/>
      </symbol>
      <symbol id="sm-8d7">
         <name>efcStuckZeroTest</name>
         <value>0x86e8</value>
         <object_component_ref idref="oc-7a"/>
      </symbol>
      <symbol id="sm-8d8">
         <name>checkPLL2Slip</name>
         <value>0x9f8c</value>
         <object_component_ref idref="oc-7a"/>
      </symbol>
      <symbol id="sm-902">
         <name>_c_int00</name>
         <value>0xf810</value>
         <object_component_ref idref="oc-20"/>
      </symbol>
      <symbol id="sm-999">
         <name>vimChannelMap</name>
         <value>0xd37c</value>
         <object_component_ref idref="oc-41"/>
      </symbol>
      <symbol id="sm-99a">
         <name>vimInit</name>
         <value>0xd2a8</value>
         <object_component_ref idref="oc-41"/>
      </symbol>
      <symbol id="sm-99b">
         <name>vimEnableInterrupt</name>
         <value>0xd420</value>
         <object_component_ref idref="oc-41"/>
      </symbol>
      <symbol id="sm-99c">
         <name>vimDisableInterrupt</name>
         <value>0xd578</value>
         <object_component_ref idref="oc-41"/>
      </symbol>
      <symbol id="sm-99d">
         <name>vimGetConfigValue</name>
         <value>0xd5fc</value>
         <object_component_ref idref="oc-41"/>
      </symbol>
      <symbol id="sm-99e">
         <name>vimParityErrorHandler</name>
         <value>0xfaa8</value>
         <object_component_ref idref="oc-40"/>
      </symbol>
      <symbol id="sm-9f8">
         <name>systemGetConfigValue</name>
         <value>0xc0dc</value>
         <object_component_ref idref="oc-74"/>
      </symbol>
      <symbol id="sm-9f9">
         <name>trimLPO</name>
         <value>0xbddc</value>
         <object_component_ref idref="oc-74"/>
      </symbol>
      <symbol id="sm-9fa">
         <name>systemInit</name>
         <value>0xbfe0</value>
         <object_component_ref idref="oc-74"/>
      </symbol>
      <symbol id="sm-9fb">
         <name>tcmflashGetConfigValue</name>
         <value>0xc4f0</value>
         <object_component_ref idref="oc-74"/>
      </symbol>
      <symbol id="sm-9fc">
         <name>sramGetConfigValue</name>
         <value>0xc69c</value>
         <object_component_ref idref="oc-74"/>
      </symbol>
      <symbol id="sm-9fd">
         <name>periphInit</name>
         <value>0xbe64</value>
         <object_component_ref idref="oc-74"/>
      </symbol>
      <symbol id="sm-9fe">
         <name>setupFlash</name>
         <value>0xbe24</value>
         <object_component_ref idref="oc-74"/>
      </symbol>
      <symbol id="sm-9ff">
         <name>setupPLL</name>
         <value>0xbd7c</value>
         <object_component_ref idref="oc-74"/>
      </symbol>
      <symbol id="sm-a00">
         <name>mapClocks</name>
         <value>0xbeb8</value>
         <object_component_ref idref="oc-74"/>
      </symbol>
      <symbol id="sm-a01">
         <name>systemPowerDown</name>
         <value>0xc0ac</value>
         <object_component_ref idref="oc-74"/>
      </symbol>
      <symbol id="sm-a2b">
         <name>__TI_auto_init</name>
         <value>0x10da5</value>
         <object_component_ref idref="oc-86"/>
      </symbol>
      <symbol id="sm-a49">
         <name>__TI_decompress_lzss</name>
         <value>0x10e15</value>
         <object_component_ref idref="oc-e"/>
      </symbol>
      <symbol id="sm-a60">
         <name>__TI_decompress_none</name>
         <value>0x110ad</value>
         <object_component_ref idref="oc-14"/>
      </symbol>
      <symbol id="sm-a72">
         <name>__TI_zero_init</name>
         <value>0x110bb</value>
         <object_component_ref idref="oc-1a"/>
      </symbol>
      <symbol id="sm-a8c">
         <name>copy_in</name>
         <value>0x10fd9</value>
         <object_component_ref idref="oc-ee"/>
      </symbol>
      <symbol id="sm-aad">
         <name>C$$EXIT</name>
         <value>0x10f89</value>
         <object_component_ref idref="oc-92"/>
      </symbol>
      <symbol id="sm-aae">
         <name>abort</name>
         <value>0x10f8d</value>
         <object_component_ref idref="oc-92"/>
      </symbol>
      <symbol id="sm-aaf">
         <name>exit</name>
         <value>0x10f95</value>
         <object_component_ref idref="oc-92"/>
      </symbol>
      <symbol id="sm-ab0">
         <name>__TI_dtors_ptr</name>
         <value>0x8003014</value>
         <object_component_ref idref="oc-11d"/>
      </symbol>
      <symbol id="sm-ab1">
         <name>__TI_cleanup_ptr</name>
         <value>0x8003010</value>
         <object_component_ref idref="oc-11d"/>
      </symbol>
      <symbol id="sm-ab2">
         <name>__TI_enable_exit_profile_output</name>
         <value>0x8003018</value>
         <object_component_ref idref="oc-11d"/>
      </symbol>
      <symbol id="sm-acd">
         <name>memcpy</name>
         <value>0x10c19</value>
         <object_component_ref idref="oc-57"/>
      </symbol>
      <symbol id="sm-ace">
         <name>__aeabi_memcpy</name>
         <value>0x10c19</value>
         <object_component_ref idref="oc-57"/>
      </symbol>
      <symbol id="sm-acf">
         <name>__aeabi_memcpy8</name>
         <value>0x10c19</value>
         <object_component_ref idref="oc-57"/>
      </symbol>
      <symbol id="sm-ad0">
         <name>__aeabi_memcpy4</name>
         <value>0x10c19</value>
         <object_component_ref idref="oc-57"/>
      </symbol>
      <symbol id="sm-adf">
         <name>__aeabi_memset</name>
         <value>0x10cb7</value>
         <object_component_ref idref="oc-63"/>
      </symbol>
      <symbol id="sm-ae0">
         <name>memset</name>
         <value>0x10cbd</value>
         <object_component_ref idref="oc-63"/>
      </symbol>
      <symbol id="sm-ae1">
         <name>__aeabi_memset8</name>
         <value>0x10cb7</value>
         <object_component_ref idref="oc-63"/>
      </symbol>
      <symbol id="sm-ae2">
         <name>__aeabi_memset4</name>
         <value>0x10cb7</value>
         <object_component_ref idref="oc-63"/>
      </symbol>
      <symbol id="sm-ae3">
         <name>__aeabi_memclr8</name>
         <value>0x10cb5</value>
         <object_component_ref idref="oc-63"/>
      </symbol>
      <symbol id="sm-ae4">
         <name>__aeabi_memclr4</name>
         <value>0x10cb5</value>
         <object_component_ref idref="oc-63"/>
      </symbol>
      <symbol id="sm-ae5">
         <name>__aeabi_memclr</name>
         <value>0x10cb5</value>
         <object_component_ref idref="oc-63"/>
      </symbol>
      <symbol id="sm-afe">
         <name>sprintf</name>
         <value>0x10e81</value>
         <object_component_ref idref="oc-1ef"/>
      </symbol>
      <symbol id="sm-b08">
         <name>_system_post_cinit</name>
         <value>0xbd7b</value>
         <object_component_ref idref="oc-f4"/>
      </symbol>
      <symbol id="sm-b16">
         <name>strcpy</name>
         <value>0x11099</value>
         <object_component_ref idref="oc-269"/>
      </symbol>
      <symbol id="sm-b24">
         <name>strlen</name>
         <value>0x1106f</value>
         <object_component_ref idref="oc-1f5"/>
      </symbol>
      <symbol id="sm-b3d">
         <name>_nop</name>
         <value>0x11093</value>
         <object_component_ref idref="oc-20c"/>
      </symbol>
      <symbol id="sm-b3e">
         <name>_lock</name>
         <value>0x800301c</value>
         <object_component_ref idref="oc-120"/>
      </symbol>
      <symbol id="sm-b3f">
         <name>_unlock</name>
         <value>0x8003020</value>
         <object_component_ref idref="oc-120"/>
      </symbol>
      <symbol id="sm-b40">
         <name>_register_lock</name>
         <value>0x1108b</value>
         <object_component_ref idref="oc-20c"/>
      </symbol>
      <symbol id="sm-b41">
         <name>_register_unlock</name>
         <value>0x11085</value>
         <object_component_ref idref="oc-20c"/>
      </symbol>
      <symbol id="sm-c35">
         <name>__TI_printfi</name>
         <value>0xb4c1</value>
         <object_component_ref idref="oc-277"/>
      </symbol>
      <symbol id="sm-c4a">
         <name>atoi</name>
         <value>0x10f39</value>
         <object_component_ref idref="oc-2db"/>
      </symbol>
      <symbol id="sm-c55">
         <name>_ctypes_</name>
         <value>0x1124c</value>
         <object_component_ref idref="oc-323"/>
      </symbol>
      <symbol id="sm-c64">
         <name>ltoa</name>
         <value>0x10ee5</value>
         <object_component_ref idref="oc-2c3"/>
      </symbol>
      <symbol id="sm-c74">
         <name>memccpy</name>
         <value>0x11025</value>
         <object_component_ref idref="oc-2e1"/>
      </symbol>
      <symbol id="sm-c8d">
         <name>frexpl</name>
         <value>0x10d31</value>
         <object_component_ref idref="oc-2c9"/>
      </symbol>
      <symbol id="sm-c8e">
         <name>frexp</name>
         <value>0x10d31</value>
         <object_component_ref idref="oc-2c9"/>
      </symbol>
      <symbol id="sm-cac">
         <name>scalbn</name>
         <value>0x1096d</value>
         <object_component_ref idref="oc-2cf"/>
      </symbol>
      <symbol id="sm-cad">
         <name>scalbnl</name>
         <value>0x1096d</value>
         <object_component_ref idref="oc-2cf"/>
      </symbol>
      <symbol id="sm-cae">
         <name>ldexpl</name>
         <value>0x1096d</value>
         <object_component_ref idref="oc-2cf"/>
      </symbol>
      <symbol id="sm-caf">
         <name>ldexp</name>
         <value>0x1096d</value>
         <object_component_ref idref="oc-2cf"/>
      </symbol>
      <symbol id="sm-cbf">
         <name>strchr</name>
         <value>0x11059</value>
         <object_component_ref idref="oc-2d5"/>
      </symbol>
      <symbol id="sm-cdb">
         <name>__aeabi_uldivmod</name>
         <value>0xf558</value>
         <object_component_ref idref="oc-2be"/>
      </symbol>
      <symbol id="sm-ce3">
         <name>errno</name>
         <value>0x8003024</value>
         <object_component_ref idref="oc-31c"/>
      </symbol>
      <symbol id="sm-ced">
         <name>copysign</name>
         <value>0x11041</value>
         <object_component_ref idref="oc-316"/>
      </symbol>
      <symbol id="sm-cee">
         <name>copysignl</name>
         <value>0x11041</value>
         <object_component_ref idref="oc-316"/>
      </symbol>
      <symbol id="sm-cef">
         <name>__TI_static_base__</name>
         <value>0x0</value>
      </symbol>
      <symbol id="sm-cf3">
         <name>SHT$$INIT_ARRAY$$Base</name>
         <value>0x0</value>
      </symbol>
      <symbol id="sm-cf4">
         <name>SHT$$INIT_ARRAY$$Limit</name>
         <value>0x0</value>
      </symbol>
   </symbol_table>
   <title>Link successful</title>
</link_info>
