******************************************************************************
                  TI ARM Linker PC v16.9.6                     
******************************************************************************
>> Linked Mon Apr 23 18:57:33 2018

OUTPUT FILE NAME:   <free_rtos_matlab.out>
ENTRY POINT SYMBOL: "_c_int00"  address: 000105ec


MEMORY CONFIGURATION

         name            origin    length      used     unused   attr    fill
----------------------  --------  ---------  --------  --------  ----  --------
  VECTORS               00000000   00000020  00000020  00000000     X
  KERNEL                00000020   00008000  00004a18  000035e8  R  X
  FLASH0                00008020   00177fe0  0000acd4  0016d30c  R  X
  FLASH1                00180000   00180000  00000000  00180000  R  X
  STACKS                08000000   00000800  00000000  00000800  RW  
  KRAM                  08000800   00000800  00000188  00000678  RW  
  RAM                   08001000   0003f000  00002452  0003cbae  RW  


SEGMENT ALLOCATION MAP

run origin  load origin   length   init length attrs members
----------  ----------- ---------- ----------- ----- -------
00000000    00000000    00004158   00004158    r-x
  00000000    00000000    00000020   00000020    r-x .intvecs
  00000020    00000020    00004138   00004138    r-x .kernelTEXT
00004158    00004158    00000800   00000000    rw-
  00004158    00004158    00000800   00000000    rw- .sysmem
00004958    00004958    000000e0   000000e0    r--
  00004958    00004958    000000e0   000000e0    r-- .cinit
00008020    00008020    0000acd4   0000acd4    r-x
  00008020    00008020    0000aa4c   0000aa4c    r-x .text
  00012a6c    00012a6c    00000288   00000288    r-- .const
08000800    08000800    00000188   00000000    rw-
  08000800    08000800    00000188   00000000    rw- .kernelBSS
08001000    08001000    00002452   00000000    rw-
  08001000    08001000    00002000   00000000    rw- .kernelHEAP
  08003000    08003000    00000230   00000000    rw- .bss
  08003230    08003230    00000222   00000000    rw- .data


SECTION ALLOCATION MAP

 output                                  attributes/
section   page    origin      length       input sections
--------  ----  ----------  ----------   ----------------
.intvecs   0    00000000    00000020     
                  00000000    00000020     sys_intvecs.obj (.intvecs)

.kernelTEXT 
*          0    00000020    00004138     
                  00000020    00002384     os_tasks.obj (.kernelTEXT)
                  000023a4    00001180     os_queue.obj (.kernelTEXT)
                  00003524    000004b0     os_portasm.obj (.kernelTEXT)
                  000039d4    000003e0     os_port.obj (.kernelTEXT)
                  00003db4    000003a4     os_heap.obj (.kernelTEXT)

.cinit     0    00004958    000000e0     
                  00004958    0000008e     (.cinit..data.load) [load image, compression = lzss]
                  000049e6    00000013     (.cinit..kernelBSS.load) [load image, compression = lzss]
                  000049f9    00000003     --HOLE-- [fill = 0]
                  000049fc    0000000c     (__TI_handler_table)
                  00004a08    00000008     (.cinit..bss.load) [load image, compression = zero_init]
                  00004a10    00000008     (.cinit..kernelHEAP.load) [load image, compression = zero_init]
                  00004a18    00000020     (__TI_cinit_table)

.sysmem    0    00004158    00000800     UNINITIALIZED
                  00004158    00000008     rtsv7R4_T_be_v3D16_eabi.lib : memory.obj (.sysmem)
                  00004160    000007f8     --HOLE--

.text      0    00008020    0000aa4c     
                  00008020    00002cdc     sys_selftest.obj (.text)
                  0000acfc    0000107e     rtsv7R4_T_be_v3D16_eabi.lib : _printfi.obj (.text)
                  0000bd7a    00000002                                 : i_div0.obj (.text)
                  0000bd7c    00000fc8     os_tasks.obj (.text)
                  0000cd44    00000b28     system.obj (.text)
                  0000d86c    0000089c     sys_vim.obj (.text)
                  0000e108    00000638     pinmux.obj (.text)
                  0000e740    000005e0     os_mpu_wrappers.obj (.text)
                  0000ed20    000005d8     esm.obj (.text)
                  0000f2f8    00000484     gio.obj (.text)
                  0000f77c    00000414     sys_main.obj (.text)
                  0000fb90    000003d8     rtsv7R4_T_be_v3D16_eabi.lib : memory.obj (.text)
                  0000ff68    000003cc     sys_core.obj (.text)
                  00010334    000002b8     rtsv7R4_T_be_v3D16_eabi.lib : ull_div32.obj (.text)
                  000105ec    00000298     sys_startup.obj (.text:retain)
                  00010884    00000294     sys_vim.obj (.text:retain)
                  00010b18    00000284     os_heap.obj (.text)
                  00010d9c    00000238     os_list.obj (.text)
                  00010fd4    00000200     can.obj (.text:retain)
                  000111d4    000001c8     rtsv7R4_T_be_v3D16_eabi.lib : fopen.obj (.text)
                  0001139c    000001b4     os_port.obj (.text)
                  00011550    00000138     rtsv7R4_T_be_v3D16_eabi.lib : fputs.obj (.text)
                  00011688    00000114     esm.obj (.text:retain)
                  0001179c    00000110     sys_pmu.obj (.text)
                  000118ac    000000f4     rtsv7R4_T_be_v3D16_eabi.lib : s_scalbn.obj (.text)
                  000119a0    000000e8     dabort.obj (.text)
                  00011a88    000000dc     rtsv7R4_T_be_v3D16_eabi.lib : setvbuf.obj (.text)
                  00011b64    000000d0     notification.obj (.text)
                  00011c34    000000cc     rtsv7R4_T_be_v3D16_eabi.lib : fflush.obj (.text)
                  00011d00    000000bc                                 : open.obj (.text)
                  00011dbc    000000ae                                 : _io_perm.obj (.text)
                  00011e6a    0000009c                                 : memcpy_t2.obj (.text)
                  00011f06    00000002                                 : startup.obj (.text)
                  00011f08    00000098                                 : fclose.obj (.text)
                  00011fa0    00000098                                 : fputc.obj (.text)
                  00012038    0000007a                                 : memset_t2.obj (.text)
                  000120b2    00000002     --HOLE-- [fill = 0]
                  000120b4    00000074                                 : getdevice.obj (.text)
                  00012128    00000074                                 : s_frexp.obj (.text)
                  0001219c    00000070                                 : autoinit.obj (.text)
                  0001220c    00000070                                 : printf.obj (.text)
                  0001227c    0000006c                                 : copy_decompress_lzss.obj (.text:decompress:lzss)
                  000122e8    0000006c                                 : fprintf.obj (.text)
                  00012354    0000006c                                 : trgmsg.obj (.text)
                  000123c0    00000068                                 : hostlseek.obj (.text)
                  00012428    00000068                                 : hostrename.obj (.text)
                  00012490    00000064                                 : fseek.obj (.text)
                  000124f4    00000064                                 : sprintf.obj (.text)
                  00012558    0000005c                                 : hostopen.obj (.text)
                  000125b4    0000005c                                 : hostread.obj (.text)
                  00012610    00000058                                 : close.obj (.text)
                  00012668    00000058                                 : hostwrite.obj (.text)
                  000126c0    00000054                                 : ltoa.obj (.text)
                  00012714    00000050                                 : atoi.obj (.text)
                  00012764    00000050                                 : exit.obj (.text)
                  000127b4    00000050                                 : u_div32.obj (.text)
                  00012804    0000004c                                 : cpy_tbl.obj (.text)
                  00012850    00000044                                 : hostclose.obj (.text)
                  00012894    00000044                                 : hostunlink.obj (.text)
                  000128d8    00000036                                 : strncpy.obj (.text)
                  0001290e    00000002     --HOLE-- [fill = 0]
                  00012910    0000002c                                 : unlink.obj (.text)
                  0001293c    00000028                                 : lseek.obj (.text)
                  00012964    00000028                                 : write.obj (.text)
                  0001298c    00000020                                 : memchr.obj (.text)
                  000129ac    0000001c                                 : memccpy.obj (.text)
                  000129c8    00000018                                 : s_copysign.obj (.text)
                  000129e0    00000018                                 : strcmp.obj (.text)
                  000129f8    00000016                                 : strchr.obj (.text)
                  00012a0e    00000016                                 : strlen.obj (.text)
                  00012a24    00000014                                 : _lock.obj (.text)
                  00012a38    00000014                                 : strcpy.obj (.text)
                  00012a4c    0000000e                                 : copy_decompress_none.obj (.text:decompress:none)
                  00012a5a    0000000c                                 : copy_zero_init.obj (.text:decompress:ZI)
                  00012a66    00000002     --HOLE-- [fill = 0]
                  00012a68    00000004     sys_phantom.obj (.text:retain)

.const     0    00012a6c    00000288     
                  00012a6c    00000180     sys_vim.obj (.const:s_vim_init)
                  00012bec    00000101     rtsv7R4_T_be_v3D16_eabi.lib : ctype.obj (.const:.string:_ctypes_)
                  00012ced    00000003     --HOLE-- [fill = 0]
                  00012cf0    00000004     os_heap.obj (.const)

.kernelBSS 
*          0    08000800    00000188     UNINITIALIZED
                  08000800    00000148     os_tasks.obj (.kernelBSS:uninit)
                  08000948    00000038     os_tasks.obj (.kernelBSS:init)
                  08000980    00000008     os_port.obj (.kernelBSS)

.kernelHEAP 
*          0    08001000    00002000     UNINITIALIZED
                  08001000    00002000     os_heap.obj (.kernelHEAP)

.bss       0    08003000    00000230     UNINITIALIZED
                  08003000    00000120     rtsv7R4_T_be_v3D16_eabi.lib : trgmsg.obj (.bss:_CIOBUF_)
                  08003120    000000a0     (.common:__TI_tmpnams)
                  080031c0    00000010     (.common:para1)
                  080031d0    00000010     (.common:para2)
                  080031e0    00000010     (.common:para3)
                  080031f0    00000010     (.common:para4)
                  08003200    00000010     (.common:para5)
                  08003210    00000008     os_heap.obj (.bss:xStart)
                  08003218    00000008     (.common:parmbuf)
                  08003220    00000004     (.common:T1Tcb)
                  08003224    00000004     (.common:T2Tcb)
                  08003228    00000004     (.common:T3Tcb)
                  0800322c    00000004     (.common:critical_time_instance)

.data      0    08003230    00000222     UNINITIALIZED
                  08003230    000000f0     rtsv7R4_T_be_v3D16_eabi.lib : defs.obj (.data:_ftable)
                  08003320    00000078                                 : write.obj (.data:_device)
                  08003398    00000050                                 : write.obj (.data:_stream)
                  080033e8    0000001c     sys_main.obj (.data)
                  08003404    00000010     os_heap.obj (.data)
                  08003414    00000010     rtsv7R4_T_be_v3D16_eabi.lib : defs.obj (.data)
                  08003424    0000000c                                 : exit.obj (.data:$O1$$)
                  08003430    0000000c                                 : memory.obj (.data:$O1$$)
                  0800343c    00000008                                 : _lock.obj (.data:$O1$$)
                  08003444    00000004                                 : errno.obj (.data)
                  08003448    00000004                                 : fopen.obj (.data)
                  0800344c    00000004                                 : open.obj (.data)
                  08003450    00000002     os_tasks.obj (.data)

MODULE SUMMARY

       Module                     code    ro data   rw data
       ------                     ----    -------   -------
    .\source\
       os_tasks.obj               13132   0         390    
       sys_selftest.obj           11484   0         0      
       os_heap.obj                1576    4         8216   
       os_queue.obj               4480    0         0      
       sys_vim.obj                2864    384       0      
       system.obj                 2856    0         0      
       esm.obj                    1772    0         0      
       pinmux.obj                 1592    0         0      
       os_mpu_wrappers.obj        1504    0         0      
       os_port.obj                1428    0         8      
       os_portasm.obj             1200    0         0      
       sys_main.obj               1044    0         120    
       gio.obj                    1156    0         0      
       sys_core.obj               972     0         0      
       sys_startup.obj            664     0         0      
       os_list.obj                568     0         0      
       can.obj                    512     0         0      
       sys_pmu.obj                272     0         0      
       dabort.obj                 232     0         0      
       notification.obj           208     0         0      
       sys_intvecs.obj            32      0         0      
       sys_phantom.obj            4       0         0      
    +--+--------------------------+-------+---------+---------+
       Total:                     49552   388       8734   
                                                           
    D:/RTOS/ccsv7/tools/compiler/ti-cgt-arm_16.9.6.LTS/lib/rtsv7R4_T_be_v3D16_eabi.lib
       _printfi.obj               4222    0         0      
       memory.obj                 984     0         12     
       ull_div32.obj              696     0         0      
       fopen.obj                  456     0         4      
       defs.obj                   0       0         416    
       trgmsg.obj                 108     0         288    
       fputs.obj                  312     0         0      
       ctype.obj                  0       257       0      
       s_scalbn.obj               244     0         0      
       write.obj                  40      0         200    
       setvbuf.obj                220     0         0      
       fflush.obj                 204     0         0      
       open.obj                   188     0         4      
       _io_perm.obj               174     0         0      
       memcpy_t2.obj              156     0         0      
       fclose.obj                 152     0         0      
       fputc.obj                  152     0         0      
       memset_t2.obj              122     0         0      
       getdevice.obj              116     0         0      
       s_frexp.obj                116     0         0      
       autoinit.obj               112     0         0      
       printf.obj                 112     0         0      
       copy_decompress_lzss.obj   108     0         0      
       fprintf.obj                108     0         0      
       hostlseek.obj              104     0         0      
       hostrename.obj             104     0         0      
       fseek.obj                  100     0         0      
       hostopen.obj               92      0         8      
       sprintf.obj                100     0         0      
       exit.obj                   80      0         12     
       hostread.obj               92      0         0      
       close.obj                  88      0         0      
       hostwrite.obj              88      0         0      
       ltoa.obj                   84      0         0      
       atoi.obj                   80      0         0      
       u_div32.obj                80      0         0      
       cpy_tbl.obj                76      0         0      
       hostclose.obj              68      0         0      
       hostunlink.obj             68      0         0      
       strncpy.obj                54      0         0      
       unlink.obj                 44      0         0      
       lseek.obj                  40      0         0      
       memchr.obj                 32      0         0      
       _lock.obj                  20      0         8      
       memccpy.obj                28      0         0      
       s_copysign.obj             24      0         0      
       strcmp.obj                 24      0         0      
       strchr.obj                 22      0         0      
       strlen.obj                 22      0         0      
       strcpy.obj                 20      0         0      
       copy_decompress_none.obj   14      0         0      
       copy_zero_init.obj         12      0         0      
       errno.obj                  0       0         4      
       i_div0.obj                 2       0         0      
       startup.obj                2       0         0      
    +--+--------------------------+-------+---------+---------+
       Total:                     10766   257       956    
                                                           
       Heap:                      0       0         2048   
       Linker Generated:          0       221       0      
    +--+--------------------------+-------+---------+---------+
       Grand Total:               60318   866       11738  


LINKER GENERATED COPY TABLES

__TI_cinit_table @ 00004a18 records: 4, size/record: 8, table size: 32
	.data: load addr=00004958, load size=0000008e bytes, run addr=08003230, run size=00000222 bytes, compression=lzss
	.kernelBSS: load addr=000049e6, load size=00000013 bytes, run addr=08000800, run size=00000188 bytes, compression=lzss
	.bss: load addr=00004a08, load size=00000008 bytes, run addr=08003000, run size=00000230 bytes, compression=zero_init
	.kernelHEAP: load addr=00004a10, load size=00000008 bytes, run addr=08001000, run size=00002000 bytes, compression=zero_init


LINKER GENERATED HANDLER TABLE

__TI_handler_table @ 000049fc records: 3, size/record: 4, table size: 12
	index: 0, handler: __TI_decompress_lzss
	index: 1, handler: __TI_decompress_none
	index: 2, handler: __TI_zero_init


GLOBAL SYMBOLS: SORTED ALPHABETICALLY BY Name 

address   name                                     
-------   ----                                     
00012765  C$$EXIT                                  
00012387  C$$IO$$                                  
0000f7e0  CAWarningTask                            
00012851  HOSTclose                                
000123c1  HOSTlseek                                
00012559  HOSTopen                                 
000125b5  HOSTread                                 
00012429  HOSTrename                               
00012895  HOSTunlink                               
00012669  HOSTwrite                                
0000ec70  MPU_pvPortMalloc                         
0000eb34  MPU_uxQueueMessagesWaiting               
0000e9b0  MPU_uxTaskGetNumberOfTasks               
0000ea34  MPU_uxTaskGetStackHighWaterMark          
0000e874  MPU_uxTaskPriorityGet                    
0000eca4  MPU_vPortFree                            
0000ecd0  MPU_vPortInitialiseBlocks                
0000ebbc  MPU_vQueueDelete                         
0000e7b4  MPU_vTaskAllocateMPURegions              
0000e848  MPU_vTaskDelay                           
0000e814  MPU_vTaskDelayUntil                      
0000e7e8  MPU_vTaskDelete                          
0000ea08  MPU_vTaskGetRunTimeStats                 
0000e9dc  MPU_vTaskList                            
0000e8a8  MPU_vTaskPrioritySet                     
0000e908  MPU_vTaskResume                          
0000e8dc  MPU_vTaskSuspend                         
0000e934  MPU_vTaskSuspendAll                      
0000ecf4  MPU_xPortGetFreeHeapSize                 
0000ea94  MPU_xQueueGenericCreate                  
0000eb68  MPU_xQueueGenericReceive                 
0000ebe8  MPU_xQueueGenericReset                   
0000eae0  MPU_xQueueGenericSend                    
0000ec2c  MPU_xQueuePeekFromISR                    
0000e740  MPU_xTaskGenericCreate                   
0000ea68  MPU_xTaskGetSchedulerState               
0000e984  MPU_xTaskGetTickCount                    
0000e958  MPU_xTaskResumeAll                       
UNDEFED   SHT$$INIT_ARRAY$$Base                    
UNDEFED   SHT$$INIT_ARRAY$$Limit                   
08003220  T1Tcb                                    
08003224  T2Tcb                                    
08003228  T3Tcb                                    
08003000  __CIOBUF_                                
00000800  __SYSMEM_SIZE                            
00004a18  __TI_CINIT_Base                          
00004a38  __TI_CINIT_Limit                         
000049fc  __TI_Handler_Table_Base                  
00004a08  __TI_Handler_Table_Limit                 
0001032c  __TI_PINIT_Base                          
00010330  __TI_PINIT_Limit                         
0001219d  __TI_auto_init                           
0001129f  __TI_cleanup                             
08003424  __TI_cleanup_ptr                         
00011f09  __TI_closefile                           
0001227d  __TI_decompress_lzss                     
00012a4d  __TI_decompress_none                     
00011c35  __TI_doflush                             
08003428  __TI_dtors_ptr                           
0800342c  __TI_enable_exit_profile_output          
08003414  __TI_ft_end                              
ffffffff  __TI_pprof_out_hndl                      
0000b4c1  __TI_printfi                             
ffffffff  __TI_prof_data_size                      
ffffffff  __TI_prof_data_start                     
00011e21  __TI_rd_ok                               
0001238b  __TI_readmsg                             
00000000  __TI_static_base__                       
08003120  __TI_tmpnams                             
00012355  __TI_writemsg                            
00011dbd  __TI_wrt_ok                              
00012a5b  __TI_zero_init                           
0000bd7b  __aeabi_idiv0                            
00012039  __aeabi_memclr                           
00012039  __aeabi_memclr4                          
00012039  __aeabi_memclr8                          
00011e6b  __aeabi_memcpy                           
00011e6b  __aeabi_memcpy4                          
00011e6b  __aeabi_memcpy8                          
0001203b  __aeabi_memset                           
0001203b  __aeabi_memset4                          
0001203b  __aeabi_memset8                          
08003420  __aeabi_stderr                           
08003418  __aeabi_stdin                            
0800341c  __aeabi_stdout                           
000127b4  __aeabi_uidiv                            
000127b4  __aeabi_uidivmod                         
00010334  __aeabi_uldivmod                         
ffffffff  __binit__                                
ffffffff  __c_args__                               
000105ec  _c_int00                                 
00010224  _coreClearAuxiliaryDataFault_            
00010240  _coreClearAuxiliaryInstructionFault_     
000101ec  _coreClearDataFaultAddress_              
000101b4  _coreClearDataFault_                     
00010208  _coreClearInstructionFaultAddress_       
000101d0  _coreClearInstructionFault_              
00010118  _coreDisableEventBusExport_              
0001017c  _coreDisableFlashEcc_                    
00010148  _coreDisableRamEcc_                      
00010100  _coreEnableEventBusExport_               
00010160  _coreEnableFlashEcc_                     
00010194  _coreEnableIrqVicOffset_                 
00010130  _coreEnableRamEcc_                       
000100e0  _coreEnableVfp_                          
0001021c  _coreGetAuxiliaryDataFault_              
00010238  _coreGetAuxiliaryInstructionFault_       
000101e4  _coreGetDataFaultAddress_                
000101ac  _coreGetDataFault_                       
00010200  _coreGetInstructionFaultAddress_         
000101c8  _coreGetInstructionFault_                
0000ff68  _coreInitRegisters_                      
00010074  _coreInitStackPointer_                   
00012bec  _ctypes_                                 
000119a0  _dabort                                  
08003320  _device                                  
0001025c  _disable_FIQ_interrupt_                  
00010264  _disable_IRQ_interrupt_                  
00010254  _disable_interrupt_                      
0001026c  _enable_interrupt_                       
000102fc  _errata_CORTEXR4_57_                     
00010314  _errata_CORTEXR4_66_                     
00010274  _esmCcmErrorsClear_                      
08003230  _ftable                                  
000100c0  _getCPSRValue_                           
000100c8  _gotoCPUIdle_                            
0800343c  _lock                                    
00012a33  _nop                                     
00011808  _pmuDisableCountersGlobal_               
000117f0  _pmuEnableCountersGlobal_                
00011884  _pmuGetCycleCount_                       
0001188c  _pmuGetEventCount_                       
00011898  _pmuGetOverflow_                         
0001179c  _pmuInit_                                
00011850  _pmuResetCounters_                       
00011820  _pmuResetCycleCounter_                   
00011838  _pmuResetEventCounters_                  
00011878  _pmuSetCountEvent_                       
00011868  _pmuStartCounters_                       
00011870  _pmuStopCounters_                        
00012a2b  _register_lock                           
00012a25  _register_unlock                         
08003398  _stream                                  
00004158  _sys_memory                              
00011f07  _system_post_cinit                       
08003440  _unlock                                  
00012769  abort                                    
0000926c  adc1ParityCheck                          
00009358  adc2ParityCheck                          
00012715  atoi                                     
ffffffff  binit                                    
0000ff37  calloc                                   
00010fd4  can1HighLevelInterrupt                   
00009410  can1ParityCheck                          
000110bc  can2HighLevelInterrupt                   
000094e8  can2ParityCheck                          
000095b0  can3ParityCheck                          
00011bbc  canErrorNotification                     
00011be4  canMessageNotification                   
00011bd0  canStatusChangeNotification              
00008030  ccmSelfCheck                             
0000a6fc  ccmr4GetConfigValue                      
00008938  checkB0RAMECC                            
00008b28  checkB1RAMECC                            
00009c18  checkClockMonitor                        
00008d18  checkFlashECC                            
00009cf4  checkFlashEEPROMECC                      
00009e8c  checkPLL1Slip                            
00009f8c  checkPLL2Slip                            
0000a050  checkRAMAddrParity                       
000099d0  checkRAMECC                              
0000a15c  checkRAMUERRTest                         
0000be70  check_schedulability                     
000087bc  checkefcSelfTest                         
00012611  close                                    
00012805  copy_in                                  
000129c9  copysign                                 
000129c9  copysignl                                
00008234  cpuSelfTest                              
00008dfc  cpuSelfTestFail                          
0800322c  critical_time_instance                   
00008df4  custom_dabort                            
0000f860  custom_task1                             
0000f88c  custom_task2                             
0000f8b8  custom_task3                             
0000c288  delete_all_low_tasks_from                
0000ab58  disableParity                            
00011c20  dmaGroupANotification                    
00008eac  dmaParityCheck                           
00008660  efcCheck                                 
0000a660  efcGetConfigValue                        
00008794  efcSelfTest                              
000086e8  efcStuckZeroTest                         
0000aad0  enableParity                             
0000a76c  errata_PBIST_4                           
08003444  errno                                    
0000eeac  esmActivateNormalOperation               
0000ef90  esmClearStatus                           
0000efd4  esmClearStatusBuffer                     
0000ee70  esmDisableError                          
0000eee8  esmDisableInterrupt                      
0000ee44  esmEnableError                           
0000eebc  esmEnableInterrupt                       
0000f0cc  esmEnterSelfTest                         
0000ee28  esmError                                 
0000f1a4  esmGetConfigValue                        
0000f010  esmGetStatus                             
0000f094  esmGetStatusBuffer                       
00011b64  esmGroup1Notification                    
00011b74  esmGroup2Notification                    
00011688  esmHighInterrupt                         
0000ed20  esmInit                                  
0000f154  esmSelfTestStatus                        
0000eff0  esmSetCounterPreloadValue                
0000ef14  esmSetInterruptLevel                     
0000ee9c  esmTriggerErrorPinReset                  
00012771  exit                                     
00011f6f  fclose                                   
00011c81  fflush                                   
000120b5  finddevice                               
0000a2c4  fmcBus1ParityCheck                       
0000885c  fmcBus2Check                             
00008898  fmcECCcheck                              
000112f5  fopen                                    
000122f1  fprintf                                  
00011fa1  fputc                                    
00011551  fputs                                    
0000fc79  free                                     
000112cb  freopen                                  
00012129  frexp                                    
00012129  frexpl                                   
00012491  fseek                                    
0000f900  getProfilerTimerCount                    
000120e3  getdevice                                
0000f558  gioDisableNotification                   
0000f4f0  gioEnableNotification                    
0000f458  gioGetBit                                
0000f5c0  gioGetConfigValue                        
0000f480  gioGetPort                               
0000f2f8  gioInit                                  
00011bf8  gioNotification                          
0000f3e8  gioSetBit                                
0000f3c8  gioSetDirection                          
0000f438  gioSetPort                               
0000f498  gioToggleBit                             
00008f58  het1ParityCheck                          
000090c0  het2ParityCheck                          
0000f820  hillAssistTask                           
00009004  htu1ParityCheck                          
000091bc  htu2ParityCheck                          
080033f0  impicit_deadline1                        
080033f4  impicit_deadline2                        
080033f8  impicit_deadline3                        
080033fc  impicit_deadline4                        
08003400  impicit_deadline5                        
0000f8e4  initializeProfiler                       
080033ec  intindexreg                              
080033e8  intvectreg                               
08003451  job_interrupted                          
000118ad  ldexp                                    
000118ad  ldexpl                                   
0001293d  lseek                                    
000126c1  ltoa                                     
0000f90c  main                                     
0000f77c  make_capacity                            
0000fc0f  malloc                                   
0000ce80  mapClocks                                
0000fe45  memalign                                 
000129ad  memccpy                                  
0001298d  memchr                                   
00011e6b  memcpy                                   
00008174  memoryInit                               
00011b84  memoryPort0TestFailNotification          
00011ba0  memoryPort1TestFailNotification          
00012041  memset                                   
00009684  mibspi1ParityCheck                       
0000978c  mibspi3ParityCheck                       
000098b0  mibspi5ParityCheck                       
0000fb91  minit                                    
08003450  mode                                     
0000e108  muxInit                                  
00011d01  open                                     
080031c0  para1                                    
080031d0  para2                                    
080031e0  para3                                    
080031f0  para4                                    
08003200  para5                                    
08003218  parmbuf                                  
0000a3ec  pbistFail                                
0000a470  pbistGetConfigValue                      
000085a8  pbistIsTestCompleted                     
000085d4  pbistIsTestPassed                        
00008608  pbistPortTestStatus                      
000084ac  pbistRun                                 
000082cc  pbistSelfCheck                           
00008578  pbistStop                                
00000fc4  pcTaskGetTaskName                        
0000ce2c  periphInit                               
00012a68  phantomInterrupt                         
0000e48c  pinmuxGetConfigValue                     
00012215  printf                                   
000039ac  prvMpuDisable                            
00003994  prvMpuEnable                             
0000397c  prvMpuSetRegion                          
00011fa1  putc                                     
00012027  putchar                                  
00011661  puts                                     
00003db4  pvPortMalloc                             
08000948  pxCurrentTCB                             
000039d4  pxPortInitialiseStack                    
0000fd39  realloc                                  
00012911  remove                                   
00000000  resetEntry                               
000118ad  scalbn                                   
000118ad  scalbnl                                  
00011c0c  sciNotification                          
00008020  selftestFailNotification                 
0000c348  set_deadlines_of_high_tasks_to_real_onces
0000cdec  setupFlash                               
0000cd44  setupPLL                                 
00011a89  setvbuf                                  
000124f5  sprintf                                  
0000d664  sramGetConfigValue                       
0000a5bc  stcGetConfigValue                        
000081b8  stcSelfCheck                             
00008df8  stcSelfCheckFail                         
000129f9  strchr                                   
000129e1  strcmp                                   
00012a39  strcpy                                   
00012a0f  strlen                                   
000128d9  strncpy                                  
0000d0a4  systemGetConfigValue                     
0000cfa8  systemInit                               
0000d074  systemPowerDown                          
0000bd7c  task_set_DEADLINE                        
0000d4b8  tcmflashGetConfigValue                   
0000cda4  trimLPO                                  
00003144  ucQueueGetQueueType                      
08000980  ulCriticalNesting                        
000038a4  ulPortCountLeadingZeros                  
08000984  ulTaskHasFPUContext                      
0000c59c  ulTaskNotifyTake                         
00012911  unlink                                   
0000bff4  update_deadlines                         
00010f48  uxListRemove                             
0000310c  uxQueueGetQueueNumber                    
00003028  uxQueueMessagesWaiting                   
000030ac  uxQueueMessagesWaitingFromISR            
00003060  uxQueueSpacesAvailable                   
00000fb8  uxTaskGetNumberOfTasks                   
00001f44  uxTaskGetStackHighWaterMark              
0000c134  uxTaskGetSystemState                     
00001898  uxTaskGetTaskNumber                      
000006c8  uxTaskPriorityGet                        
0000070c  uxTaskPriorityGetFromISR                 
00002320  uxTaskResetEventItemValue                
0000c408  vApplicationTickHook                     
00010d9c  vListInitialise                          
00010df4  vListInitialiseItem                      
00010e84  vListInsert                              
00010e10  vListInsertEnd                           
00003d80  vPortEndScheduler                        
00004024  vPortFree                                
0000413c  vPortInitialiseBlocks                    
00003898  vPortInitialiseFPSCR                     
00003798  vPortPreemptiveTick                      
000038ac  vPortSWI                                 
00003528  vPortStartFirstTask                      
00003ae8  vPortStoreTaskMPUSettings                
000036a4  vPortYeildWithinAPI                      
000035b8  vPortYieldProcessor                      
000030dc  vQueueDelete                             
00003124  vQueueSetQueueNumber                     
00001a3c  vTaskAllocateMPURegions                  
000005fc  vTaskDelay                               
00000448  vTaskDelayUntil                          
00000308  vTaskDelete                              
00000dc8  vTaskEndScheduler                        
000021cc  vTaskGetRunTimeStats                     
00002030  vTaskList                                
00001888  vTaskMissedYield                         
0000cbc4  vTaskNotifyGiveFromISR                   
000013c8  vTaskPlaceOnEventList                    
00001480  vTaskPlaceOnUnorderedEventList           
00000754  vTaskPrioritySet                         
00000b38  vTaskResume                              
000018d8  vTaskSetTaskNumber                       
00001734  vTaskSetTimeOutState                     
00000cc4  vTaskStartScheduler                      
0000092c  vTaskSuspend                             
00000de4  vTaskSuspendAll                          
00001284  vTaskSwitchContext                       
0000d940  vimChannelMap                            
0000db3c  vimDisableInterrupt                      
0000d9e4  vimEnableInterrupt                       
0000dbc0  vimGetConfigValue                        
0000d86c  vimInit                                  
00008e00  vimParityCheck                           
00010884  vimParityErrorHandler                    
00012965  write                                    
00004124  xPortGetFreeHeapSize                     
00004130  xPortGetMinimumEverFreeHeapSize          
00003d5c  xPortStartScheduler                      
000024cc  xQueueGenericCreate                      
00002b3c  xQueueGenericReceive                     
000023a4  xQueueGenericReset                       
000025e0  xQueueGenericSend                        
000028a0  xQueueGenericSendFromISR                 
00002a28  xQueueGiveFromISR                        
00003448  xQueueIsQueueEmptyFromISR                
000034d4  xQueueIsQueueFullFromISR                 
00002f34  xQueuePeekFromISR                        
00002dfc  xQueueReceiveFromISR                     
00001780  xTaskCheckForTimeOut                     
00000020  xTaskGenericCreate                       
00001fc4  xTaskGetSchedulerState                   
00000f78  xTaskGetTickCount                        
00000f94  xTaskGetTickCountFromISR                 
0000102c  xTaskIncrementTick                       
0000c884  xTaskNotify                              
0000ca10  xTaskNotifyFromISR                       
0000c700  xTaskNotifyWait                          
00001578  xTaskRemoveFromEventList                 
00001650  xTaskRemoveFromUnorderedEventList        
00000df8  xTaskResumeAll                           
00000bfc  xTaskResumeFromISR                       


GLOBAL SYMBOLS: SORTED BY Symbol Address 

address   name                                     
-------   ----                                     
00000000  __TI_static_base__                       
00000000  resetEntry                               
00000020  xTaskGenericCreate                       
00000308  vTaskDelete                              
00000448  vTaskDelayUntil                          
000005fc  vTaskDelay                               
000006c8  uxTaskPriorityGet                        
0000070c  uxTaskPriorityGetFromISR                 
00000754  vTaskPrioritySet                         
00000800  __SYSMEM_SIZE                            
0000092c  vTaskSuspend                             
00000b38  vTaskResume                              
00000bfc  xTaskResumeFromISR                       
00000cc4  vTaskStartScheduler                      
00000dc8  vTaskEndScheduler                        
00000de4  vTaskSuspendAll                          
00000df8  xTaskResumeAll                           
00000f78  xTaskGetTickCount                        
00000f94  xTaskGetTickCountFromISR                 
00000fb8  uxTaskGetNumberOfTasks                   
00000fc4  pcTaskGetTaskName                        
0000102c  xTaskIncrementTick                       
00001284  vTaskSwitchContext                       
000013c8  vTaskPlaceOnEventList                    
00001480  vTaskPlaceOnUnorderedEventList           
00001578  xTaskRemoveFromEventList                 
00001650  xTaskRemoveFromUnorderedEventList        
00001734  vTaskSetTimeOutState                     
00001780  xTaskCheckForTimeOut                     
00001888  vTaskMissedYield                         
00001898  uxTaskGetTaskNumber                      
000018d8  vTaskSetTaskNumber                       
00001a3c  vTaskAllocateMPURegions                  
00001f44  uxTaskGetStackHighWaterMark              
00001fc4  xTaskGetSchedulerState                   
00002030  vTaskList                                
000021cc  vTaskGetRunTimeStats                     
00002320  uxTaskResetEventItemValue                
000023a4  xQueueGenericReset                       
000024cc  xQueueGenericCreate                      
000025e0  xQueueGenericSend                        
000028a0  xQueueGenericSendFromISR                 
00002a28  xQueueGiveFromISR                        
00002b3c  xQueueGenericReceive                     
00002dfc  xQueueReceiveFromISR                     
00002f34  xQueuePeekFromISR                        
00003028  uxQueueMessagesWaiting                   
00003060  uxQueueSpacesAvailable                   
000030ac  uxQueueMessagesWaitingFromISR            
000030dc  vQueueDelete                             
0000310c  uxQueueGetQueueNumber                    
00003124  vQueueSetQueueNumber                     
00003144  ucQueueGetQueueType                      
00003448  xQueueIsQueueEmptyFromISR                
000034d4  xQueueIsQueueFullFromISR                 
00003528  vPortStartFirstTask                      
000035b8  vPortYieldProcessor                      
000036a4  vPortYeildWithinAPI                      
00003798  vPortPreemptiveTick                      
00003898  vPortInitialiseFPSCR                     
000038a4  ulPortCountLeadingZeros                  
000038ac  vPortSWI                                 
0000397c  prvMpuSetRegion                          
00003994  prvMpuEnable                             
000039ac  prvMpuDisable                            
000039d4  pxPortInitialiseStack                    
00003ae8  vPortStoreTaskMPUSettings                
00003d5c  xPortStartScheduler                      
00003d80  vPortEndScheduler                        
00003db4  pvPortMalloc                             
00004024  vPortFree                                
00004124  xPortGetFreeHeapSize                     
00004130  xPortGetMinimumEverFreeHeapSize          
0000413c  vPortInitialiseBlocks                    
00004158  _sys_memory                              
000049fc  __TI_Handler_Table_Base                  
00004a08  __TI_Handler_Table_Limit                 
00004a18  __TI_CINIT_Base                          
00004a38  __TI_CINIT_Limit                         
00008020  selftestFailNotification                 
00008030  ccmSelfCheck                             
00008174  memoryInit                               
000081b8  stcSelfCheck                             
00008234  cpuSelfTest                              
000082cc  pbistSelfCheck                           
000084ac  pbistRun                                 
00008578  pbistStop                                
000085a8  pbistIsTestCompleted                     
000085d4  pbistIsTestPassed                        
00008608  pbistPortTestStatus                      
00008660  efcCheck                                 
000086e8  efcStuckZeroTest                         
00008794  efcSelfTest                              
000087bc  checkefcSelfTest                         
0000885c  fmcBus2Check                             
00008898  fmcECCcheck                              
00008938  checkB0RAMECC                            
00008b28  checkB1RAMECC                            
00008d18  checkFlashECC                            
00008df4  custom_dabort                            
00008df8  stcSelfCheckFail                         
00008dfc  cpuSelfTestFail                          
00008e00  vimParityCheck                           
00008eac  dmaParityCheck                           
00008f58  het1ParityCheck                          
00009004  htu1ParityCheck                          
000090c0  het2ParityCheck                          
000091bc  htu2ParityCheck                          
0000926c  adc1ParityCheck                          
00009358  adc2ParityCheck                          
00009410  can1ParityCheck                          
000094e8  can2ParityCheck                          
000095b0  can3ParityCheck                          
00009684  mibspi1ParityCheck                       
0000978c  mibspi3ParityCheck                       
000098b0  mibspi5ParityCheck                       
000099d0  checkRAMECC                              
00009c18  checkClockMonitor                        
00009cf4  checkFlashEEPROMECC                      
00009e8c  checkPLL1Slip                            
00009f8c  checkPLL2Slip                            
0000a050  checkRAMAddrParity                       
0000a15c  checkRAMUERRTest                         
0000a2c4  fmcBus1ParityCheck                       
0000a3ec  pbistFail                                
0000a470  pbistGetConfigValue                      
0000a5bc  stcGetConfigValue                        
0000a660  efcGetConfigValue                        
0000a6fc  ccmr4GetConfigValue                      
0000a76c  errata_PBIST_4                           
0000aad0  enableParity                             
0000ab58  disableParity                            
0000b4c1  __TI_printfi                             
0000bd7b  __aeabi_idiv0                            
0000bd7c  task_set_DEADLINE                        
0000be70  check_schedulability                     
0000bff4  update_deadlines                         
0000c134  uxTaskGetSystemState                     
0000c288  delete_all_low_tasks_from                
0000c348  set_deadlines_of_high_tasks_to_real_onces
0000c408  vApplicationTickHook                     
0000c59c  ulTaskNotifyTake                         
0000c700  xTaskNotifyWait                          
0000c884  xTaskNotify                              
0000ca10  xTaskNotifyFromISR                       
0000cbc4  vTaskNotifyGiveFromISR                   
0000cd44  setupPLL                                 
0000cda4  trimLPO                                  
0000cdec  setupFlash                               
0000ce2c  periphInit                               
0000ce80  mapClocks                                
0000cfa8  systemInit                               
0000d074  systemPowerDown                          
0000d0a4  systemGetConfigValue                     
0000d4b8  tcmflashGetConfigValue                   
0000d664  sramGetConfigValue                       
0000d86c  vimInit                                  
0000d940  vimChannelMap                            
0000d9e4  vimEnableInterrupt                       
0000db3c  vimDisableInterrupt                      
0000dbc0  vimGetConfigValue                        
0000e108  muxInit                                  
0000e48c  pinmuxGetConfigValue                     
0000e740  MPU_xTaskGenericCreate                   
0000e7b4  MPU_vTaskAllocateMPURegions              
0000e7e8  MPU_vTaskDelete                          
0000e814  MPU_vTaskDelayUntil                      
0000e848  MPU_vTaskDelay                           
0000e874  MPU_uxTaskPriorityGet                    
0000e8a8  MPU_vTaskPrioritySet                     
0000e8dc  MPU_vTaskSuspend                         
0000e908  MPU_vTaskResume                          
0000e934  MPU_vTaskSuspendAll                      
0000e958  MPU_xTaskResumeAll                       
0000e984  MPU_xTaskGetTickCount                    
0000e9b0  MPU_uxTaskGetNumberOfTasks               
0000e9dc  MPU_vTaskList                            
0000ea08  MPU_vTaskGetRunTimeStats                 
0000ea34  MPU_uxTaskGetStackHighWaterMark          
0000ea68  MPU_xTaskGetSchedulerState               
0000ea94  MPU_xQueueGenericCreate                  
0000eae0  MPU_xQueueGenericSend                    
0000eb34  MPU_uxQueueMessagesWaiting               
0000eb68  MPU_xQueueGenericReceive                 
0000ebbc  MPU_vQueueDelete                         
0000ebe8  MPU_xQueueGenericReset                   
0000ec2c  MPU_xQueuePeekFromISR                    
0000ec70  MPU_pvPortMalloc                         
0000eca4  MPU_vPortFree                            
0000ecd0  MPU_vPortInitialiseBlocks                
0000ecf4  MPU_xPortGetFreeHeapSize                 
0000ed20  esmInit                                  
0000ee28  esmError                                 
0000ee44  esmEnableError                           
0000ee70  esmDisableError                          
0000ee9c  esmTriggerErrorPinReset                  
0000eeac  esmActivateNormalOperation               
0000eebc  esmEnableInterrupt                       
0000eee8  esmDisableInterrupt                      
0000ef14  esmSetInterruptLevel                     
0000ef90  esmClearStatus                           
0000efd4  esmClearStatusBuffer                     
0000eff0  esmSetCounterPreloadValue                
0000f010  esmGetStatus                             
0000f094  esmGetStatusBuffer                       
0000f0cc  esmEnterSelfTest                         
0000f154  esmSelfTestStatus                        
0000f1a4  esmGetConfigValue                        
0000f2f8  gioInit                                  
0000f3c8  gioSetDirection                          
0000f3e8  gioSetBit                                
0000f438  gioSetPort                               
0000f458  gioGetBit                                
0000f480  gioGetPort                               
0000f498  gioToggleBit                             
0000f4f0  gioEnableNotification                    
0000f558  gioDisableNotification                   
0000f5c0  gioGetConfigValue                        
0000f77c  make_capacity                            
0000f7e0  CAWarningTask                            
0000f820  hillAssistTask                           
0000f860  custom_task1                             
0000f88c  custom_task2                             
0000f8b8  custom_task3                             
0000f8e4  initializeProfiler                       
0000f900  getProfilerTimerCount                    
0000f90c  main                                     
0000fb91  minit                                    
0000fc0f  malloc                                   
0000fc79  free                                     
0000fd39  realloc                                  
0000fe45  memalign                                 
0000ff37  calloc                                   
0000ff68  _coreInitRegisters_                      
00010074  _coreInitStackPointer_                   
000100c0  _getCPSRValue_                           
000100c8  _gotoCPUIdle_                            
000100e0  _coreEnableVfp_                          
00010100  _coreEnableEventBusExport_               
00010118  _coreDisableEventBusExport_              
00010130  _coreEnableRamEcc_                       
00010148  _coreDisableRamEcc_                      
00010160  _coreEnableFlashEcc_                     
0001017c  _coreDisableFlashEcc_                    
00010194  _coreEnableIrqVicOffset_                 
000101ac  _coreGetDataFault_                       
000101b4  _coreClearDataFault_                     
000101c8  _coreGetInstructionFault_                
000101d0  _coreClearInstructionFault_              
000101e4  _coreGetDataFaultAddress_                
000101ec  _coreClearDataFaultAddress_              
00010200  _coreGetInstructionFaultAddress_         
00010208  _coreClearInstructionFaultAddress_       
0001021c  _coreGetAuxiliaryDataFault_              
00010224  _coreClearAuxiliaryDataFault_            
00010238  _coreGetAuxiliaryInstructionFault_       
00010240  _coreClearAuxiliaryInstructionFault_     
00010254  _disable_interrupt_                      
0001025c  _disable_FIQ_interrupt_                  
00010264  _disable_IRQ_interrupt_                  
0001026c  _enable_interrupt_                       
00010274  _esmCcmErrorsClear_                      
000102fc  _errata_CORTEXR4_57_                     
00010314  _errata_CORTEXR4_66_                     
0001032c  __TI_PINIT_Base                          
00010330  __TI_PINIT_Limit                         
00010334  __aeabi_uldivmod                         
000105ec  _c_int00                                 
00010884  vimParityErrorHandler                    
00010d9c  vListInitialise                          
00010df4  vListInitialiseItem                      
00010e10  vListInsertEnd                           
00010e84  vListInsert                              
00010f48  uxListRemove                             
00010fd4  can1HighLevelInterrupt                   
000110bc  can2HighLevelInterrupt                   
0001129f  __TI_cleanup                             
000112cb  freopen                                  
000112f5  fopen                                    
00011551  fputs                                    
00011661  puts                                     
00011688  esmHighInterrupt                         
0001179c  _pmuInit_                                
000117f0  _pmuEnableCountersGlobal_                
00011808  _pmuDisableCountersGlobal_               
00011820  _pmuResetCycleCounter_                   
00011838  _pmuResetEventCounters_                  
00011850  _pmuResetCounters_                       
00011868  _pmuStartCounters_                       
00011870  _pmuStopCounters_                        
00011878  _pmuSetCountEvent_                       
00011884  _pmuGetCycleCount_                       
0001188c  _pmuGetEventCount_                       
00011898  _pmuGetOverflow_                         
000118ad  ldexp                                    
000118ad  ldexpl                                   
000118ad  scalbn                                   
000118ad  scalbnl                                  
000119a0  _dabort                                  
00011a89  setvbuf                                  
00011b64  esmGroup1Notification                    
00011b74  esmGroup2Notification                    
00011b84  memoryPort0TestFailNotification          
00011ba0  memoryPort1TestFailNotification          
00011bbc  canErrorNotification                     
00011bd0  canStatusChangeNotification              
00011be4  canMessageNotification                   
00011bf8  gioNotification                          
00011c0c  sciNotification                          
00011c20  dmaGroupANotification                    
00011c35  __TI_doflush                             
00011c81  fflush                                   
00011d01  open                                     
00011dbd  __TI_wrt_ok                              
00011e21  __TI_rd_ok                               
00011e6b  __aeabi_memcpy                           
00011e6b  __aeabi_memcpy4                          
00011e6b  __aeabi_memcpy8                          
00011e6b  memcpy                                   
00011f07  _system_post_cinit                       
00011f09  __TI_closefile                           
00011f6f  fclose                                   
00011fa1  fputc                                    
00011fa1  putc                                     
00012027  putchar                                  
00012039  __aeabi_memclr                           
00012039  __aeabi_memclr4                          
00012039  __aeabi_memclr8                          
0001203b  __aeabi_memset                           
0001203b  __aeabi_memset4                          
0001203b  __aeabi_memset8                          
00012041  memset                                   
000120b5  finddevice                               
000120e3  getdevice                                
00012129  frexp                                    
00012129  frexpl                                   
0001219d  __TI_auto_init                           
00012215  printf                                   
0001227d  __TI_decompress_lzss                     
000122f1  fprintf                                  
00012355  __TI_writemsg                            
00012387  C$$IO$$                                  
0001238b  __TI_readmsg                             
000123c1  HOSTlseek                                
00012429  HOSTrename                               
00012491  fseek                                    
000124f5  sprintf                                  
00012559  HOSTopen                                 
000125b5  HOSTread                                 
00012611  close                                    
00012669  HOSTwrite                                
000126c1  ltoa                                     
00012715  atoi                                     
00012765  C$$EXIT                                  
00012769  abort                                    
00012771  exit                                     
000127b4  __aeabi_uidiv                            
000127b4  __aeabi_uidivmod                         
00012805  copy_in                                  
00012851  HOSTclose                                
00012895  HOSTunlink                               
000128d9  strncpy                                  
00012911  remove                                   
00012911  unlink                                   
0001293d  lseek                                    
00012965  write                                    
0001298d  memchr                                   
000129ad  memccpy                                  
000129c9  copysign                                 
000129c9  copysignl                                
000129e1  strcmp                                   
000129f9  strchr                                   
00012a0f  strlen                                   
00012a25  _register_unlock                         
00012a2b  _register_lock                           
00012a33  _nop                                     
00012a39  strcpy                                   
00012a4d  __TI_decompress_none                     
00012a5b  __TI_zero_init                           
00012a68  phantomInterrupt                         
00012bec  _ctypes_                                 
08000948  pxCurrentTCB                             
08000980  ulCriticalNesting                        
08000984  ulTaskHasFPUContext                      
08003000  __CIOBUF_                                
08003120  __TI_tmpnams                             
080031c0  para1                                    
080031d0  para2                                    
080031e0  para3                                    
080031f0  para4                                    
08003200  para5                                    
08003218  parmbuf                                  
08003220  T1Tcb                                    
08003224  T2Tcb                                    
08003228  T3Tcb                                    
0800322c  critical_time_instance                   
08003230  _ftable                                  
08003320  _device                                  
08003398  _stream                                  
080033e8  intvectreg                               
080033ec  intindexreg                              
080033f0  impicit_deadline1                        
080033f4  impicit_deadline2                        
080033f8  impicit_deadline3                        
080033fc  impicit_deadline4                        
08003400  impicit_deadline5                        
08003414  __TI_ft_end                              
08003418  __aeabi_stdin                            
0800341c  __aeabi_stdout                           
08003420  __aeabi_stderr                           
08003424  __TI_cleanup_ptr                         
08003428  __TI_dtors_ptr                           
0800342c  __TI_enable_exit_profile_output          
0800343c  _lock                                    
08003440  _unlock                                  
08003444  errno                                    
08003450  mode                                     
08003451  job_interrupted                          
ffffffff  __TI_pprof_out_hndl                      
ffffffff  __TI_prof_data_size                      
ffffffff  __TI_prof_data_start                     
ffffffff  __binit__                                
ffffffff  __c_args__                               
ffffffff  binit                                    
UNDEFED   SHT$$INIT_ARRAY$$Base                    
UNDEFED   SHT$$INIT_ARRAY$$Limit                   

[426 symbols]
