******************************************************************************
                  TI ARM Linker PC v16.9.6                     
******************************************************************************
>> Linked Fri Mar 30 20:52:50 2018

OUTPUT FILE NAME:   <free_rtos_matlab.out>
ENTRY POINT SYMBOL: "_c_int00"  address: 0000f840


MEMORY CONFIGURATION

         name            origin    length      used     unused   attr    fill
----------------------  --------  ---------  --------  --------  ----  --------
  VECTORS               00000000   00000020  00000020  00000000     X
  KERNEL                00000020   00008000  00004178  00003e88  R  X
  FLASH0                00008020   00177fe0  00009490  0016eb50  R  X
  FLASH1                00180000   00180000  00000000  00180000  R  X
  STACKS                08000000   00000800  00000000  00000800  RW  
  KRAM                  08000800   00000800  00000174  0000068c  RW  
  RAM                   08001000   0003f000  00002078  0003cf88  RW  


SEGMENT ALLOCATION MAP

run origin  load origin   length   init length attrs members
----------  ----------- ---------- ----------- ----- -------
00000000    00000000    00004198   00004198    r-x
  00000000    00000000    00000020   00000020    r-x .intvecs
  00000020    00000020    00004100   00004100    r-x .kernelTEXT
  00004120    00004120    00000078   00000078    r-- .cinit
00008020    00008020    00009490   00009490    r-x
  00008020    00008020    00009208   00009208    r-x .text
  00011228    00011228    00000288   00000288    r-- .const
08000800    08000800    00000174   00000000    rw-
  08000800    08000800    00000174   00000000    rw- .kernelBSS
08001000    08001000    00002078   00000000    rw-
  08001000    08001000    00002000   00000000    rw- .kernelHEAP
  08003000    08003000    00000048   00000000    rw- .data
  08003048    08003048    00000030   00000000    rw- .bss


SECTION ALLOCATION MAP

 output                                  attributes/
section   page    origin      length       input sections
--------  ----  ----------  ----------   ----------------
.intvecs   0    00000000    00000020     
                  00000000    00000020     sys_intvecs.obj (.intvecs)

.kernelTEXT 
*          0    00000020    00004100     
                  00000020    0000234c     os_tasks.obj (.kernelTEXT)
                  0000236c    00001180     os_queue.obj (.kernelTEXT)
                  000034ec    000004b0     os_portasm.obj (.kernelTEXT)
                  0000399c    000003e0     os_port.obj (.kernelTEXT)
                  00003d7c    000003a4     os_heap.obj (.kernelTEXT)

.cinit     0    00004120    00000078     
                  00004120    00000028     (.cinit..data.load) [load image, compression = lzss]
                  00004148    00000013     (.cinit..kernelBSS.load) [load image, compression = lzss]
                  0000415b    00000001     --HOLE-- [fill = 0]
                  0000415c    0000000c     (__TI_handler_table)
                  00004168    00000008     (.cinit..bss.load) [load image, compression = zero_init]
                  00004170    00000008     (.cinit..kernelHEAP.load) [load image, compression = zero_init]
                  00004178    00000020     (__TI_cinit_table)

.text      0    00008020    00009208     
                  00008020    00002cdc     sys_selftest.obj (.text)
                  0000acfc    0000107e     rtsv7R4_T_be_v3D16_eabi.lib : _printfi.obj (.text)
                  0000bd7a    00000002                                 : i_div0.obj (.text)
                  0000bd7c    00000b28     system.obj (.text)
                  0000c8a4    00000a08     os_tasks.obj (.text)
                  0000d2ac    0000089c     sys_vim.obj (.text)
                  0000db48    00000638     pinmux.obj (.text)
                  0000e180    000005e0     os_mpu_wrappers.obj (.text)
                  0000e760    000005d8     esm.obj (.text)
                  0000ed38    00000484     gio.obj (.text)
                  0000f1bc    000003cc     sys_core.obj (.text)
                  0000f588    000002b8     rtsv7R4_T_be_v3D16_eabi.lib : ull_div32.obj (.text)
                  0000f840    00000298     sys_startup.obj (.text:retain)
                  0000fad8    00000294     sys_vim.obj (.text:retain)
                  0000fd6c    00000284     os_heap.obj (.text)
                  0000fff0    00000278     sys_main.obj (.text)
                  00010268    00000238     os_list.obj (.text)
                  000104a0    00000200     can.obj (.text:retain)
                  000106a0    000001b4     os_port.obj (.text)
                  00010854    00000114     esm.obj (.text:retain)
                  00010968    00000110     sys_pmu.obj (.text)
                  00010a78    000000f4     rtsv7R4_T_be_v3D16_eabi.lib : s_scalbn.obj (.text)
                  00010b6c    000000e8     dabort.obj (.text)
                  00010c54    000000d0     notification.obj (.text)
                  00010d24    0000009c     rtsv7R4_T_be_v3D16_eabi.lib : memcpy_t2.obj (.text)
                  00010dc0    0000007a                                 : memset_t2.obj (.text)
                  00010e3a    00000002                                 : startup.obj (.text)
                  00010e3c    00000074                                 : s_frexp.obj (.text)
                  00010eb0    00000070                                 : autoinit.obj (.text)
                  00010f20    0000006c                                 : copy_decompress_lzss.obj (.text:decompress:lzss)
                  00010f8c    00000064                                 : sprintf.obj (.text)
                  00010ff0    00000054                                 : ltoa.obj (.text)
                  00011044    00000050                                 : atoi.obj (.text)
                  00011094    00000050                                 : exit.obj (.text)
                  000110e4    00000050                                 : u_div32.obj (.text)
                  00011134    0000004c                                 : cpy_tbl.obj (.text)
                  00011180    0000001c                                 : memccpy.obj (.text)
                  0001119c    00000018                                 : s_copysign.obj (.text)
                  000111b4    00000016                                 : strchr.obj (.text)
                  000111ca    00000016                                 : strlen.obj (.text)
                  000111e0    00000014                                 : _lock.obj (.text)
                  000111f4    00000014                                 : strcpy.obj (.text)
                  00011208    0000000e                                 : copy_decompress_none.obj (.text:decompress:none)
                  00011216    0000000c                                 : copy_zero_init.obj (.text:decompress:ZI)
                  00011222    00000002     --HOLE-- [fill = 0]
                  00011224    00000004     sys_phantom.obj (.text:retain)

.const     0    00011228    00000288     
                  00011228    00000180     sys_vim.obj (.const:s_vim_init)
                  000113a8    00000101     rtsv7R4_T_be_v3D16_eabi.lib : ctype.obj (.const:.string:_ctypes_)
                  000114a9    00000003     --HOLE-- [fill = 0]
                  000114ac    00000004     os_heap.obj (.const)

.kernelBSS 
*          0    08000800    00000174     UNINITIALIZED
                  08000800    00000134     os_tasks.obj (.kernelBSS:uninit)
                  08000934    00000038     os_tasks.obj (.kernelBSS:init)
                  0800096c    00000008     os_port.obj (.kernelBSS)

.kernelHEAP 
*          0    08001000    00002000     UNINITIALIZED
                  08001000    00002000     os_heap.obj (.kernelHEAP)

.data      0    08003000    00000048     UNINITIALIZED
                  08003000    00000020     sys_main.obj (.data)
                  08003020    00000010     os_heap.obj (.data)
                  08003030    0000000c     rtsv7R4_T_be_v3D16_eabi.lib : exit.obj (.data:$O1$$)
                  0800303c    00000008                                 : _lock.obj (.data:$O1$$)
                  08003044    00000004                                 : errno.obj (.data)

.bss       0    08003048    00000030     UNINITIALIZED
                  08003048    00000010     (.common:para1)
                  08003058    00000010     (.common:para2)
                  08003068    00000008     os_heap.obj (.bss:xStart)
                  08003070    00000004     (.common:CAWarningTaskTcb)
                  08003074    00000004     (.common:hillAssistTcb)

MODULE SUMMARY

       Module                     code    ro data   rw data
       ------                     ----    -------   -------
    .\source\
       os_tasks.obj               11604   0         364    
       sys_selftest.obj           11484   0         0      
       os_heap.obj                1576    4         8216   
       os_queue.obj               4480    0         0      
       sys_vim.obj                2864    384       0      
       system.obj                 2856    0         0      
       esm.obj                    1772    0         0      
       pinmux.obj                 1592    0         0      
       os_mpu_wrappers.obj        1504    0         0      
       os_port.obj                1428    0         8      
       os_portasm.obj             1200    0         0      
       gio.obj                    1156    0         0      
       sys_core.obj               972     0         0      
       sys_main.obj               632     0         72     
       sys_startup.obj            664     0         0      
       os_list.obj                568     0         0      
       can.obj                    512     0         0      
       sys_pmu.obj                272     0         0      
       dabort.obj                 232     0         0      
       notification.obj           208     0         0      
       sys_intvecs.obj            32      0         0      
       sys_phantom.obj            4       0         0      
    +--+--------------------------+-------+---------+---------+
       Total:                     47612   388       8660   
                                                           
    D:/RTOS/ccsv7/tools/compiler/ti-cgt-arm_16.9.6.LTS/lib/rtsv7R4_T_be_v3D16_eabi.lib
       _printfi.obj               4222    0         0      
       ull_div32.obj              696     0         0      
       ctype.obj                  0       257       0      
       s_scalbn.obj               244     0         0      
       memcpy_t2.obj              156     0         0      
       memset_t2.obj              122     0         0      
       s_frexp.obj                116     0         0      
       autoinit.obj               112     0         0      
       copy_decompress_lzss.obj   108     0         0      
       sprintf.obj                100     0         0      
       exit.obj                   80      0         12     
       ltoa.obj                   84      0         0      
       atoi.obj                   80      0         0      
       u_div32.obj                80      0         0      
       cpy_tbl.obj                76      0         0      
       _lock.obj                  20      0         8      
       memccpy.obj                28      0         0      
       s_copysign.obj             24      0         0      
       strchr.obj                 22      0         0      
       strlen.obj                 22      0         0      
       strcpy.obj                 20      0         0      
       copy_decompress_none.obj   14      0         0      
       copy_zero_init.obj         12      0         0      
       errno.obj                  0       0         4      
       i_div0.obj                 2       0         0      
       startup.obj                2       0         0      
    +--+--------------------------+-------+---------+---------+
       Total:                     6442    257       24     
                                                           
       Linker Generated:          0       119       0      
    +--+--------------------------+-------+---------+---------+
       Grand Total:               54054   764       8684   


LINKER GENERATED COPY TABLES

__TI_cinit_table @ 00004178 records: 4, size/record: 8, table size: 32
	.data: load addr=00004120, load size=00000028 bytes, run addr=08003000, run size=00000048 bytes, compression=lzss
	.kernelBSS: load addr=00004148, load size=00000013 bytes, run addr=08000800, run size=00000174 bytes, compression=lzss
	.bss: load addr=00004168, load size=00000008 bytes, run addr=08003048, run size=00000030 bytes, compression=zero_init
	.kernelHEAP: load addr=00004170, load size=00000008 bytes, run addr=08001000, run size=00002000 bytes, compression=zero_init


LINKER GENERATED HANDLER TABLE

__TI_handler_table @ 0000415c records: 3, size/record: 4, table size: 12
	index: 0, handler: __TI_decompress_lzss
	index: 1, handler: __TI_decompress_none
	index: 2, handler: __TI_zero_init


GLOBAL SYMBOLS: SORTED ALPHABETICALLY BY Name 

address   name                                
-------   ----                                
00011095  C$$EXIT                             
00010054  CAWarningTask                       
08003070  CAWarningTaskTcb                    
0000e6b0  MPU_pvPortMalloc                    
0000e574  MPU_uxQueueMessagesWaiting          
0000e3f0  MPU_uxTaskGetNumberOfTasks          
0000e474  MPU_uxTaskGetStackHighWaterMark     
0000e2b4  MPU_uxTaskPriorityGet               
0000e6e4  MPU_vPortFree                       
0000e710  MPU_vPortInitialiseBlocks           
0000e5fc  MPU_vQueueDelete                    
0000e1f4  MPU_vTaskAllocateMPURegions         
0000e288  MPU_vTaskDelay                      
0000e254  MPU_vTaskDelayUntil                 
0000e228  MPU_vTaskDelete                     
0000e448  MPU_vTaskGetRunTimeStats            
0000e41c  MPU_vTaskList                       
0000e2e8  MPU_vTaskPrioritySet                
0000e348  MPU_vTaskResume                     
0000e31c  MPU_vTaskSuspend                    
0000e374  MPU_vTaskSuspendAll                 
0000e734  MPU_xPortGetFreeHeapSize            
0000e4d4  MPU_xQueueGenericCreate             
0000e5a8  MPU_xQueueGenericReceive            
0000e628  MPU_xQueueGenericReset              
0000e520  MPU_xQueueGenericSend               
0000e66c  MPU_xQueuePeekFromISR               
0000e180  MPU_xTaskGenericCreate              
0000e4a8  MPU_xTaskGetSchedulerState          
0000e3c4  MPU_xTaskGetTickCount               
0000e398  MPU_xTaskResumeAll                  
UNDEFED   SHT$$INIT_ARRAY$$Base               
UNDEFED   SHT$$INIT_ARRAY$$Limit              
00004178  __TI_CINIT_Base                     
00004198  __TI_CINIT_Limit                    
0000415c  __TI_Handler_Table_Base             
00004168  __TI_Handler_Table_Limit            
0000f580  __TI_PINIT_Base                     
0000f584  __TI_PINIT_Limit                    
00010eb1  __TI_auto_init                      
08003030  __TI_cleanup_ptr                    
00010f21  __TI_decompress_lzss                
00011209  __TI_decompress_none                
08003034  __TI_dtors_ptr                      
08003038  __TI_enable_exit_profile_output     
ffffffff  __TI_pprof_out_hndl                 
0000b4c1  __TI_printfi                        
ffffffff  __TI_prof_data_size                 
ffffffff  __TI_prof_data_start                
00000000  __TI_static_base__                  
00011217  __TI_zero_init                      
0000bd7b  __aeabi_idiv0                       
00010dc1  __aeabi_memclr                      
00010dc1  __aeabi_memclr4                     
00010dc1  __aeabi_memclr8                     
00010d25  __aeabi_memcpy                      
00010d25  __aeabi_memcpy4                     
00010d25  __aeabi_memcpy8                     
00010dc3  __aeabi_memset                      
00010dc3  __aeabi_memset4                     
00010dc3  __aeabi_memset8                     
000110e4  __aeabi_uidiv                       
000110e4  __aeabi_uidivmod                    
0000f588  __aeabi_uldivmod                    
ffffffff  __binit__                           
ffffffff  __c_args__                          
0000f840  _c_int00                            
0000f478  _coreClearAuxiliaryDataFault_       
0000f494  _coreClearAuxiliaryInstructionFault_
0000f440  _coreClearDataFaultAddress_         
0000f408  _coreClearDataFault_                
0000f45c  _coreClearInstructionFaultAddress_  
0000f424  _coreClearInstructionFault_         
0000f36c  _coreDisableEventBusExport_         
0000f3d0  _coreDisableFlashEcc_               
0000f39c  _coreDisableRamEcc_                 
0000f354  _coreEnableEventBusExport_          
0000f3b4  _coreEnableFlashEcc_                
0000f3e8  _coreEnableIrqVicOffset_            
0000f384  _coreEnableRamEcc_                  
0000f334  _coreEnableVfp_                     
0000f470  _coreGetAuxiliaryDataFault_         
0000f48c  _coreGetAuxiliaryInstructionFault_  
0000f438  _coreGetDataFaultAddress_           
0000f400  _coreGetDataFault_                  
0000f454  _coreGetInstructionFaultAddress_    
0000f41c  _coreGetInstructionFault_           
0000f1bc  _coreInitRegisters_                 
0000f2c8  _coreInitStackPointer_              
000113a8  _ctypes_                            
00010b6c  _dabort                             
0000f4b0  _disable_FIQ_interrupt_             
0000f4b8  _disable_IRQ_interrupt_             
0000f4a8  _disable_interrupt_                 
0000f4c0  _enable_interrupt_                  
0000f550  _errata_CORTEXR4_57_                
0000f568  _errata_CORTEXR4_66_                
0000f4c8  _esmCcmErrorsClear_                 
0000f314  _getCPSRValue_                      
0000f31c  _gotoCPUIdle_                       
0800303c  _lock                               
000111ef  _nop                                
000109d4  _pmuDisableCountersGlobal_          
000109bc  _pmuEnableCountersGlobal_           
00010a50  _pmuGetCycleCount_                  
00010a58  _pmuGetEventCount_                  
00010a64  _pmuGetOverflow_                    
00010968  _pmuInit_                           
00010a1c  _pmuResetCounters_                  
000109ec  _pmuResetCycleCounter_              
00010a04  _pmuResetEventCounters_             
00010a44  _pmuSetCountEvent_                  
00010a34  _pmuStartCounters_                  
00010a3c  _pmuStopCounters_                   
000111e7  _register_lock                      
000111e1  _register_unlock                    
00010e3b  _system_post_cinit                  
08003040  _unlock                             
00011099  abort                               
0000926c  adc1ParityCheck                     
00009358  adc2ParityCheck                     
00011045  atoi                                
ffffffff  binit                               
000104a0  can1HighLevelInterrupt              
00009410  can1ParityCheck                     
00010588  can2HighLevelInterrupt              
000094e8  can2ParityCheck                     
000095b0  can3ParityCheck                     
00010cac  canErrorNotification                
00010cd4  canMessageNotification              
00010cc0  canStatusChangeNotification         
00008030  ccmSelfCheck                        
0000a6fc  ccmr4GetConfigValue                 
00008938  checkB0RAMECC                       
00008b28  checkB1RAMECC                       
00009c18  checkClockMonitor                   
00008d18  checkFlashECC                       
00009cf4  checkFlashEEPROMECC                 
00009e8c  checkPLL1Slip                       
00009f8c  checkPLL2Slip                       
0000a050  checkRAMAddrParity                  
000099d0  checkRAMECC                         
0000a15c  checkRAMUERRTest                    
000087bc  checkefcSelfTest                    
00011135  copy_in                             
0001119d  copysign                            
0001119d  copysignl                           
00008234  cpuSelfTest                         
00008dfc  cpuSelfTestFail                     
00008df4  custom_dabort                       
0000ab58  disableParity                       
00010d10  dmaGroupANotification               
00008eac  dmaParityCheck                      
00008660  efcCheck                            
0000a660  efcGetConfigValue                   
00008794  efcSelfTest                         
000086e8  efcStuckZeroTest                    
0000aad0  enableParity                        
0000a76c  errata_PBIST_4                      
08003044  errno                               
0000e8ec  esmActivateNormalOperation          
0000e9d0  esmClearStatus                      
0000ea14  esmClearStatusBuffer                
0000e8b0  esmDisableError                     
0000e928  esmDisableInterrupt                 
0000e884  esmEnableError                      
0000e8fc  esmEnableInterrupt                  
0000eb0c  esmEnterSelfTest                    
0000e868  esmError                            
0000ebe4  esmGetConfigValue                   
0000ea50  esmGetStatus                        
0000ead4  esmGetStatusBuffer                  
00010c54  esmGroup1Notification               
00010c64  esmGroup2Notification               
00010854  esmHighInterrupt                    
0000e760  esmInit                             
0000eb94  esmSelfTestStatus                   
0000ea30  esmSetCounterPreloadValue           
0000e954  esmSetInterruptLevel                
0000e8dc  esmTriggerErrorPinReset             
000110a1  exit                                
0000a2c4  fmcBus1ParityCheck                  
0000885c  fmcBus2Check                        
00008898  fmcECCcheck                         
00010e3d  frexp                               
00010e3d  frexpl                              
000100e8  getProfilerTimerCount               
0000ef98  gioDisableNotification              
0000ef30  gioEnableNotification               
0000ee98  gioGetBit                           
0000f000  gioGetConfigValue                   
0000eec0  gioGetPort                          
0000ed38  gioInit                             
00010ce8  gioNotification                     
0000ee28  gioSetBit                           
0000ee08  gioSetDirection                     
0000ee78  gioSetPort                          
0000eed8  gioToggleBit                        
00008f58  het1ParityCheck                     
000090c0  het2ParityCheck                     
0001008c  hillAssistTask                      
08003074  hillAssistTcb                       
00009004  htu1ParityCheck                     
000091bc  htu2ParityCheck                     
08003008  impicit_deadline1                   
0800300c  impicit_deadline2                   
08003010  impicit_deadline3                   
08003014  impicit_deadline4                   
08003018  impicit_deadline5                   
0800301c  impicit_deadline6                   
000100cc  initializeProfiler                  
08003004  intindexreg                         
08003000  intvectreg                          
00010a79  ldexp                               
00010a79  ldexpl                              
00010ff1  ltoa                                
000100f4  main                                
0000fff0  make_capacity                       
0000beb8  mapClocks                           
00011181  memccpy                             
00010d25  memcpy                              
00008174  memoryInit                          
00010c74  memoryPort0TestFailNotification     
00010c90  memoryPort1TestFailNotification     
00010dc9  memset                              
00009684  mibspi1ParityCheck                  
0000978c  mibspi3ParityCheck                  
000098b0  mibspi5ParityCheck                  
0000db48  muxInit                             
08003048  para1                               
08003058  para2                               
0000a3ec  pbistFail                           
0000a470  pbistGetConfigValue                 
000085a8  pbistIsTestCompleted                
000085d4  pbistIsTestPassed                   
00008608  pbistPortTestStatus                 
000084ac  pbistRun                            
000082cc  pbistSelfCheck                      
00008578  pbistStop                           
00000fa0  pcTaskGetTaskName                   
0000be64  periphInit                          
00011224  phantomInterrupt                    
0000decc  pinmuxGetConfigValue                
00003974  prvMpuDisable                       
0000395c  prvMpuEnable                        
00003944  prvMpuSetRegion                     
00003d7c  pvPortMalloc                        
08000934  pxCurrentTCB                        
0000399c  pxPortInitialiseStack               
00000000  resetEntry                          
00010a79  scalbn                              
00010a79  scalbnl                             
00010cfc  sciNotification                     
00008020  selftestFailNotification            
0000be24  setupFlash                          
0000bd7c  setupPLL                            
00010f8d  sprintf                             
0000c69c  sramGetConfigValue                  
0000a5bc  stcGetConfigValue                   
000081b8  stcSelfCheck                        
00008df8  stcSelfCheckFail                    
000111b5  strchr                              
000111f5  strcpy                              
000111cb  strlen                              
0000c0dc  systemGetConfigValue                
0000bfe0  systemInit                          
0000c0ac  systemPowerDown                     
0000c4f0  tcmflashGetConfigValue              
0000bddc  trimLPO                             
0000310c  ucQueueGetQueueType                 
0800096c  ulCriticalNesting                   
0000386c  ulPortCountLeadingZeros             
08000970  ulTaskHasFPUContext                 
0000cadc  ulTaskNotifyTake                    
00010414  uxListRemove                        
000030d4  uxQueueGetQueueNumber               
00002ff0  uxQueueMessagesWaiting              
00003074  uxQueueMessagesWaitingFromISR       
00003028  uxQueueSpacesAvailable              
00000f94  uxTaskGetNumberOfTasks              
00001f20  uxTaskGetStackHighWaterMark         
0000c8a4  uxTaskGetSystemState                
00001888  uxTaskGetTaskNumber                 
00000670  uxTaskPriorityGet                   
000006b4  uxTaskPriorityGetFromISR            
000022ec  uxTaskResetEventItemValue           
0000c9ec  vApplicationTickHook                
00010268  vListInitialise                     
000102c0  vListInitialiseItem                 
00010350  vListInsert                         
000102dc  vListInsertEnd                      
00003d48  vPortEndScheduler                   
00003fec  vPortFree                           
00004104  vPortInitialiseBlocks               
00003860  vPortInitialiseFPSCR                
00003760  vPortPreemptiveTick                 
00003874  vPortSWI                            
000034f0  vPortStartFirstTask                 
00003ab0  vPortStoreTaskMPUSettings           
0000366c  vPortYeildWithinAPI                 
00003580  vPortYieldProcessor                 
000030a4  vQueueDelete                        
000030ec  vQueueSetQueueNumber                
00001a2c  vTaskAllocateMPURegions             
000005a4  vTaskDelay                          
0000040c  vTaskDelayUntil                     
000002cc  vTaskDelete                         
00000d84  vTaskEndScheduler                   
00002198  vTaskGetRunTimeStats                
00002004  vTaskList                           
00001878  vTaskMissedYield                    
0000d130  vTaskNotifyGiveFromISR              
00001394  vTaskPlaceOnEventList               
00001448  vTaskPlaceOnUnorderedEventList      
000006fc  vTaskPrioritySet                    
00000b00  vTaskResume                         
000018c8  vTaskSetTaskNumber                  
00001730  vTaskSetTimeOutState                
00000ccc  vTaskStartScheduler                 
000008f4  vTaskSuspend                        
00000da0  vTaskSuspendAll                     
00001250  vTaskSwitchContext                  
0000d380  vimChannelMap                       
0000d57c  vimDisableInterrupt                 
0000d424  vimEnableInterrupt                  
0000d600  vimGetConfigValue                   
0000d2ac  vimInit                             
00008e00  vimParityCheck                      
0000fad8  vimParityErrorHandler               
000040ec  xPortGetFreeHeapSize                
000040f8  xPortGetMinimumEverFreeHeapSize     
00003d24  xPortStartScheduler                 
00002494  xQueueGenericCreate                 
00002b04  xQueueGenericReceive                
0000236c  xQueueGenericReset                  
000025a8  xQueueGenericSend                   
00002868  xQueueGenericSendFromISR            
000029f0  xQueueGiveFromISR                   
00003410  xQueueIsQueueEmptyFromISR           
0000349c  xQueueIsQueueFullFromISR            
00002efc  xQueuePeekFromISR                   
00002dc4  xQueueReceiveFromISR                
00001770  xTaskCheckForTimeOut                
00000020  xTaskGenericCreate                  
00001fa0  xTaskGetSchedulerState              
00000f54  xTaskGetTickCount                   
00000f70  xTaskGetTickCountFromISR            
00001008  xTaskIncrementTick                  
0000cdb0  xTaskNotify                         
0000cf5c  xTaskNotifyFromISR                  
0000cc2c  xTaskNotifyWait                     
00001540  xTaskRemoveFromEventList            
0000162c  xTaskRemoveFromUnorderedEventList   
00000db4  xTaskResumeAll                      
00000be4  xTaskResumeFromISR                  


GLOBAL SYMBOLS: SORTED BY Symbol Address 

address   name                                
-------   ----                                
00000000  __TI_static_base__                  
00000000  resetEntry                          
00000020  xTaskGenericCreate                  
000002cc  vTaskDelete                         
0000040c  vTaskDelayUntil                     
000005a4  vTaskDelay                          
00000670  uxTaskPriorityGet                   
000006b4  uxTaskPriorityGetFromISR            
000006fc  vTaskPrioritySet                    
000008f4  vTaskSuspend                        
00000b00  vTaskResume                         
00000be4  xTaskResumeFromISR                  
00000ccc  vTaskStartScheduler                 
00000d84  vTaskEndScheduler                   
00000da0  vTaskSuspendAll                     
00000db4  xTaskResumeAll                      
00000f54  xTaskGetTickCount                   
00000f70  xTaskGetTickCountFromISR            
00000f94  uxTaskGetNumberOfTasks              
00000fa0  pcTaskGetTaskName                   
00001008  xTaskIncrementTick                  
00001250  vTaskSwitchContext                  
00001394  vTaskPlaceOnEventList               
00001448  vTaskPlaceOnUnorderedEventList      
00001540  xTaskRemoveFromEventList            
0000162c  xTaskRemoveFromUnorderedEventList   
00001730  vTaskSetTimeOutState                
00001770  xTaskCheckForTimeOut                
00001878  vTaskMissedYield                    
00001888  uxTaskGetTaskNumber                 
000018c8  vTaskSetTaskNumber                  
00001a2c  vTaskAllocateMPURegions             
00001f20  uxTaskGetStackHighWaterMark         
00001fa0  xTaskGetSchedulerState              
00002004  vTaskList                           
00002198  vTaskGetRunTimeStats                
000022ec  uxTaskResetEventItemValue           
0000236c  xQueueGenericReset                  
00002494  xQueueGenericCreate                 
000025a8  xQueueGenericSend                   
00002868  xQueueGenericSendFromISR            
000029f0  xQueueGiveFromISR                   
00002b04  xQueueGenericReceive                
00002dc4  xQueueReceiveFromISR                
00002efc  xQueuePeekFromISR                   
00002ff0  uxQueueMessagesWaiting              
00003028  uxQueueSpacesAvailable              
00003074  uxQueueMessagesWaitingFromISR       
000030a4  vQueueDelete                        
000030d4  uxQueueGetQueueNumber               
000030ec  vQueueSetQueueNumber                
0000310c  ucQueueGetQueueType                 
00003410  xQueueIsQueueEmptyFromISR           
0000349c  xQueueIsQueueFullFromISR            
000034f0  vPortStartFirstTask                 
00003580  vPortYieldProcessor                 
0000366c  vPortYeildWithinAPI                 
00003760  vPortPreemptiveTick                 
00003860  vPortInitialiseFPSCR                
0000386c  ulPortCountLeadingZeros             
00003874  vPortSWI                            
00003944  prvMpuSetRegion                     
0000395c  prvMpuEnable                        
00003974  prvMpuDisable                       
0000399c  pxPortInitialiseStack               
00003ab0  vPortStoreTaskMPUSettings           
00003d24  xPortStartScheduler                 
00003d48  vPortEndScheduler                   
00003d7c  pvPortMalloc                        
00003fec  vPortFree                           
000040ec  xPortGetFreeHeapSize                
000040f8  xPortGetMinimumEverFreeHeapSize     
00004104  vPortInitialiseBlocks               
0000415c  __TI_Handler_Table_Base             
00004168  __TI_Handler_Table_Limit            
00004178  __TI_CINIT_Base                     
00004198  __TI_CINIT_Limit                    
00008020  selftestFailNotification            
00008030  ccmSelfCheck                        
00008174  memoryInit                          
000081b8  stcSelfCheck                        
00008234  cpuSelfTest                         
000082cc  pbistSelfCheck                      
000084ac  pbistRun                            
00008578  pbistStop                           
000085a8  pbistIsTestCompleted                
000085d4  pbistIsTestPassed                   
00008608  pbistPortTestStatus                 
00008660  efcCheck                            
000086e8  efcStuckZeroTest                    
00008794  efcSelfTest                         
000087bc  checkefcSelfTest                    
0000885c  fmcBus2Check                        
00008898  fmcECCcheck                         
00008938  checkB0RAMECC                       
00008b28  checkB1RAMECC                       
00008d18  checkFlashECC                       
00008df4  custom_dabort                       
00008df8  stcSelfCheckFail                    
00008dfc  cpuSelfTestFail                     
00008e00  vimParityCheck                      
00008eac  dmaParityCheck                      
00008f58  het1ParityCheck                     
00009004  htu1ParityCheck                     
000090c0  het2ParityCheck                     
000091bc  htu2ParityCheck                     
0000926c  adc1ParityCheck                     
00009358  adc2ParityCheck                     
00009410  can1ParityCheck                     
000094e8  can2ParityCheck                     
000095b0  can3ParityCheck                     
00009684  mibspi1ParityCheck                  
0000978c  mibspi3ParityCheck                  
000098b0  mibspi5ParityCheck                  
000099d0  checkRAMECC                         
00009c18  checkClockMonitor                   
00009cf4  checkFlashEEPROMECC                 
00009e8c  checkPLL1Slip                       
00009f8c  checkPLL2Slip                       
0000a050  checkRAMAddrParity                  
0000a15c  checkRAMUERRTest                    
0000a2c4  fmcBus1ParityCheck                  
0000a3ec  pbistFail                           
0000a470  pbistGetConfigValue                 
0000a5bc  stcGetConfigValue                   
0000a660  efcGetConfigValue                   
0000a6fc  ccmr4GetConfigValue                 
0000a76c  errata_PBIST_4                      
0000aad0  enableParity                        
0000ab58  disableParity                       
0000b4c1  __TI_printfi                        
0000bd7b  __aeabi_idiv0                       
0000bd7c  setupPLL                            
0000bddc  trimLPO                             
0000be24  setupFlash                          
0000be64  periphInit                          
0000beb8  mapClocks                           
0000bfe0  systemInit                          
0000c0ac  systemPowerDown                     
0000c0dc  systemGetConfigValue                
0000c4f0  tcmflashGetConfigValue              
0000c69c  sramGetConfigValue                  
0000c8a4  uxTaskGetSystemState                
0000c9ec  vApplicationTickHook                
0000cadc  ulTaskNotifyTake                    
0000cc2c  xTaskNotifyWait                     
0000cdb0  xTaskNotify                         
0000cf5c  xTaskNotifyFromISR                  
0000d130  vTaskNotifyGiveFromISR              
0000d2ac  vimInit                             
0000d380  vimChannelMap                       
0000d424  vimEnableInterrupt                  
0000d57c  vimDisableInterrupt                 
0000d600  vimGetConfigValue                   
0000db48  muxInit                             
0000decc  pinmuxGetConfigValue                
0000e180  MPU_xTaskGenericCreate              
0000e1f4  MPU_vTaskAllocateMPURegions         
0000e228  MPU_vTaskDelete                     
0000e254  MPU_vTaskDelayUntil                 
0000e288  MPU_vTaskDelay                      
0000e2b4  MPU_uxTaskPriorityGet               
0000e2e8  MPU_vTaskPrioritySet                
0000e31c  MPU_vTaskSuspend                    
0000e348  MPU_vTaskResume                     
0000e374  MPU_vTaskSuspendAll                 
0000e398  MPU_xTaskResumeAll                  
0000e3c4  MPU_xTaskGetTickCount               
0000e3f0  MPU_uxTaskGetNumberOfTasks          
0000e41c  MPU_vTaskList                       
0000e448  MPU_vTaskGetRunTimeStats            
0000e474  MPU_uxTaskGetStackHighWaterMark     
0000e4a8  MPU_xTaskGetSchedulerState          
0000e4d4  MPU_xQueueGenericCreate             
0000e520  MPU_xQueueGenericSend               
0000e574  MPU_uxQueueMessagesWaiting          
0000e5a8  MPU_xQueueGenericReceive            
0000e5fc  MPU_vQueueDelete                    
0000e628  MPU_xQueueGenericReset              
0000e66c  MPU_xQueuePeekFromISR               
0000e6b0  MPU_pvPortMalloc                    
0000e6e4  MPU_vPortFree                       
0000e710  MPU_vPortInitialiseBlocks           
0000e734  MPU_xPortGetFreeHeapSize            
0000e760  esmInit                             
0000e868  esmError                            
0000e884  esmEnableError                      
0000e8b0  esmDisableError                     
0000e8dc  esmTriggerErrorPinReset             
0000e8ec  esmActivateNormalOperation          
0000e8fc  esmEnableInterrupt                  
0000e928  esmDisableInterrupt                 
0000e954  esmSetInterruptLevel                
0000e9d0  esmClearStatus                      
0000ea14  esmClearStatusBuffer                
0000ea30  esmSetCounterPreloadValue           
0000ea50  esmGetStatus                        
0000ead4  esmGetStatusBuffer                  
0000eb0c  esmEnterSelfTest                    
0000eb94  esmSelfTestStatus                   
0000ebe4  esmGetConfigValue                   
0000ed38  gioInit                             
0000ee08  gioSetDirection                     
0000ee28  gioSetBit                           
0000ee78  gioSetPort                          
0000ee98  gioGetBit                           
0000eec0  gioGetPort                          
0000eed8  gioToggleBit                        
0000ef30  gioEnableNotification               
0000ef98  gioDisableNotification              
0000f000  gioGetConfigValue                   
0000f1bc  _coreInitRegisters_                 
0000f2c8  _coreInitStackPointer_              
0000f314  _getCPSRValue_                      
0000f31c  _gotoCPUIdle_                       
0000f334  _coreEnableVfp_                     
0000f354  _coreEnableEventBusExport_          
0000f36c  _coreDisableEventBusExport_         
0000f384  _coreEnableRamEcc_                  
0000f39c  _coreDisableRamEcc_                 
0000f3b4  _coreEnableFlashEcc_                
0000f3d0  _coreDisableFlashEcc_               
0000f3e8  _coreEnableIrqVicOffset_            
0000f400  _coreGetDataFault_                  
0000f408  _coreClearDataFault_                
0000f41c  _coreGetInstructionFault_           
0000f424  _coreClearInstructionFault_         
0000f438  _coreGetDataFaultAddress_           
0000f440  _coreClearDataFaultAddress_         
0000f454  _coreGetInstructionFaultAddress_    
0000f45c  _coreClearInstructionFaultAddress_  
0000f470  _coreGetAuxiliaryDataFault_         
0000f478  _coreClearAuxiliaryDataFault_       
0000f48c  _coreGetAuxiliaryInstructionFault_  
0000f494  _coreClearAuxiliaryInstructionFault_
0000f4a8  _disable_interrupt_                 
0000f4b0  _disable_FIQ_interrupt_             
0000f4b8  _disable_IRQ_interrupt_             
0000f4c0  _enable_interrupt_                  
0000f4c8  _esmCcmErrorsClear_                 
0000f550  _errata_CORTEXR4_57_                
0000f568  _errata_CORTEXR4_66_                
0000f580  __TI_PINIT_Base                     
0000f584  __TI_PINIT_Limit                    
0000f588  __aeabi_uldivmod                    
0000f840  _c_int00                            
0000fad8  vimParityErrorHandler               
0000fff0  make_capacity                       
00010054  CAWarningTask                       
0001008c  hillAssistTask                      
000100cc  initializeProfiler                  
000100e8  getProfilerTimerCount               
000100f4  main                                
00010268  vListInitialise                     
000102c0  vListInitialiseItem                 
000102dc  vListInsertEnd                      
00010350  vListInsert                         
00010414  uxListRemove                        
000104a0  can1HighLevelInterrupt              
00010588  can2HighLevelInterrupt              
00010854  esmHighInterrupt                    
00010968  _pmuInit_                           
000109bc  _pmuEnableCountersGlobal_           
000109d4  _pmuDisableCountersGlobal_          
000109ec  _pmuResetCycleCounter_              
00010a04  _pmuResetEventCounters_             
00010a1c  _pmuResetCounters_                  
00010a34  _pmuStartCounters_                  
00010a3c  _pmuStopCounters_                   
00010a44  _pmuSetCountEvent_                  
00010a50  _pmuGetCycleCount_                  
00010a58  _pmuGetEventCount_                  
00010a64  _pmuGetOverflow_                    
00010a79  ldexp                               
00010a79  ldexpl                              
00010a79  scalbn                              
00010a79  scalbnl                             
00010b6c  _dabort                             
00010c54  esmGroup1Notification               
00010c64  esmGroup2Notification               
00010c74  memoryPort0TestFailNotification     
00010c90  memoryPort1TestFailNotification     
00010cac  canErrorNotification                
00010cc0  canStatusChangeNotification         
00010cd4  canMessageNotification              
00010ce8  gioNotification                     
00010cfc  sciNotification                     
00010d10  dmaGroupANotification               
00010d25  __aeabi_memcpy                      
00010d25  __aeabi_memcpy4                     
00010d25  __aeabi_memcpy8                     
00010d25  memcpy                              
00010dc1  __aeabi_memclr                      
00010dc1  __aeabi_memclr4                     
00010dc1  __aeabi_memclr8                     
00010dc3  __aeabi_memset                      
00010dc3  __aeabi_memset4                     
00010dc3  __aeabi_memset8                     
00010dc9  memset                              
00010e3b  _system_post_cinit                  
00010e3d  frexp                               
00010e3d  frexpl                              
00010eb1  __TI_auto_init                      
00010f21  __TI_decompress_lzss                
00010f8d  sprintf                             
00010ff1  ltoa                                
00011045  atoi                                
00011095  C$$EXIT                             
00011099  abort                               
000110a1  exit                                
000110e4  __aeabi_uidiv                       
000110e4  __aeabi_uidivmod                    
00011135  copy_in                             
00011181  memccpy                             
0001119d  copysign                            
0001119d  copysignl                           
000111b5  strchr                              
000111cb  strlen                              
000111e1  _register_unlock                    
000111e7  _register_lock                      
000111ef  _nop                                
000111f5  strcpy                              
00011209  __TI_decompress_none                
00011217  __TI_zero_init                      
00011224  phantomInterrupt                    
000113a8  _ctypes_                            
08000934  pxCurrentTCB                        
0800096c  ulCriticalNesting                   
08000970  ulTaskHasFPUContext                 
08003000  intvectreg                          
08003004  intindexreg                         
08003008  impicit_deadline1                   
0800300c  impicit_deadline2                   
08003010  impicit_deadline3                   
08003014  impicit_deadline4                   
08003018  impicit_deadline5                   
0800301c  impicit_deadline6                   
08003030  __TI_cleanup_ptr                    
08003034  __TI_dtors_ptr                      
08003038  __TI_enable_exit_profile_output     
0800303c  _lock                               
08003040  _unlock                             
08003044  errno                               
08003048  para1                               
08003058  para2                               
08003070  CAWarningTaskTcb                    
08003074  hillAssistTcb                       
ffffffff  __TI_pprof_out_hndl                 
ffffffff  __TI_prof_data_size                 
ffffffff  __TI_prof_data_start                
ffffffff  __binit__                           
ffffffff  __c_args__                          
ffffffff  binit                               
UNDEFED   SHT$$INIT_ARRAY$$Base               
UNDEFED   SHT$$INIT_ARRAY$$Limit              

[355 symbols]
