<?xml version="1.0"?>
<link_info>
   <banner>TI ARM Linker PC v16.9.6.LTS</banner>
   <copyright>Copyright (c) 1996-2017 Texas Instruments Incorporated</copyright>
   <link_time>0x5abe4ba6</link_time>
   <link_errors>0x0</link_errors>
   <output_file>free_rtos_matlab.out</output_file>
   <entry_point>
      <name>_c_int00</name>
      <address>0x10194</address>
   </entry_point>
   <input_file_list>
      <input_file id="fl-2">
         <path>.\source\</path>
         <kind>object</kind>
         <file>can.obj</file>
         <name>can.obj</name>
      </input_file>
      <input_file id="fl-3">
         <path>.\source\</path>
         <kind>object</kind>
         <file>dabort.obj</file>
         <name>dabort.obj</name>
      </input_file>
      <input_file id="fl-4">
         <path>.\source\</path>
         <kind>object</kind>
         <file>esm.obj</file>
         <name>esm.obj</name>
      </input_file>
      <input_file id="fl-5">
         <path>.\source\</path>
         <kind>object</kind>
         <file>gio.obj</file>
         <name>gio.obj</name>
      </input_file>
      <input_file id="fl-6">
         <path>.\source\</path>
         <kind>object</kind>
         <file>notification.obj</file>
         <name>notification.obj</name>
      </input_file>
      <input_file id="fl-7">
         <path>.\source\</path>
         <kind>object</kind>
         <file>os_croutine.obj</file>
         <name>os_croutine.obj</name>
      </input_file>
      <input_file id="fl-8">
         <path>.\source\</path>
         <kind>object</kind>
         <file>os_event_groups.obj</file>
         <name>os_event_groups.obj</name>
      </input_file>
      <input_file id="fl-9">
         <path>.\source\</path>
         <kind>object</kind>
         <file>os_heap.obj</file>
         <name>os_heap.obj</name>
      </input_file>
      <input_file id="fl-a">
         <path>.\source\</path>
         <kind>object</kind>
         <file>os_list.obj</file>
         <name>os_list.obj</name>
      </input_file>
      <input_file id="fl-b">
         <path>.\source\</path>
         <kind>object</kind>
         <file>os_mpu_wrappers.obj</file>
         <name>os_mpu_wrappers.obj</name>
      </input_file>
      <input_file id="fl-c">
         <path>.\source\</path>
         <kind>object</kind>
         <file>os_port.obj</file>
         <name>os_port.obj</name>
      </input_file>
      <input_file id="fl-d">
         <path>.\source\</path>
         <kind>object</kind>
         <file>os_portasm.obj</file>
         <name>os_portasm.obj</name>
      </input_file>
      <input_file id="fl-e">
         <path>.\source\</path>
         <kind>object</kind>
         <file>os_queue.obj</file>
         <name>os_queue.obj</name>
      </input_file>
      <input_file id="fl-f">
         <path>.\source\</path>
         <kind>object</kind>
         <file>os_tasks.obj</file>
         <name>os_tasks.obj</name>
      </input_file>
      <input_file id="fl-10">
         <path>.\source\</path>
         <kind>object</kind>
         <file>os_timer.obj</file>
         <name>os_timer.obj</name>
      </input_file>
      <input_file id="fl-11">
         <path>.\source\</path>
         <kind>object</kind>
         <file>pinmux.obj</file>
         <name>pinmux.obj</name>
      </input_file>
      <input_file id="fl-12">
         <path>.\source\</path>
         <kind>object</kind>
         <file>runTimeStatsTimer.obj</file>
         <name>runTimeStatsTimer.obj</name>
      </input_file>
      <input_file id="fl-13">
         <path>.\source\</path>
         <kind>object</kind>
         <file>sci.obj</file>
         <name>sci.obj</name>
      </input_file>
      <input_file id="fl-14">
         <path>.\source\</path>
         <kind>object</kind>
         <file>sys_core.obj</file>
         <name>sys_core.obj</name>
      </input_file>
      <input_file id="fl-15">
         <path>.\source\</path>
         <kind>object</kind>
         <file>sys_dma.obj</file>
         <name>sys_dma.obj</name>
      </input_file>
      <input_file id="fl-16">
         <path>.\source\</path>
         <kind>object</kind>
         <file>sys_intvecs.obj</file>
         <name>sys_intvecs.obj</name>
      </input_file>
      <input_file id="fl-17">
         <path>.\source\</path>
         <kind>object</kind>
         <file>sys_main.obj</file>
         <name>sys_main.obj</name>
      </input_file>
      <input_file id="fl-18">
         <path>.\source\</path>
         <kind>object</kind>
         <file>sys_mpu.obj</file>
         <name>sys_mpu.obj</name>
      </input_file>
      <input_file id="fl-19">
         <path>.\source\</path>
         <kind>object</kind>
         <file>sys_pcr.obj</file>
         <name>sys_pcr.obj</name>
      </input_file>
      <input_file id="fl-1a">
         <path>.\source\</path>
         <kind>object</kind>
         <file>sys_phantom.obj</file>
         <name>sys_phantom.obj</name>
      </input_file>
      <input_file id="fl-1b">
         <path>.\source\</path>
         <kind>object</kind>
         <file>sys_pmm.obj</file>
         <name>sys_pmm.obj</name>
      </input_file>
      <input_file id="fl-1c">
         <path>.\source\</path>
         <kind>object</kind>
         <file>sys_pmu.obj</file>
         <name>sys_pmu.obj</name>
      </input_file>
      <input_file id="fl-1d">
         <path>.\source\</path>
         <kind>object</kind>
         <file>sys_selftest.obj</file>
         <name>sys_selftest.obj</name>
      </input_file>
      <input_file id="fl-1e">
         <path>.\source\</path>
         <kind>object</kind>
         <file>sys_startup.obj</file>
         <name>sys_startup.obj</name>
      </input_file>
      <input_file id="fl-1f">
         <path>.\source\</path>
         <kind>object</kind>
         <file>sys_vim.obj</file>
         <name>sys_vim.obj</name>
      </input_file>
      <input_file id="fl-20">
         <path>.\source\</path>
         <kind>object</kind>
         <file>system.obj</file>
         <name>system.obj</name>
      </input_file>
      <input_file id="fl-24">
         <kind>object</kind>
         <file>&lt;internal&gt;</file>
         <name>&lt;internal&gt;</name>
      </input_file>
      <input_file id="fl-25">
         <path>D:\RTOS\ccsv7\tools\compiler\ti-cgt-arm_16.9.6.LTS\lib\</path>
         <kind>archive</kind>
         <file>rtsv7R4_T_be_v3D16_eabi.lib</file>
         <name>autoinit.obj</name>
      </input_file>
      <input_file id="fl-26">
         <path>D:\RTOS\ccsv7\tools\compiler\ti-cgt-arm_16.9.6.LTS\lib\</path>
         <kind>archive</kind>
         <file>rtsv7R4_T_be_v3D16_eabi.lib</file>
         <name>copy_decompress_lzss.obj</name>
      </input_file>
      <input_file id="fl-27">
         <path>D:\RTOS\ccsv7\tools\compiler\ti-cgt-arm_16.9.6.LTS\lib\</path>
         <kind>archive</kind>
         <file>rtsv7R4_T_be_v3D16_eabi.lib</file>
         <name>copy_decompress_none.obj</name>
      </input_file>
      <input_file id="fl-28">
         <path>D:\RTOS\ccsv7\tools\compiler\ti-cgt-arm_16.9.6.LTS\lib\</path>
         <kind>archive</kind>
         <file>rtsv7R4_T_be_v3D16_eabi.lib</file>
         <name>copy_zero_init.obj</name>
      </input_file>
      <input_file id="fl-29">
         <path>D:\RTOS\ccsv7\tools\compiler\ti-cgt-arm_16.9.6.LTS\lib\</path>
         <kind>archive</kind>
         <file>rtsv7R4_T_be_v3D16_eabi.lib</file>
         <name>cpy_tbl.obj</name>
      </input_file>
      <input_file id="fl-2a">
         <path>D:\RTOS\ccsv7\tools\compiler\ti-cgt-arm_16.9.6.LTS\lib\</path>
         <kind>archive</kind>
         <file>rtsv7R4_T_be_v3D16_eabi.lib</file>
         <name>exit.obj</name>
      </input_file>
      <input_file id="fl-2b">
         <path>D:\RTOS\ccsv7\tools\compiler\ti-cgt-arm_16.9.6.LTS\lib\</path>
         <kind>archive</kind>
         <file>rtsv7R4_T_be_v3D16_eabi.lib</file>
         <name>memcpy_t2.obj</name>
      </input_file>
      <input_file id="fl-2c">
         <path>D:\RTOS\ccsv7\tools\compiler\ti-cgt-arm_16.9.6.LTS\lib\</path>
         <kind>archive</kind>
         <file>rtsv7R4_T_be_v3D16_eabi.lib</file>
         <name>memset_t2.obj</name>
      </input_file>
      <input_file id="fl-2d">
         <path>D:\RTOS\ccsv7\tools\compiler\ti-cgt-arm_16.9.6.LTS\lib\</path>
         <kind>archive</kind>
         <file>rtsv7R4_T_be_v3D16_eabi.lib</file>
         <name>printf.obj</name>
      </input_file>
      <input_file id="fl-2e">
         <path>D:\RTOS\ccsv7\tools\compiler\ti-cgt-arm_16.9.6.LTS\lib\</path>
         <kind>archive</kind>
         <file>rtsv7R4_T_be_v3D16_eabi.lib</file>
         <name>sprintf.obj</name>
      </input_file>
      <input_file id="fl-2f">
         <path>D:\RTOS\ccsv7\tools\compiler\ti-cgt-arm_16.9.6.LTS\lib\</path>
         <kind>archive</kind>
         <file>rtsv7R4_T_be_v3D16_eabi.lib</file>
         <name>startup.obj</name>
      </input_file>
      <input_file id="fl-30">
         <path>D:\RTOS\ccsv7\tools\compiler\ti-cgt-arm_16.9.6.LTS\lib\</path>
         <kind>archive</kind>
         <file>rtsv7R4_T_be_v3D16_eabi.lib</file>
         <name>strcpy.obj</name>
      </input_file>
      <input_file id="fl-31">
         <path>D:\RTOS\ccsv7\tools\compiler\ti-cgt-arm_16.9.6.LTS\lib\</path>
         <kind>archive</kind>
         <file>rtsv7R4_T_be_v3D16_eabi.lib</file>
         <name>strlen.obj</name>
      </input_file>
      <input_file id="fl-32">
         <path>D:\RTOS\ccsv7\tools\compiler\ti-cgt-arm_16.9.6.LTS\lib\</path>
         <kind>archive</kind>
         <file>rtsv7R4_T_be_v3D16_eabi.lib</file>
         <name>u_div32.obj</name>
      </input_file>
      <input_file id="fl-33">
         <path>D:\RTOS\ccsv7\tools\compiler\ti-cgt-arm_16.9.6.LTS\lib\</path>
         <kind>archive</kind>
         <file>rtsv7R4_T_be_v3D16_eabi.lib</file>
         <name>_lock.obj</name>
      </input_file>
      <input_file id="fl-34">
         <path>D:\RTOS\ccsv7\tools\compiler\ti-cgt-arm_16.9.6.LTS\lib\</path>
         <kind>archive</kind>
         <file>rtsv7R4_T_be_v3D16_eabi.lib</file>
         <name>_printfi.obj</name>
      </input_file>
      <input_file id="fl-35">
         <path>D:\RTOS\ccsv7\tools\compiler\ti-cgt-arm_16.9.6.LTS\lib\</path>
         <kind>archive</kind>
         <file>rtsv7R4_T_be_v3D16_eabi.lib</file>
         <name>atoi.obj</name>
      </input_file>
      <input_file id="fl-36">
         <path>D:\RTOS\ccsv7\tools\compiler\ti-cgt-arm_16.9.6.LTS\lib\</path>
         <kind>archive</kind>
         <file>rtsv7R4_T_be_v3D16_eabi.lib</file>
         <name>ctype.obj</name>
      </input_file>
      <input_file id="fl-37">
         <path>D:\RTOS\ccsv7\tools\compiler\ti-cgt-arm_16.9.6.LTS\lib\</path>
         <kind>archive</kind>
         <file>rtsv7R4_T_be_v3D16_eabi.lib</file>
         <name>defs.obj</name>
      </input_file>
      <input_file id="fl-38">
         <path>D:\RTOS\ccsv7\tools\compiler\ti-cgt-arm_16.9.6.LTS\lib\</path>
         <kind>archive</kind>
         <file>rtsv7R4_T_be_v3D16_eabi.lib</file>
         <name>fputc.obj</name>
      </input_file>
      <input_file id="fl-39">
         <path>D:\RTOS\ccsv7\tools\compiler\ti-cgt-arm_16.9.6.LTS\lib\</path>
         <kind>archive</kind>
         <file>rtsv7R4_T_be_v3D16_eabi.lib</file>
         <name>fputs.obj</name>
      </input_file>
      <input_file id="fl-3a">
         <path>D:\RTOS\ccsv7\tools\compiler\ti-cgt-arm_16.9.6.LTS\lib\</path>
         <kind>archive</kind>
         <file>rtsv7R4_T_be_v3D16_eabi.lib</file>
         <name>i_div0.obj</name>
      </input_file>
      <input_file id="fl-3b">
         <path>D:\RTOS\ccsv7\tools\compiler\ti-cgt-arm_16.9.6.LTS\lib\</path>
         <kind>archive</kind>
         <file>rtsv7R4_T_be_v3D16_eabi.lib</file>
         <name>ltoa.obj</name>
      </input_file>
      <input_file id="fl-3c">
         <path>D:\RTOS\ccsv7\tools\compiler\ti-cgt-arm_16.9.6.LTS\lib\</path>
         <kind>archive</kind>
         <file>rtsv7R4_T_be_v3D16_eabi.lib</file>
         <name>memccpy.obj</name>
      </input_file>
      <input_file id="fl-3d">
         <path>D:\RTOS\ccsv7\tools\compiler\ti-cgt-arm_16.9.6.LTS\lib\</path>
         <kind>archive</kind>
         <file>rtsv7R4_T_be_v3D16_eabi.lib</file>
         <name>memchr.obj</name>
      </input_file>
      <input_file id="fl-3e">
         <path>D:\RTOS\ccsv7\tools\compiler\ti-cgt-arm_16.9.6.LTS\lib\</path>
         <kind>archive</kind>
         <file>rtsv7R4_T_be_v3D16_eabi.lib</file>
         <name>s_frexp.obj</name>
      </input_file>
      <input_file id="fl-3f">
         <path>D:\RTOS\ccsv7\tools\compiler\ti-cgt-arm_16.9.6.LTS\lib\</path>
         <kind>archive</kind>
         <file>rtsv7R4_T_be_v3D16_eabi.lib</file>
         <name>s_scalbn.obj</name>
      </input_file>
      <input_file id="fl-40">
         <path>D:\RTOS\ccsv7\tools\compiler\ti-cgt-arm_16.9.6.LTS\lib\</path>
         <kind>archive</kind>
         <file>rtsv7R4_T_be_v3D16_eabi.lib</file>
         <name>strchr.obj</name>
      </input_file>
      <input_file id="fl-41">
         <path>D:\RTOS\ccsv7\tools\compiler\ti-cgt-arm_16.9.6.LTS\lib\</path>
         <kind>archive</kind>
         <file>rtsv7R4_T_be_v3D16_eabi.lib</file>
         <name>ull_div32.obj</name>
      </input_file>
      <input_file id="fl-42">
         <path>D:\RTOS\ccsv7\tools\compiler\ti-cgt-arm_16.9.6.LTS\lib\</path>
         <kind>archive</kind>
         <file>rtsv7R4_T_be_v3D16_eabi.lib</file>
         <name>write.obj</name>
      </input_file>
      <input_file id="fl-43">
         <path>D:\RTOS\ccsv7\tools\compiler\ti-cgt-arm_16.9.6.LTS\lib\</path>
         <kind>archive</kind>
         <file>rtsv7R4_T_be_v3D16_eabi.lib</file>
         <name>_io_perm.obj</name>
      </input_file>
      <input_file id="fl-44">
         <path>D:\RTOS\ccsv7\tools\compiler\ti-cgt-arm_16.9.6.LTS\lib\</path>
         <kind>archive</kind>
         <file>rtsv7R4_T_be_v3D16_eabi.lib</file>
         <name>errno.obj</name>
      </input_file>
      <input_file id="fl-45">
         <path>D:\RTOS\ccsv7\tools\compiler\ti-cgt-arm_16.9.6.LTS\lib\</path>
         <kind>archive</kind>
         <file>rtsv7R4_T_be_v3D16_eabi.lib</file>
         <name>fflush.obj</name>
      </input_file>
      <input_file id="fl-46">
         <path>D:\RTOS\ccsv7\tools\compiler\ti-cgt-arm_16.9.6.LTS\lib\</path>
         <kind>archive</kind>
         <file>rtsv7R4_T_be_v3D16_eabi.lib</file>
         <name>fseek.obj</name>
      </input_file>
      <input_file id="fl-47">
         <path>D:\RTOS\ccsv7\tools\compiler\ti-cgt-arm_16.9.6.LTS\lib\</path>
         <kind>archive</kind>
         <file>rtsv7R4_T_be_v3D16_eabi.lib</file>
         <name>hostclose.obj</name>
      </input_file>
      <input_file id="fl-48">
         <path>D:\RTOS\ccsv7\tools\compiler\ti-cgt-arm_16.9.6.LTS\lib\</path>
         <kind>archive</kind>
         <file>rtsv7R4_T_be_v3D16_eabi.lib</file>
         <name>hostlseek.obj</name>
      </input_file>
      <input_file id="fl-49">
         <path>D:\RTOS\ccsv7\tools\compiler\ti-cgt-arm_16.9.6.LTS\lib\</path>
         <kind>archive</kind>
         <file>rtsv7R4_T_be_v3D16_eabi.lib</file>
         <name>hostopen.obj</name>
      </input_file>
      <input_file id="fl-4a">
         <path>D:\RTOS\ccsv7\tools\compiler\ti-cgt-arm_16.9.6.LTS\lib\</path>
         <kind>archive</kind>
         <file>rtsv7R4_T_be_v3D16_eabi.lib</file>
         <name>hostread.obj</name>
      </input_file>
      <input_file id="fl-4b">
         <path>D:\RTOS\ccsv7\tools\compiler\ti-cgt-arm_16.9.6.LTS\lib\</path>
         <kind>archive</kind>
         <file>rtsv7R4_T_be_v3D16_eabi.lib</file>
         <name>hostrename.obj</name>
      </input_file>
      <input_file id="fl-4c">
         <path>D:\RTOS\ccsv7\tools\compiler\ti-cgt-arm_16.9.6.LTS\lib\</path>
         <kind>archive</kind>
         <file>rtsv7R4_T_be_v3D16_eabi.lib</file>
         <name>hostunlink.obj</name>
      </input_file>
      <input_file id="fl-4d">
         <path>D:\RTOS\ccsv7\tools\compiler\ti-cgt-arm_16.9.6.LTS\lib\</path>
         <kind>archive</kind>
         <file>rtsv7R4_T_be_v3D16_eabi.lib</file>
         <name>hostwrite.obj</name>
      </input_file>
      <input_file id="fl-4e">
         <path>D:\RTOS\ccsv7\tools\compiler\ti-cgt-arm_16.9.6.LTS\lib\</path>
         <kind>archive</kind>
         <file>rtsv7R4_T_be_v3D16_eabi.lib</file>
         <name>lseek.obj</name>
      </input_file>
      <input_file id="fl-4f">
         <path>D:\RTOS\ccsv7\tools\compiler\ti-cgt-arm_16.9.6.LTS\lib\</path>
         <kind>archive</kind>
         <file>rtsv7R4_T_be_v3D16_eabi.lib</file>
         <name>s_copysign.obj</name>
      </input_file>
      <input_file id="fl-50">
         <path>D:\RTOS\ccsv7\tools\compiler\ti-cgt-arm_16.9.6.LTS\lib\</path>
         <kind>archive</kind>
         <file>rtsv7R4_T_be_v3D16_eabi.lib</file>
         <name>setvbuf.obj</name>
      </input_file>
      <input_file id="fl-51">
         <path>D:\RTOS\ccsv7\tools\compiler\ti-cgt-arm_16.9.6.LTS\lib\</path>
         <kind>archive</kind>
         <file>rtsv7R4_T_be_v3D16_eabi.lib</file>
         <name>trgmsg.obj</name>
      </input_file>
      <input_file id="fl-52">
         <path>D:\RTOS\ccsv7\tools\compiler\ti-cgt-arm_16.9.6.LTS\lib\</path>
         <kind>archive</kind>
         <file>rtsv7R4_T_be_v3D16_eabi.lib</file>
         <name>fopen.obj</name>
      </input_file>
      <input_file id="fl-53">
         <path>D:\RTOS\ccsv7\tools\compiler\ti-cgt-arm_16.9.6.LTS\lib\</path>
         <kind>archive</kind>
         <file>rtsv7R4_T_be_v3D16_eabi.lib</file>
         <name>memory.obj</name>
      </input_file>
      <input_file id="fl-54">
         <path>D:\RTOS\ccsv7\tools\compiler\ti-cgt-arm_16.9.6.LTS\lib\</path>
         <kind>archive</kind>
         <file>rtsv7R4_T_be_v3D16_eabi.lib</file>
         <name>open.obj</name>
      </input_file>
      <input_file id="fl-55">
         <path>D:\RTOS\ccsv7\tools\compiler\ti-cgt-arm_16.9.6.LTS\lib\</path>
         <kind>archive</kind>
         <file>rtsv7R4_T_be_v3D16_eabi.lib</file>
         <name>fclose.obj</name>
      </input_file>
      <input_file id="fl-56">
         <path>D:\RTOS\ccsv7\tools\compiler\ti-cgt-arm_16.9.6.LTS\lib\</path>
         <kind>archive</kind>
         <file>rtsv7R4_T_be_v3D16_eabi.lib</file>
         <name>getdevice.obj</name>
      </input_file>
      <input_file id="fl-57">
         <path>D:\RTOS\ccsv7\tools\compiler\ti-cgt-arm_16.9.6.LTS\lib\</path>
         <kind>archive</kind>
         <file>rtsv7R4_T_be_v3D16_eabi.lib</file>
         <name>remove.obj</name>
      </input_file>
      <input_file id="fl-58">
         <path>D:\RTOS\ccsv7\tools\compiler\ti-cgt-arm_16.9.6.LTS\lib\</path>
         <kind>archive</kind>
         <file>rtsv7R4_T_be_v3D16_eabi.lib</file>
         <name>strcmp.obj</name>
      </input_file>
      <input_file id="fl-59">
         <path>D:\RTOS\ccsv7\tools\compiler\ti-cgt-arm_16.9.6.LTS\lib\</path>
         <kind>archive</kind>
         <file>rtsv7R4_T_be_v3D16_eabi.lib</file>
         <name>strncpy.obj</name>
      </input_file>
      <input_file id="fl-5a">
         <path>D:\RTOS\ccsv7\tools\compiler\ti-cgt-arm_16.9.6.LTS\lib\</path>
         <kind>archive</kind>
         <file>rtsv7R4_T_be_v3D16_eabi.lib</file>
         <name>unlink.obj</name>
      </input_file>
      <input_file id="fl-5b">
         <path>D:\RTOS\ccsv7\tools\compiler\ti-cgt-arm_16.9.6.LTS\lib\</path>
         <kind>archive</kind>
         <file>rtsv7R4_T_be_v3D16_eabi.lib</file>
         <name>close.obj</name>
      </input_file>
   </input_file_list>
   <object_component_list>
      <object_component id="oc-35">
         <name>.intvecs</name>
         <load_address>0x0</load_address>
         <run_address>0x0</run_address>
         <size>0x20</size>
         <input_file_ref idref="fl-16"/>
      </object_component>
      <object_component id="oc-10f">
         <name>.kernelTEXT</name>
         <load_address>0x20</load_address>
         <run_address>0x20</run_address>
         <size>0x2308</size>
         <input_file_ref idref="fl-f"/>
      </object_component>
      <object_component id="oc-1ce">
         <name>.kernelTEXT</name>
         <load_address>0x2328</load_address>
         <run_address>0x2328</run_address>
         <size>0x1180</size>
         <input_file_ref idref="fl-e"/>
      </object_component>
      <object_component id="oc-a8">
         <name>.kernelTEXT</name>
         <load_address>0x34a8</load_address>
         <run_address>0x34a8</run_address>
         <size>0x4b0</size>
         <input_file_ref idref="fl-d"/>
      </object_component>
      <object_component id="oc-1f2">
         <name>.kernelTEXT</name>
         <load_address>0x3958</load_address>
         <run_address>0x3958</run_address>
         <size>0x3e0</size>
         <input_file_ref idref="fl-c"/>
      </object_component>
      <object_component id="oc-1d4">
         <name>.kernelTEXT</name>
         <load_address>0x3d38</load_address>
         <run_address>0x3d38</run_address>
         <size>0x3a4</size>
         <input_file_ref idref="fl-9"/>
      </object_component>
      <object_component id="oc-4e3">
         <name>.cinit..data.load</name>
         <load_address>0x48e0</load_address>
         <run_address>0x48e0</run_address>
         <size>0x85</size>
      </object_component>
      <object_component id="oc-4e0">
         <name>.cinit..kernelBSS.load</name>
         <load_address>0x4965</load_address>
         <run_address>0x4965</run_address>
         <size>0x13</size>
      </object_component>
      <object_component id="oc-4de">
         <name>__TI_handler_table</name>
         <load_address>0x4978</load_address>
         <run_address>0x4978</run_address>
         <size>0xc</size>
      </object_component>
      <object_component id="oc-4e2">
         <name>.cinit..bss.load</name>
         <load_address>0x4988</load_address>
         <run_address>0x4988</run_address>
         <size>0x8</size>
      </object_component>
      <object_component id="oc-4e1">
         <name>.cinit..kernelHEAP.load</name>
         <load_address>0x4990</load_address>
         <run_address>0x4990</run_address>
         <size>0x8</size>
      </object_component>
      <object_component id="oc-4df">
         <name>__TI_cinit_table</name>
         <load_address>0x4998</load_address>
         <run_address>0x4998</run_address>
         <size>0x20</size>
      </object_component>
      <object_component id="oc-7d">
         <name>.text</name>
         <load_address>0x8020</load_address>
         <run_address>0x8020</run_address>
         <size>0x2cdc</size>
         <input_file_ref idref="fl-1d"/>
      </object_component>
      <object_component id="oc-2a8">
         <name>.text</name>
         <load_address>0xacfc</load_address>
         <run_address>0xacfc</run_address>
         <size>0x107e</size>
         <input_file_ref idref="fl-34"/>
      </object_component>
      <object_component id="oc-2b7">
         <name>.text</name>
         <load_address>0xbd7a</load_address>
         <run_address>0xbd7a</run_address>
         <size>0x2</size>
         <input_file_ref idref="fl-3a"/>
      </object_component>
      <object_component id="oc-1f8">
         <name>.text</name>
         <load_address>0xbd7c</load_address>
         <run_address>0xbd7c</run_address>
         <size>0xf84</size>
         <input_file_ref idref="fl-f"/>
      </object_component>
      <object_component id="oc-77">
         <name>.text</name>
         <load_address>0xcd00</load_address>
         <run_address>0xcd00</run_address>
         <size>0xb28</size>
         <input_file_ref idref="fl-20"/>
      </object_component>
      <object_component id="oc-41">
         <name>.text</name>
         <load_address>0xd828</load_address>
         <run_address>0xd828</run_address>
         <size>0x89c</size>
         <input_file_ref idref="fl-1f"/>
      </object_component>
      <object_component id="oc-df">
         <name>.text</name>
         <load_address>0xe0c4</load_address>
         <run_address>0xe0c4</run_address>
         <size>0x638</size>
         <input_file_ref idref="fl-11"/>
      </object_component>
      <object_component id="oc-103">
         <name>.text</name>
         <load_address>0xe6fc</load_address>
         <run_address>0xe6fc</run_address>
         <size>0x5e0</size>
         <input_file_ref idref="fl-b"/>
      </object_component>
      <object_component id="oc-83">
         <name>.text</name>
         <load_address>0xecdc</load_address>
         <run_address>0xecdc</run_address>
         <size>0x5d8</size>
         <input_file_ref idref="fl-4"/>
      </object_component>
      <object_component id="oc-109">
         <name>.text</name>
         <load_address>0xf2b4</load_address>
         <run_address>0xf2b4</run_address>
         <size>0x484</size>
         <input_file_ref idref="fl-5"/>
      </object_component>
      <object_component id="oc-3d7">
         <name>.text</name>
         <load_address>0xf738</load_address>
         <run_address>0xf738</run_address>
         <size>0x3d8</size>
         <input_file_ref idref="fl-53"/>
      </object_component>
      <object_component id="oc-72">
         <name>.text</name>
         <load_address>0xfb10</load_address>
         <run_address>0xfb10</run_address>
         <size>0x3cc</size>
         <input_file_ref idref="fl-14"/>
      </object_component>
      <object_component id="oc-302">
         <name>.text</name>
         <load_address>0xfedc</load_address>
         <run_address>0xfedc</run_address>
         <size>0x2b8</size>
         <input_file_ref idref="fl-41"/>
      </object_component>
      <object_component id="oc-20">
         <name>.text:retain</name>
         <load_address>0x10194</load_address>
         <run_address>0x10194</run_address>
         <size>0x298</size>
         <input_file_ref idref="fl-1e"/>
      </object_component>
      <object_component id="oc-40">
         <name>.text:retain</name>
         <load_address>0x1042c</load_address>
         <run_address>0x1042c</run_address>
         <size>0x294</size>
         <input_file_ref idref="fl-1f"/>
      </object_component>
      <object_component id="oc-266">
         <name>.text</name>
         <load_address>0x106c0</load_address>
         <run_address>0x106c0</run_address>
         <size>0x284</size>
         <input_file_ref idref="fl-9"/>
      </object_component>
      <object_component id="oc-8f">
         <name>.text</name>
         <load_address>0x10944</load_address>
         <run_address>0x10944</run_address>
         <size>0x278</size>
         <input_file_ref idref="fl-17"/>
      </object_component>
      <object_component id="oc-1fe">
         <name>.text</name>
         <load_address>0x10bbc</load_address>
         <run_address>0x10bbc</run_address>
         <size>0x238</size>
         <input_file_ref idref="fl-a"/>
      </object_component>
      <object_component id="oc-26">
         <name>.text:retain</name>
         <load_address>0x10df4</load_address>
         <run_address>0x10df4</run_address>
         <size>0x200</size>
         <input_file_ref idref="fl-2"/>
      </object_component>
      <object_component id="oc-3dd">
         <name>.text</name>
         <load_address>0x10ff4</load_address>
         <run_address>0x10ff4</run_address>
         <size>0x1c8</size>
         <input_file_ref idref="fl-52"/>
      </object_component>
      <object_component id="oc-280">
         <name>.text</name>
         <load_address>0x111bc</load_address>
         <run_address>0x111bc</run_address>
         <size>0x1b4</size>
         <input_file_ref idref="fl-c"/>
      </object_component>
      <object_component id="oc-2f1">
         <name>.text</name>
         <load_address>0x11370</load_address>
         <run_address>0x11370</run_address>
         <size>0x138</size>
         <input_file_ref idref="fl-39"/>
      </object_component>
      <object_component id="oc-2f">
         <name>.text:retain</name>
         <load_address>0x114a8</load_address>
         <run_address>0x114a8</run_address>
         <size>0x114</size>
         <input_file_ref idref="fl-4"/>
      </object_component>
      <object_component id="oc-e7">
         <name>.text</name>
         <load_address>0x115bc</load_address>
         <run_address>0x115bc</run_address>
         <size>0x110</size>
         <input_file_ref idref="fl-1c"/>
      </object_component>
      <object_component id="oc-313">
         <name>.text</name>
         <load_address>0x116cc</load_address>
         <run_address>0x116cc</run_address>
         <size>0xf4</size>
         <input_file_ref idref="fl-3f"/>
      </object_component>
      <object_component id="oc-b1">
         <name>.text</name>
         <load_address>0x117c0</load_address>
         <run_address>0x117c0</run_address>
         <size>0xe8</size>
         <input_file_ref idref="fl-3"/>
      </object_component>
      <object_component id="oc-3a3">
         <name>.text</name>
         <load_address>0x118a8</load_address>
         <run_address>0x118a8</run_address>
         <size>0xdc</size>
         <input_file_ref idref="fl-50"/>
      </object_component>
      <object_component id="oc-9c">
         <name>.text</name>
         <load_address>0x11984</load_address>
         <run_address>0x11984</run_address>
         <size>0xd0</size>
         <input_file_ref idref="fl-6"/>
      </object_component>
      <object_component id="oc-355">
         <name>.text</name>
         <load_address>0x11a54</load_address>
         <run_address>0x11a54</run_address>
         <size>0xcc</size>
         <input_file_ref idref="fl-45"/>
      </object_component>
      <object_component id="oc-40d">
         <name>.text</name>
         <load_address>0x11b20</load_address>
         <run_address>0x11b20</run_address>
         <size>0xbc</size>
         <input_file_ref idref="fl-54"/>
      </object_component>
      <object_component id="oc-34f">
         <name>.text</name>
         <load_address>0x11bdc</load_address>
         <run_address>0x11bdc</run_address>
         <size>0xae</size>
         <input_file_ref idref="fl-43"/>
      </object_component>
      <object_component id="oc-5a">
         <name>.text</name>
         <load_address>0x11c8a</load_address>
         <run_address>0x11c8a</run_address>
         <size>0x9c</size>
         <input_file_ref idref="fl-2b"/>
      </object_component>
      <object_component id="oc-fb">
         <name>.text</name>
         <load_address>0x11d26</load_address>
         <run_address>0x11d26</run_address>
         <size>0x2</size>
         <input_file_ref idref="fl-2f"/>
      </object_component>
      <object_component id="oc-413">
         <name>.text</name>
         <load_address>0x11d28</load_address>
         <run_address>0x11d28</run_address>
         <size>0x98</size>
         <input_file_ref idref="fl-55"/>
      </object_component>
      <object_component id="oc-2eb">
         <name>.text</name>
         <load_address>0x11dc0</load_address>
         <run_address>0x11dc0</run_address>
         <size>0x98</size>
         <input_file_ref idref="fl-38"/>
      </object_component>
      <object_component id="oc-66">
         <name>.text</name>
         <load_address>0x11e58</load_address>
         <run_address>0x11e58</run_address>
         <size>0x7a</size>
         <input_file_ref idref="fl-2c"/>
      </object_component>
      <object_component id="oc-44e">
         <name>.text</name>
         <load_address>0x11ed4</load_address>
         <run_address>0x11ed4</run_address>
         <size>0x74</size>
         <input_file_ref idref="fl-56"/>
      </object_component>
      <object_component id="oc-30d">
         <name>.text</name>
         <load_address>0x11f48</load_address>
         <run_address>0x11f48</run_address>
         <size>0x74</size>
         <input_file_ref idref="fl-3e"/>
      </object_component>
      <object_component id="oc-89">
         <name>.text</name>
         <load_address>0x11fbc</load_address>
         <run_address>0x11fbc</run_address>
         <size>0x70</size>
         <input_file_ref idref="fl-25"/>
      </object_component>
      <object_component id="oc-288">
         <name>.text</name>
         <load_address>0x1202c</load_address>
         <run_address>0x1202c</run_address>
         <size>0x70</size>
         <input_file_ref idref="fl-2d"/>
      </object_component>
      <object_component id="oc-e">
         <name>.text:decompress:lzss</name>
         <load_address>0x1209c</load_address>
         <run_address>0x1209c</run_address>
         <size>0x6c</size>
         <input_file_ref idref="fl-26"/>
      </object_component>
      <object_component id="oc-468">
         <name>.text</name>
         <load_address>0x12108</load_address>
         <run_address>0x12108</run_address>
         <size>0x6c</size>
         <input_file_ref idref="fl-51"/>
      </object_component>
      <object_component id="oc-436">
         <name>.text</name>
         <load_address>0x12174</load_address>
         <run_address>0x12174</run_address>
         <size>0x68</size>
         <input_file_ref idref="fl-48"/>
      </object_component>
      <object_component id="oc-442">
         <name>.text</name>
         <load_address>0x121dc</load_address>
         <run_address>0x121dc</run_address>
         <size>0x68</size>
         <input_file_ref idref="fl-4b"/>
      </object_component>
      <object_component id="oc-39d">
         <name>.text</name>
         <load_address>0x12244</load_address>
         <run_address>0x12244</run_address>
         <size>0x64</size>
         <input_file_ref idref="fl-46"/>
      </object_component>
      <object_component id="oc-20a">
         <name>.text</name>
         <load_address>0x122a8</load_address>
         <run_address>0x122a8</run_address>
         <size>0x64</size>
         <input_file_ref idref="fl-2e"/>
      </object_component>
      <object_component id="oc-41e">
         <name>.text</name>
         <load_address>0x1230c</load_address>
         <run_address>0x1230c</run_address>
         <size>0x5c</size>
         <input_file_ref idref="fl-49"/>
      </object_component>
      <object_component id="oc-42a">
         <name>.text</name>
         <load_address>0x12368</load_address>
         <run_address>0x12368</run_address>
         <size>0x5c</size>
         <input_file_ref idref="fl-4a"/>
      </object_component>
      <object_component id="oc-457">
         <name>.text</name>
         <load_address>0x123c4</load_address>
         <run_address>0x123c4</run_address>
         <size>0x58</size>
         <input_file_ref idref="fl-5b"/>
      </object_component>
      <object_component id="oc-430">
         <name>.text</name>
         <load_address>0x1241c</load_address>
         <run_address>0x1241c</run_address>
         <size>0x58</size>
         <input_file_ref idref="fl-4d"/>
      </object_component>
      <object_component id="oc-307">
         <name>.text</name>
         <load_address>0x12474</load_address>
         <run_address>0x12474</run_address>
         <size>0x54</size>
         <input_file_ref idref="fl-3b"/>
      </object_component>
      <object_component id="oc-31f">
         <name>.text</name>
         <load_address>0x124c8</load_address>
         <run_address>0x124c8</run_address>
         <size>0x50</size>
         <input_file_ref idref="fl-35"/>
      </object_component>
      <object_component id="oc-95">
         <name>.text</name>
         <load_address>0x12518</load_address>
         <run_address>0x12518</run_address>
         <size>0x50</size>
         <input_file_ref idref="fl-2a"/>
      </object_component>
      <object_component id="oc-216">
         <name>.text</name>
         <load_address>0x12568</load_address>
         <run_address>0x12568</run_address>
         <size>0x50</size>
         <input_file_ref idref="fl-32"/>
      </object_component>
      <object_component id="oc-f5">
         <name>.text</name>
         <load_address>0x125b8</load_address>
         <run_address>0x125b8</run_address>
         <size>0x4c</size>
         <input_file_ref idref="fl-29"/>
      </object_component>
      <object_component id="oc-424">
         <name>.text</name>
         <load_address>0x12604</load_address>
         <run_address>0x12604</run_address>
         <size>0x44</size>
         <input_file_ref idref="fl-47"/>
      </object_component>
      <object_component id="oc-43c">
         <name>.text</name>
         <load_address>0x12648</load_address>
         <run_address>0x12648</run_address>
         <size>0x44</size>
         <input_file_ref idref="fl-4c"/>
      </object_component>
      <object_component id="oc-484">
         <name>.text</name>
         <load_address>0x1268c</load_address>
         <run_address>0x1268c</run_address>
         <size>0x36</size>
         <input_file_ref idref="fl-59"/>
      </object_component>
      <object_component id="oc-45d">
         <name>.text</name>
         <load_address>0x126c4</load_address>
         <run_address>0x126c4</run_address>
         <size>0x2c</size>
         <input_file_ref idref="fl-5a"/>
      </object_component>
      <object_component id="oc-3cf">
         <name>.text</name>
         <load_address>0x126f0</load_address>
         <run_address>0x126f0</run_address>
         <size>0x28</size>
         <input_file_ref idref="fl-4e"/>
      </object_component>
      <object_component id="oc-35b">
         <name>.text</name>
         <load_address>0x12718</load_address>
         <run_address>0x12718</run_address>
         <size>0x28</size>
         <input_file_ref idref="fl-42"/>
      </object_component>
      <object_component id="oc-363">
         <name>.text</name>
         <load_address>0x12740</load_address>
         <run_address>0x12740</run_address>
         <size>0x20</size>
         <input_file_ref idref="fl-3d"/>
      </object_component>
      <object_component id="oc-325">
         <name>.text</name>
         <load_address>0x12760</load_address>
         <run_address>0x12760</run_address>
         <size>0x1c</size>
         <input_file_ref idref="fl-3c"/>
      </object_component>
      <object_component id="oc-382">
         <name>.text</name>
         <load_address>0x1277c</load_address>
         <run_address>0x1277c</run_address>
         <size>0x18</size>
         <input_file_ref idref="fl-4f"/>
      </object_component>
      <object_component id="oc-47e">
         <name>.text</name>
         <load_address>0x12794</load_address>
         <run_address>0x12794</run_address>
         <size>0x18</size>
         <input_file_ref idref="fl-58"/>
      </object_component>
      <object_component id="oc-319">
         <name>.text</name>
         <load_address>0x127ac</load_address>
         <run_address>0x127ac</run_address>
         <size>0x16</size>
         <input_file_ref idref="fl-40"/>
      </object_component>
      <object_component id="oc-210">
         <name>.text</name>
         <load_address>0x127c2</load_address>
         <run_address>0x127c2</run_address>
         <size>0x16</size>
         <input_file_ref idref="fl-31"/>
      </object_component>
      <object_component id="oc-22d">
         <name>.text</name>
         <load_address>0x127d8</load_address>
         <run_address>0x127d8</run_address>
         <size>0x14</size>
         <input_file_ref idref="fl-33"/>
      </object_component>
      <object_component id="oc-28e">
         <name>.text</name>
         <load_address>0x127ec</load_address>
         <run_address>0x127ec</run_address>
         <size>0x14</size>
         <input_file_ref idref="fl-30"/>
      </object_component>
      <object_component id="oc-14">
         <name>.text:decompress:none</name>
         <load_address>0x12800</load_address>
         <run_address>0x12800</run_address>
         <size>0xe</size>
         <input_file_ref idref="fl-27"/>
      </object_component>
      <object_component id="oc-1a">
         <name>.text:decompress:ZI</name>
         <load_address>0x1280e</load_address>
         <run_address>0x1280e</run_address>
         <size>0xc</size>
         <input_file_ref idref="fl-28"/>
      </object_component>
      <object_component id="oc-3a">
         <name>.text:retain</name>
         <load_address>0x1281c</load_address>
         <run_address>0x1281c</run_address>
         <size>0x4</size>
         <input_file_ref idref="fl-1a"/>
      </object_component>
      <object_component id="oc-2c">
         <name>.const:s_vim_init</name>
         <load_address>0x12820</load_address>
         <run_address>0x12820</run_address>
         <size>0x180</size>
         <input_file_ref idref="fl-1f"/>
      </object_component>
      <object_component id="oc-38f">
         <name>.const:.string:_ctypes_</name>
         <load_address>0x129a0</load_address>
         <run_address>0x129a0</run_address>
         <size>0x101</size>
         <input_file_ref idref="fl-36"/>
      </object_component>
      <object_component id="oc-26f">
         <name>.const</name>
         <load_address>0x12aa4</load_address>
         <run_address>0x12aa4</run_address>
         <size>0x4</size>
         <input_file_ref idref="fl-9"/>
      </object_component>
      <object_component id="oc-141">
         <name>.kernelBSS</name>
         <load_address>0x8000980</load_address>
         <run_address>0x8000980</run_address>
         <size>0x8</size>
         <input_file_ref idref="fl-c"/>
      </object_component>
      <object_component id="oc-13e">
         <name>.kernelBSS:init</name>
         <load_address>0x8000948</load_address>
         <run_address>0x8000948</run_address>
         <size>0x38</size>
         <input_file_ref idref="fl-f"/>
      </object_component>
      <object_component id="oc-204">
         <name>.kernelBSS:uninit</name>
         <load_address>0x8000800</load_address>
         <run_address>0x8000800</run_address>
         <size>0x148</size>
         <input_file_ref idref="fl-f"/>
      </object_component>
      <object_component id="oc-2d7">
         <name>.kernelHEAP</name>
         <uninitialized>true</uninitialized>
         <run_address>0x8001000</run_address>
         <size>0x2000</size>
         <input_file_ref idref="fl-9"/>
      </object_component>
      <object_component id="oc-272">
         <name>.bss:xStart</name>
         <uninitialized>true</uninitialized>
         <run_address>0x8003408</run_address>
         <size>0x8</size>
         <input_file_ref idref="fl-9"/>
      </object_component>
      <object_component id="oc-494">
         <name>.bss:_CIOBUF_</name>
         <uninitialized>true</uninitialized>
         <run_address>0x8003228</run_address>
         <size>0x120</size>
         <input_file_ref idref="fl-51"/>
      </object_component>
      <object_component id="oc-207">
         <name>.common:critical_time_instance</name>
         <uninitialized>true</uninitialized>
         <run_address>0x800341c</run_address>
         <size>0x4</size>
      </object_component>
      <object_component id="oc-11b">
         <name>.common:CAWarningTaskTcb</name>
         <uninitialized>true</uninitialized>
         <run_address>0x8003418</run_address>
         <size>0x4</size>
      </object_component>
      <object_component id="oc-11d">
         <name>.common:hillAssistTcb</name>
         <uninitialized>true</uninitialized>
         <run_address>0x8003420</run_address>
         <size>0x4</size>
      </object_component>
      <object_component id="oc-118">
         <name>.common:para1</name>
         <uninitialized>true</uninitialized>
         <run_address>0x80033e8</run_address>
         <size>0x10</size>
      </object_component>
      <object_component id="oc-11c">
         <name>.common:para2</name>
         <uninitialized>true</uninitialized>
         <run_address>0x80033f8</run_address>
         <size>0x10</size>
      </object_component>
      <object_component id="oc-463">
         <name>.common:__TI_tmpnams</name>
         <uninitialized>true</uninitialized>
         <run_address>0x8003348</run_address>
         <size>0xa0</size>
      </object_component>
      <object_component id="oc-46e">
         <name>.common:parmbuf</name>
         <uninitialized>true</uninitialized>
         <run_address>0x8003410</run_address>
         <size>0x8</size>
      </object_component>
      <object_component id="oc-26c">
         <name>.data</name>
         <load_address>0x80031d8</load_address>
         <run_address>0x80031d8</run_address>
         <size>0x10</size>
         <input_file_ref idref="fl-9"/>
      </object_component>
      <object_component id="oc-294">
         <name>.data</name>
         <load_address>0x8003224</load_address>
         <run_address>0x8003224</run_address>
         <size>0x1</size>
         <input_file_ref idref="fl-f"/>
      </object_component>
      <object_component id="oc-115">
         <name>.data</name>
         <load_address>0x80031b8</load_address>
         <run_address>0x80031b8</run_address>
         <size>0x20</size>
         <input_file_ref idref="fl-17"/>
      </object_component>
      <object_component id="oc-12e">
         <name>.data:$O1$$</name>
         <load_address>0x80031f8</load_address>
         <run_address>0x80031f8</run_address>
         <size>0xc</size>
         <input_file_ref idref="fl-2a"/>
      </object_component>
      <object_component id="oc-131">
         <name>.data:$O1$$</name>
         <load_address>0x8003210</load_address>
         <run_address>0x8003210</run_address>
         <size>0x8</size>
         <input_file_ref idref="fl-33"/>
      </object_component>
      <object_component id="oc-2f7">
         <name>.data:_ftable</name>
         <load_address>0x8003000</load_address>
         <run_address>0x8003000</run_address>
         <size>0xf0</size>
         <input_file_ref idref="fl-37"/>
      </object_component>
      <object_component id="oc-3ab">
         <name>.data</name>
         <load_address>0x80031e8</load_address>
         <run_address>0x80031e8</run_address>
         <size>0x10</size>
         <input_file_ref idref="fl-37"/>
      </object_component>
      <object_component id="oc-3f0">
         <name>.data:_device</name>
         <load_address>0x80030f0</load_address>
         <run_address>0x80030f0</run_address>
         <size>0x78</size>
         <input_file_ref idref="fl-42"/>
      </object_component>
      <object_component id="oc-3b0">
         <name>.data:_stream</name>
         <load_address>0x8003168</load_address>
         <run_address>0x8003168</run_address>
         <size>0x50</size>
         <input_file_ref idref="fl-42"/>
      </object_component>
      <object_component id="oc-388">
         <name>.data</name>
         <load_address>0x8003218</load_address>
         <run_address>0x8003218</run_address>
         <size>0x4</size>
         <input_file_ref idref="fl-44"/>
      </object_component>
      <object_component id="oc-419">
         <name>.data</name>
         <load_address>0x800321c</load_address>
         <run_address>0x800321c</run_address>
         <size>0x4</size>
         <input_file_ref idref="fl-52"/>
      </object_component>
      <object_component id="oc-409">
         <name>.data:$O1$$</name>
         <load_address>0x8003204</load_address>
         <run_address>0x8003204</run_address>
         <size>0xc</size>
         <input_file_ref idref="fl-53"/>
      </object_component>
      <object_component id="oc-454">
         <name>.data</name>
         <load_address>0x8003220</load_address>
         <run_address>0x8003220</run_address>
         <size>0x4</size>
         <input_file_ref idref="fl-54"/>
      </object_component>
      <object_component id="oc-16b">
         <name>.debug_info</name>
         <load_address>0x0</load_address>
         <run_address>0x0</run_address>
         <size>0x3bb</size>
         <input_file_ref idref="fl-2"/>
      </object_component>
      <object_component id="oc-27">
         <name>.debug_info</name>
         <load_address>0x3bb</load_address>
         <run_address>0x3bb</run_address>
         <size>0x2aa</size>
         <input_file_ref idref="fl-2"/>
      </object_component>
      <object_component id="oc-a3">
         <name>.debug_info</name>
         <load_address>0x665</load_address>
         <run_address>0x665</run_address>
         <size>0x157</size>
         <input_file_ref idref="fl-2"/>
      </object_component>
      <object_component id="oc-11f">
         <name>.debug_info</name>
         <load_address>0x7bc</load_address>
         <run_address>0x7bc</run_address>
         <size>0x8b</size>
         <input_file_ref idref="fl-2"/>
      </object_component>
      <object_component id="oc-b9">
         <name>.debug_info</name>
         <load_address>0x847</load_address>
         <run_address>0x847</run_address>
         <size>0x18c</size>
         <input_file_ref idref="fl-2"/>
      </object_component>
      <object_component id="oc-129">
         <name>.debug_info</name>
         <load_address>0x9d3</load_address>
         <run_address>0x9d3</run_address>
         <size>0x18b</size>
         <input_file_ref idref="fl-2"/>
      </object_component>
      <object_component id="oc-be">
         <name>.debug_info</name>
         <load_address>0xb5e</load_address>
         <run_address>0xb5e</run_address>
         <size>0x86</size>
         <input_file_ref idref="fl-2"/>
      </object_component>
      <object_component id="oc-18d">
         <name>.debug_info</name>
         <load_address>0xbe4</load_address>
         <run_address>0xbe4</run_address>
         <size>0x437</size>
         <input_file_ref idref="fl-2"/>
      </object_component>
      <object_component id="oc-246">
         <name>.debug_info</name>
         <load_address>0x101b</load_address>
         <run_address>0x101b</run_address>
         <size>0x15f</size>
         <input_file_ref idref="fl-2"/>
      </object_component>
      <object_component id="oc-160">
         <name>.debug_info</name>
         <load_address>0x117a</load_address>
         <run_address>0x117a</run_address>
         <size>0x2cf</size>
         <input_file_ref idref="fl-2"/>
      </object_component>
      <object_component id="oc-b2">
         <name>.debug_info</name>
         <load_address>0x1449</load_address>
         <run_address>0x1449</run_address>
         <size>0xfa</size>
         <input_file_ref idref="fl-3"/>
      </object_component>
      <object_component id="oc-f4">
         <name>.debug_info</name>
         <load_address>0x1543</load_address>
         <run_address>0x1543</run_address>
         <size>0x2fc</size>
         <input_file_ref idref="fl-4"/>
      </object_component>
      <object_component id="oc-86">
         <name>.debug_info</name>
         <load_address>0x183f</load_address>
         <run_address>0x183f</run_address>
         <size>0xb23</size>
         <input_file_ref idref="fl-4"/>
      </object_component>
      <object_component id="oc-31">
         <name>.debug_info</name>
         <load_address>0x2362</load_address>
         <run_address>0x2362</run_address>
         <size>0x183</size>
         <input_file_ref idref="fl-4"/>
      </object_component>
      <object_component id="oc-147">
         <name>.debug_info</name>
         <load_address>0x24e5</load_address>
         <run_address>0x24e5</run_address>
         <size>0x1de</size>
         <input_file_ref idref="fl-4"/>
      </object_component>
      <object_component id="oc-ef">
         <name>.debug_info</name>
         <load_address>0x26c3</load_address>
         <run_address>0x26c3</run_address>
         <size>0x129</size>
         <input_file_ref idref="fl-4"/>
      </object_component>
      <object_component id="oc-1f1">
         <name>.debug_info</name>
         <load_address>0x27ec</load_address>
         <run_address>0x27ec</run_address>
         <size>0x27f</size>
         <input_file_ref idref="fl-5"/>
      </object_component>
      <object_component id="oc-10d">
         <name>.debug_info</name>
         <load_address>0x2a6b</load_address>
         <run_address>0x2a6b</run_address>
         <size>0x6db</size>
         <input_file_ref idref="fl-5"/>
      </object_component>
      <object_component id="oc-151">
         <name>.debug_info</name>
         <load_address>0x3146</load_address>
         <run_address>0x3146</run_address>
         <size>0x1f9</size>
         <input_file_ref idref="fl-5"/>
      </object_component>
      <object_component id="oc-27b">
         <name>.debug_info</name>
         <load_address>0x333f</load_address>
         <run_address>0x333f</run_address>
         <size>0x12a</size>
         <input_file_ref idref="fl-5"/>
      </object_component>
      <object_component id="oc-138">
         <name>.debug_info</name>
         <load_address>0x3469</load_address>
         <run_address>0x3469</run_address>
         <size>0x473</size>
         <input_file_ref idref="fl-6"/>
      </object_component>
      <object_component id="oc-9d">
         <name>.debug_info</name>
         <load_address>0x38dc</load_address>
         <run_address>0x38dc</run_address>
         <size>0x9b5</size>
         <input_file_ref idref="fl-6"/>
      </object_component>
      <object_component id="oc-17e">
         <name>.debug_info</name>
         <load_address>0x4291</load_address>
         <run_address>0x4291</run_address>
         <size>0x60e</size>
         <input_file_ref idref="fl-6"/>
      </object_component>
      <object_component id="oc-183">
         <name>.debug_info</name>
         <load_address>0x489f</load_address>
         <run_address>0x489f</run_address>
         <size>0x4de</size>
         <input_file_ref idref="fl-6"/>
      </object_component>
      <object_component id="oc-188">
         <name>.debug_info</name>
         <load_address>0x4d7d</load_address>
         <run_address>0x4d7d</run_address>
         <size>0x3ce</size>
         <input_file_ref idref="fl-6"/>
      </object_component>
      <object_component id="oc-23b">
         <name>.debug_info</name>
         <load_address>0x514b</load_address>
         <run_address>0x514b</run_address>
         <size>0x7cd</size>
         <input_file_ref idref="fl-6"/>
      </object_component>
      <object_component id="oc-139">
         <name>.debug_info</name>
         <load_address>0x5918</load_address>
         <run_address>0x5918</run_address>
         <size>0x673</size>
         <input_file_ref idref="fl-6"/>
      </object_component>
      <object_component id="oc-d7">
         <name>.debug_info</name>
         <load_address>0x5f8b</load_address>
         <run_address>0x5f8b</run_address>
         <size>0x2c</size>
         <input_file_ref idref="fl-6"/>
      </object_component>
      <object_component id="oc-1b8">
         <name>.debug_info</name>
         <load_address>0x5fb7</load_address>
         <run_address>0x5fb7</run_address>
         <size>0x37b</size>
         <input_file_ref idref="fl-6"/>
      </object_component>
      <object_component id="oc-192">
         <name>.debug_info</name>
         <load_address>0x6332</load_address>
         <run_address>0x6332</run_address>
         <size>0x1ca</size>
         <input_file_ref idref="fl-6"/>
      </object_component>
      <object_component id="oc-14c">
         <name>.debug_info</name>
         <load_address>0x64fc</load_address>
         <run_address>0x64fc</run_address>
         <size>0x435</size>
         <input_file_ref idref="fl-6"/>
      </object_component>
      <object_component id="oc-1ab">
         <name>.debug_info</name>
         <load_address>0x6931</load_address>
         <run_address>0x6931</run_address>
         <size>0x551</size>
         <input_file_ref idref="fl-6"/>
      </object_component>
      <object_component id="oc-197">
         <name>.debug_info</name>
         <load_address>0x6e82</load_address>
         <run_address>0x6e82</run_address>
         <size>0x3d3</size>
         <input_file_ref idref="fl-6"/>
      </object_component>
      <object_component id="oc-1a1">
         <name>.debug_info</name>
         <load_address>0x7255</load_address>
         <run_address>0x7255</run_address>
         <size>0x1de</size>
         <input_file_ref idref="fl-6"/>
      </object_component>
      <object_component id="oc-220">
         <name>.debug_info</name>
         <load_address>0x7433</load_address>
         <run_address>0x7433</run_address>
         <size>0x243</size>
         <input_file_ref idref="fl-6"/>
      </object_component>
      <object_component id="oc-1b0">
         <name>.debug_info</name>
         <load_address>0x7676</load_address>
         <run_address>0x7676</run_address>
         <size>0x17a</size>
         <input_file_ref idref="fl-6"/>
      </object_component>
      <object_component id="oc-156">
         <name>.debug_info</name>
         <load_address>0x77f0</load_address>
         <run_address>0x77f0</run_address>
         <size>0x6a6</size>
         <input_file_ref idref="fl-6"/>
      </object_component>
      <object_component id="oc-15b">
         <name>.debug_info</name>
         <load_address>0x7e96</load_address>
         <run_address>0x7e96</run_address>
         <size>0x13e</size>
         <input_file_ref idref="fl-6"/>
      </object_component>
      <object_component id="oc-22a">
         <name>.debug_info</name>
         <load_address>0x7fd4</load_address>
         <run_address>0x7fd4</run_address>
         <size>0x4dc</size>
         <input_file_ref idref="fl-7"/>
      </object_component>
      <object_component id="oc-1e1">
         <name>.debug_info</name>
         <load_address>0x84b0</load_address>
         <run_address>0x84b0</run_address>
         <size>0x2ef</size>
         <input_file_ref idref="fl-7"/>
      </object_component>
      <object_component id="oc-124">
         <name>.debug_info</name>
         <load_address>0x879f</load_address>
         <run_address>0x879f</run_address>
         <size>0xe1</size>
         <input_file_ref idref="fl-7"/>
      </object_component>
      <object_component id="oc-55">
         <name>.debug_info</name>
         <load_address>0x8880</load_address>
         <run_address>0x8880</run_address>
         <size>0x84</size>
         <input_file_ref idref="fl-7"/>
      </object_component>
      <object_component id="oc-2c0">
         <name>.debug_info</name>
         <load_address>0x8904</load_address>
         <run_address>0x8904</run_address>
         <size>0xcc</size>
         <input_file_ref idref="fl-7"/>
      </object_component>
      <object_component id="oc-1db">
         <name>.debug_info</name>
         <load_address>0x89d0</load_address>
         <run_address>0x89d0</run_address>
         <size>0x2c</size>
         <input_file_ref idref="fl-7"/>
      </object_component>
      <object_component id="oc-1eb">
         <name>.debug_info</name>
         <load_address>0x89fc</load_address>
         <run_address>0x89fc</run_address>
         <size>0x46</size>
         <input_file_ref idref="fl-7"/>
      </object_component>
      <object_component id="oc-225">
         <name>.debug_info</name>
         <load_address>0x8a42</load_address>
         <run_address>0x8a42</run_address>
         <size>0x14c</size>
         <input_file_ref idref="fl-7"/>
      </object_component>
      <object_component id="oc-2d6">
         <name>.debug_info</name>
         <load_address>0x8b8e</load_address>
         <run_address>0x8b8e</run_address>
         <size>0x5ea</size>
         <input_file_ref idref="fl-8"/>
      </object_component>
      <object_component id="oc-261">
         <name>.debug_info</name>
         <load_address>0x9178</load_address>
         <run_address>0x9178</run_address>
         <size>0x110</size>
         <input_file_ref idref="fl-8"/>
      </object_component>
      <object_component id="oc-343">
         <name>.debug_info</name>
         <load_address>0x9288</load_address>
         <run_address>0x9288</run_address>
         <size>0x39</size>
         <input_file_ref idref="fl-8"/>
      </object_component>
      <object_component id="oc-2a3">
         <name>.debug_info</name>
         <load_address>0x92c1</load_address>
         <run_address>0x92c1</run_address>
         <size>0x46</size>
         <input_file_ref idref="fl-8"/>
      </object_component>
      <object_component id="oc-348">
         <name>.debug_info</name>
         <load_address>0x9307</load_address>
         <run_address>0x9307</run_address>
         <size>0x76</size>
         <input_file_ref idref="fl-8"/>
      </object_component>
      <object_component id="oc-276">
         <name>.debug_info</name>
         <load_address>0x937d</load_address>
         <run_address>0x937d</run_address>
         <size>0x397</size>
         <input_file_ref idref="fl-9"/>
      </object_component>
      <object_component id="oc-2d8">
         <name>.debug_info</name>
         <load_address>0x9714</load_address>
         <run_address>0x9714</run_address>
         <size>0xd4</size>
         <input_file_ref idref="fl-9"/>
      </object_component>
      <object_component id="oc-270">
         <name>.debug_info</name>
         <load_address>0x97e8</load_address>
         <run_address>0x97e8</run_address>
         <size>0xe6</size>
         <input_file_ref idref="fl-9"/>
      </object_component>
      <object_component id="oc-273">
         <name>.debug_info</name>
         <load_address>0x98ce</load_address>
         <run_address>0x98ce</run_address>
         <size>0xd4</size>
         <input_file_ref idref="fl-9"/>
      </object_component>
      <object_component id="oc-26d">
         <name>.debug_info</name>
         <load_address>0x99a2</load_address>
         <run_address>0x99a2</run_address>
         <size>0x188</size>
         <input_file_ref idref="fl-9"/>
      </object_component>
      <object_component id="oc-1d6">
         <name>.debug_info</name>
         <load_address>0x9b2a</load_address>
         <run_address>0x9b2a</run_address>
         <size>0x531</size>
         <input_file_ref idref="fl-9"/>
      </object_component>
      <object_component id="oc-267">
         <name>.debug_info</name>
         <load_address>0xa05b</load_address>
         <run_address>0xa05b</run_address>
         <size>0x2ab</size>
         <input_file_ref idref="fl-9"/>
      </object_component>
      <object_component id="oc-2e1">
         <name>.debug_info</name>
         <load_address>0xa306</load_address>
         <run_address>0xa306</run_address>
         <size>0x62</size>
         <input_file_ref idref="fl-9"/>
      </object_component>
      <object_component id="oc-29e">
         <name>.debug_info</name>
         <load_address>0xa368</load_address>
         <run_address>0xa368</run_address>
         <size>0x2cd</size>
         <input_file_ref idref="fl-a"/>
      </object_component>
      <object_component id="oc-202">
         <name>.debug_info</name>
         <load_address>0xa635</load_address>
         <run_address>0xa635</run_address>
         <size>0x4b2</size>
         <input_file_ref idref="fl-a"/>
      </object_component>
      <object_component id="oc-1e0">
         <name>.debug_info</name>
         <load_address>0xaae7</load_address>
         <run_address>0xaae7</run_address>
         <size>0x96c</size>
         <input_file_ref idref="fl-b"/>
      </object_component>
      <object_component id="oc-106">
         <name>.debug_info</name>
         <load_address>0xb453</load_address>
         <run_address>0xb453</run_address>
         <size>0x23c7</size>
         <input_file_ref idref="fl-b"/>
      </object_component>
      <object_component id="oc-1e6">
         <name>.debug_info</name>
         <load_address>0xd81a</load_address>
         <run_address>0xd81a</run_address>
         <size>0x46</size>
         <input_file_ref idref="fl-b"/>
      </object_component>
      <object_component id="oc-287">
         <name>.debug_info</name>
         <load_address>0xd860</load_address>
         <run_address>0xd860</run_address>
         <size>0x3eb</size>
         <input_file_ref idref="fl-c"/>
      </object_component>
      <object_component id="oc-142">
         <name>.debug_info</name>
         <load_address>0xdc4b</load_address>
         <run_address>0xdc4b</run_address>
         <size>0x122</size>
         <input_file_ref idref="fl-c"/>
      </object_component>
      <object_component id="oc-1f5">
         <name>.debug_info</name>
         <load_address>0xdd6d</load_address>
         <run_address>0xdd6d</run_address>
         <size>0x5b4</size>
         <input_file_ref idref="fl-c"/>
      </object_component>
      <object_component id="oc-283">
         <name>.debug_info</name>
         <load_address>0xe321</load_address>
         <run_address>0xe321</run_address>
         <size>0x35a</size>
         <input_file_ref idref="fl-c"/>
      </object_component>
      <object_component id="oc-ab">
         <name>.debug_info</name>
         <load_address>0xe67b</load_address>
         <run_address>0xe67b</run_address>
         <size>0x4db</size>
         <input_file_ref idref="fl-d"/>
      </object_component>
      <object_component id="oc-260">
         <name>.debug_info</name>
         <load_address>0xeb56</load_address>
         <run_address>0xeb56</run_address>
         <size>0x66b</size>
         <input_file_ref idref="fl-e"/>
      </object_component>
      <object_component id="oc-1d0">
         <name>.debug_info</name>
         <load_address>0xf1c1</load_address>
         <run_address>0xf1c1</run_address>
         <size>0x22b7</size>
         <input_file_ref idref="fl-e"/>
      </object_component>
      <object_component id="oc-2d1">
         <name>.debug_info</name>
         <load_address>0x11478</load_address>
         <run_address>0x11478</run_address>
         <size>0x17d</size>
         <input_file_ref idref="fl-e"/>
      </object_component>
      <object_component id="oc-208">
         <name>.debug_info</name>
         <load_address>0x115f5</load_address>
         <run_address>0x115f5</run_address>
         <size>0x8c7</size>
         <input_file_ref idref="fl-f"/>
      </object_component>
      <object_component id="oc-13f">
         <name>.debug_info</name>
         <load_address>0x11ebc</load_address>
         <run_address>0x11ebc</run_address>
         <size>0x35e</size>
         <input_file_ref idref="fl-f"/>
      </object_component>
      <object_component id="oc-205">
         <name>.debug_info</name>
         <load_address>0x1221a</load_address>
         <run_address>0x1221a</run_address>
         <size>0x2a1</size>
         <input_file_ref idref="fl-f"/>
      </object_component>
      <object_component id="oc-295">
         <name>.debug_info</name>
         <load_address>0x124bb</load_address>
         <run_address>0x124bb</run_address>
         <size>0xd2</size>
         <input_file_ref idref="fl-f"/>
      </object_component>
      <object_component id="oc-1fb">
         <name>.debug_info</name>
         <load_address>0x1258d</load_address>
         <run_address>0x1258d</run_address>
         <size>0x184f</size>
         <input_file_ref idref="fl-f"/>
      </object_component>
      <object_component id="oc-112">
         <name>.debug_info</name>
         <load_address>0x13ddc</load_address>
         <run_address>0x13ddc</run_address>
         <size>0x3982</size>
         <input_file_ref idref="fl-f"/>
      </object_component>
      <object_component id="oc-298">
         <name>.debug_info</name>
         <load_address>0x1775e</load_address>
         <run_address>0x1775e</run_address>
         <size>0x21f</size>
         <input_file_ref idref="fl-f"/>
      </object_component>
      <object_component id="oc-2b0">
         <name>.debug_info</name>
         <load_address>0x1797d</load_address>
         <run_address>0x1797d</run_address>
         <size>0x4e</size>
         <input_file_ref idref="fl-f"/>
      </object_component>
      <object_component id="oc-17b">
         <name>.debug_info</name>
         <load_address>0x179cb</load_address>
         <run_address>0x179cb</run_address>
         <size>0x2b2</size>
         <input_file_ref idref="fl-11"/>
      </object_component>
      <object_component id="oc-e2">
         <name>.debug_info</name>
         <load_address>0x17c7d</load_address>
         <run_address>0x17c7d</run_address>
         <size>0x1dd</size>
         <input_file_ref idref="fl-11"/>
      </object_component>
      <object_component id="oc-19c">
         <name>.debug_info</name>
         <load_address>0x17e5a</load_address>
         <run_address>0x17e5a</run_address>
         <size>0x3a4</size>
         <input_file_ref idref="fl-11"/>
      </object_component>
      <object_component id="oc-24d">
         <name>.debug_info</name>
         <load_address>0x181fe</load_address>
         <run_address>0x181fe</run_address>
         <size>0x2c7</size>
         <input_file_ref idref="fl-11"/>
      </object_component>
      <object_component id="oc-75">
         <name>.debug_info</name>
         <load_address>0x184c5</load_address>
         <run_address>0x184c5</run_address>
         <size>0x7ef</size>
         <input_file_ref idref="fl-14"/>
      </object_component>
      <object_component id="oc-37">
         <name>.debug_info</name>
         <load_address>0x18cb4</load_address>
         <run_address>0x18cb4</run_address>
         <size>0x102</size>
         <input_file_ref idref="fl-16"/>
      </object_component>
      <object_component id="oc-119">
         <name>.debug_info</name>
         <load_address>0x18db6</load_address>
         <run_address>0x18db6</run_address>
         <size>0x8c7</size>
         <input_file_ref idref="fl-17"/>
      </object_component>
      <object_component id="oc-116">
         <name>.debug_info</name>
         <load_address>0x1967d</load_address>
         <run_address>0x1967d</run_address>
         <size>0x237</size>
         <input_file_ref idref="fl-17"/>
      </object_component>
      <object_component id="oc-91">
         <name>.debug_info</name>
         <load_address>0x198b4</load_address>
         <run_address>0x198b4</run_address>
         <size>0x65d</size>
         <input_file_ref idref="fl-17"/>
      </object_component>
      <object_component id="oc-252">
         <name>.debug_info</name>
         <load_address>0x19f11</load_address>
         <run_address>0x19f11</run_address>
         <size>0x285</size>
         <input_file_ref idref="fl-19"/>
      </object_component>
      <object_component id="oc-2ca">
         <name>.debug_info</name>
         <load_address>0x1a196</load_address>
         <run_address>0x1a196</run_address>
         <size>0x242</size>
         <input_file_ref idref="fl-19"/>
      </object_component>
      <object_component id="oc-1a6">
         <name>.debug_info</name>
         <load_address>0x1a3d8</load_address>
         <run_address>0x1a3d8</run_address>
         <size>0x2af</size>
         <input_file_ref idref="fl-19"/>
      </object_component>
      <object_component id="oc-3c">
         <name>.debug_info</name>
         <load_address>0x1a687</load_address>
         <run_address>0x1a687</run_address>
         <size>0x134</size>
         <input_file_ref idref="fl-1a"/>
      </object_component>
      <object_component id="oc-e8">
         <name>.debug_info</name>
         <load_address>0x1a7bb</load_address>
         <run_address>0x1a7bb</run_address>
         <size>0x362</size>
         <input_file_ref idref="fl-1c"/>
      </object_component>
      <object_component id="oc-ed">
         <name>.debug_info</name>
         <load_address>0x1ab1d</load_address>
         <run_address>0x1ab1d</run_address>
         <size>0x642</size>
         <input_file_ref idref="fl-1d"/>
      </object_component>
      <object_component id="oc-7f">
         <name>.debug_info</name>
         <load_address>0x1b15f</load_address>
         <run_address>0x1b15f</run_address>
         <size>0x2e86</size>
         <input_file_ref idref="fl-1d"/>
      </object_component>
      <object_component id="oc-21">
         <name>.debug_info</name>
         <load_address>0x1dfe5</load_address>
         <run_address>0x1dfe5</run_address>
         <size>0x5b9</size>
         <input_file_ref idref="fl-1e"/>
      </object_component>
      <object_component id="oc-af">
         <name>.debug_info</name>
         <load_address>0x1e59e</load_address>
         <run_address>0x1e59e</run_address>
         <size>0x4c1</size>
         <input_file_ref idref="fl-1f"/>
      </object_component>
      <object_component id="oc-2d">
         <name>.debug_info</name>
         <load_address>0x1ea5f</load_address>
         <run_address>0x1ea5f</run_address>
         <size>0xdc</size>
         <input_file_ref idref="fl-1f"/>
      </object_component>
      <object_component id="oc-42">
         <name>.debug_info</name>
         <load_address>0x1eb3b</load_address>
         <run_address>0x1eb3b</run_address>
         <size>0x46e</size>
         <input_file_ref idref="fl-1f"/>
      </object_component>
      <object_component id="oc-47">
         <name>.debug_info</name>
         <load_address>0x1efa9</load_address>
         <run_address>0x1efa9</run_address>
         <size>0x1f7</size>
         <input_file_ref idref="fl-1f"/>
      </object_component>
      <object_component id="oc-165">
         <name>.debug_info</name>
         <load_address>0x1f1a0</load_address>
         <run_address>0x1f1a0</run_address>
         <size>0x4f</size>
         <input_file_ref idref="fl-1f"/>
      </object_component>
      <object_component id="oc-e6">
         <name>.debug_info</name>
         <load_address>0x1f1ef</load_address>
         <run_address>0x1f1ef</run_address>
         <size>0x4ef</size>
         <input_file_ref idref="fl-20"/>
      </object_component>
      <object_component id="oc-78">
         <name>.debug_info</name>
         <load_address>0x1f6de</load_address>
         <run_address>0x1f6de</run_address>
         <size>0x72d</size>
         <input_file_ref idref="fl-20"/>
      </object_component>
      <object_component id="oc-102">
         <name>.debug_info</name>
         <load_address>0x1fe0b</load_address>
         <run_address>0x1fe0b</run_address>
         <size>0x483</size>
         <input_file_ref idref="fl-25"/>
      </object_component>
      <object_component id="oc-8c">
         <name>.debug_info</name>
         <load_address>0x2028e</load_address>
         <run_address>0x2028e</run_address>
         <size>0x190</size>
         <input_file_ref idref="fl-25"/>
      </object_component>
      <object_component id="oc-1c4">
         <name>.debug_info</name>
         <load_address>0x2041e</load_address>
         <run_address>0x2041e</run_address>
         <size>0x39</size>
         <input_file_ref idref="fl-25"/>
      </object_component>
      <object_component id="oc-25a">
         <name>.debug_info</name>
         <load_address>0x20457</load_address>
         <run_address>0x20457</run_address>
         <size>0x39</size>
         <input_file_ref idref="fl-25"/>
      </object_component>
      <object_component id="oc-1c9">
         <name>.debug_info</name>
         <load_address>0x20490</load_address>
         <run_address>0x20490</run_address>
         <size>0xcd</size>
         <input_file_ref idref="fl-25"/>
      </object_component>
      <object_component id="oc-cd">
         <name>.debug_info</name>
         <load_address>0x2055d</load_address>
         <run_address>0x2055d</run_address>
         <size>0x293</size>
         <input_file_ref idref="fl-26"/>
      </object_component>
      <object_component id="oc-f">
         <name>.debug_info</name>
         <load_address>0x207f0</load_address>
         <run_address>0x207f0</run_address>
         <size>0x245</size>
         <input_file_ref idref="fl-26"/>
      </object_component>
      <object_component id="oc-50">
         <name>.debug_info</name>
         <load_address>0x20a35</load_address>
         <run_address>0x20a35</run_address>
         <size>0x60</size>
         <input_file_ref idref="fl-26"/>
      </object_component>
      <object_component id="oc-c8">
         <name>.debug_info</name>
         <load_address>0x20a95</load_address>
         <run_address>0x20a95</run_address>
         <size>0x46</size>
         <input_file_ref idref="fl-26"/>
      </object_component>
      <object_component id="oc-65">
         <name>.debug_info</name>
         <load_address>0x20adb</load_address>
         <run_address>0x20adb</run_address>
         <size>0x2d5</size>
         <input_file_ref idref="fl-27"/>
      </object_component>
      <object_component id="oc-15">
         <name>.debug_info</name>
         <load_address>0x20db0</load_address>
         <run_address>0x20db0</run_address>
         <size>0x1ca</size>
         <input_file_ref idref="fl-27"/>
      </object_component>
      <object_component id="oc-60">
         <name>.debug_info</name>
         <load_address>0x20f7a</load_address>
         <run_address>0x20f7a</run_address>
         <size>0x46</size>
         <input_file_ref idref="fl-27"/>
      </object_component>
      <object_component id="oc-cf">
         <name>.debug_info</name>
         <load_address>0x20fc0</load_address>
         <run_address>0x20fc0</run_address>
         <size>0x2c</size>
         <input_file_ref idref="fl-27"/>
      </object_component>
      <object_component id="oc-71">
         <name>.debug_info</name>
         <load_address>0x20fec</load_address>
         <run_address>0x20fec</run_address>
         <size>0x2c9</size>
         <input_file_ref idref="fl-28"/>
      </object_component>
      <object_component id="oc-1b">
         <name>.debug_info</name>
         <load_address>0x212b5</load_address>
         <run_address>0x212b5</run_address>
         <size>0x1aa</size>
         <input_file_ref idref="fl-28"/>
      </object_component>
      <object_component id="oc-6c">
         <name>.debug_info</name>
         <load_address>0x2145f</load_address>
[...]
         <value>0x9f8c</value>
         <object_component_ref idref="oc-7d"/>
      </symbol>
      <symbol id="sm-988">
         <name>_c_int00</name>
         <value>0x10194</value>
         <object_component_ref idref="oc-20"/>
      </symbol>
      <symbol id="sm-a1f">
         <name>vimChannelMap</name>
         <value>0xd8fc</value>
         <object_component_ref idref="oc-41"/>
      </symbol>
      <symbol id="sm-a20">
         <name>vimInit</name>
         <value>0xd828</value>
         <object_component_ref idref="oc-41"/>
      </symbol>
      <symbol id="sm-a21">
         <name>vimEnableInterrupt</name>
         <value>0xd9a0</value>
         <object_component_ref idref="oc-41"/>
      </symbol>
      <symbol id="sm-a22">
         <name>vimDisableInterrupt</name>
         <value>0xdaf8</value>
         <object_component_ref idref="oc-41"/>
      </symbol>
      <symbol id="sm-a23">
         <name>vimGetConfigValue</name>
         <value>0xdb7c</value>
         <object_component_ref idref="oc-41"/>
      </symbol>
      <symbol id="sm-a24">
         <name>vimParityErrorHandler</name>
         <value>0x1042c</value>
         <object_component_ref idref="oc-40"/>
      </symbol>
      <symbol id="sm-a7e">
         <name>systemGetConfigValue</name>
         <value>0xd060</value>
         <object_component_ref idref="oc-77"/>
      </symbol>
      <symbol id="sm-a7f">
         <name>trimLPO</name>
         <value>0xcd60</value>
         <object_component_ref idref="oc-77"/>
      </symbol>
      <symbol id="sm-a80">
         <name>systemInit</name>
         <value>0xcf64</value>
         <object_component_ref idref="oc-77"/>
      </symbol>
      <symbol id="sm-a81">
         <name>tcmflashGetConfigValue</name>
         <value>0xd474</value>
         <object_component_ref idref="oc-77"/>
      </symbol>
      <symbol id="sm-a82">
         <name>sramGetConfigValue</name>
         <value>0xd620</value>
         <object_component_ref idref="oc-77"/>
      </symbol>
      <symbol id="sm-a83">
         <name>periphInit</name>
         <value>0xcde8</value>
         <object_component_ref idref="oc-77"/>
      </symbol>
      <symbol id="sm-a84">
         <name>setupFlash</name>
         <value>0xcda8</value>
         <object_component_ref idref="oc-77"/>
      </symbol>
      <symbol id="sm-a85">
         <name>setupPLL</name>
         <value>0xcd00</value>
         <object_component_ref idref="oc-77"/>
      </symbol>
      <symbol id="sm-a86">
         <name>mapClocks</name>
         <value>0xce3c</value>
         <object_component_ref idref="oc-77"/>
      </symbol>
      <symbol id="sm-a87">
         <name>systemPowerDown</name>
         <value>0xd030</value>
         <object_component_ref idref="oc-77"/>
      </symbol>
      <symbol id="sm-ab1">
         <name>__TI_auto_init</name>
         <value>0x11fbd</value>
         <object_component_ref idref="oc-89"/>
      </symbol>
      <symbol id="sm-acf">
         <name>__TI_decompress_lzss</name>
         <value>0x1209d</value>
         <object_component_ref idref="oc-e"/>
      </symbol>
      <symbol id="sm-ae6">
         <name>__TI_decompress_none</name>
         <value>0x12801</value>
         <object_component_ref idref="oc-14"/>
      </symbol>
      <symbol id="sm-af8">
         <name>__TI_zero_init</name>
         <value>0x1280f</value>
         <object_component_ref idref="oc-1a"/>
      </symbol>
      <symbol id="sm-b12">
         <name>copy_in</name>
         <value>0x125b9</value>
         <object_component_ref idref="oc-f5"/>
      </symbol>
      <symbol id="sm-b33">
         <name>C$$EXIT</name>
         <value>0x12519</value>
         <object_component_ref idref="oc-95"/>
      </symbol>
      <symbol id="sm-b34">
         <name>abort</name>
         <value>0x1251d</value>
         <object_component_ref idref="oc-95"/>
      </symbol>
      <symbol id="sm-b35">
         <name>exit</name>
         <value>0x12525</value>
         <object_component_ref idref="oc-95"/>
      </symbol>
      <symbol id="sm-b36">
         <name>__TI_dtors_ptr</name>
         <value>0x80031fc</value>
         <object_component_ref idref="oc-12e"/>
      </symbol>
      <symbol id="sm-b37">
         <name>__TI_cleanup_ptr</name>
         <value>0x80031f8</value>
         <object_component_ref idref="oc-12e"/>
      </symbol>
      <symbol id="sm-b38">
         <name>__TI_enable_exit_profile_output</name>
         <value>0x8003200</value>
         <object_component_ref idref="oc-12e"/>
      </symbol>
      <symbol id="sm-b53">
         <name>memcpy</name>
         <value>0x11c8b</value>
         <object_component_ref idref="oc-5a"/>
      </symbol>
      <symbol id="sm-b54">
         <name>__aeabi_memcpy</name>
         <value>0x11c8b</value>
         <object_component_ref idref="oc-5a"/>
      </symbol>
      <symbol id="sm-b55">
         <name>__aeabi_memcpy8</name>
         <value>0x11c8b</value>
         <object_component_ref idref="oc-5a"/>
      </symbol>
      <symbol id="sm-b56">
         <name>__aeabi_memcpy4</name>
         <value>0x11c8b</value>
         <object_component_ref idref="oc-5a"/>
      </symbol>
      <symbol id="sm-b65">
         <name>__aeabi_memset</name>
         <value>0x11e5b</value>
         <object_component_ref idref="oc-66"/>
      </symbol>
      <symbol id="sm-b66">
         <name>memset</name>
         <value>0x11e61</value>
         <object_component_ref idref="oc-66"/>
      </symbol>
      <symbol id="sm-b67">
         <name>__aeabi_memset8</name>
         <value>0x11e5b</value>
         <object_component_ref idref="oc-66"/>
      </symbol>
      <symbol id="sm-b68">
         <name>__aeabi_memset4</name>
         <value>0x11e5b</value>
         <object_component_ref idref="oc-66"/>
      </symbol>
      <symbol id="sm-b69">
         <name>__aeabi_memclr8</name>
         <value>0x11e59</value>
         <object_component_ref idref="oc-66"/>
      </symbol>
      <symbol id="sm-b6a">
         <name>__aeabi_memclr4</name>
         <value>0x11e59</value>
         <object_component_ref idref="oc-66"/>
      </symbol>
      <symbol id="sm-b6b">
         <name>__aeabi_memclr</name>
         <value>0x11e59</value>
         <object_component_ref idref="oc-66"/>
      </symbol>
      <symbol id="sm-b89">
         <name>printf</name>
         <value>0x12035</value>
         <object_component_ref idref="oc-288"/>
      </symbol>
      <symbol id="sm-ba2">
         <name>sprintf</name>
         <value>0x122a9</value>
         <object_component_ref idref="oc-20a"/>
      </symbol>
      <symbol id="sm-bac">
         <name>_system_post_cinit</name>
         <value>0x11d27</value>
         <object_component_ref idref="oc-fb"/>
      </symbol>
      <symbol id="sm-bba">
         <name>strcpy</name>
         <value>0x127ed</value>
         <object_component_ref idref="oc-28e"/>
      </symbol>
      <symbol id="sm-bc8">
         <name>strlen</name>
         <value>0x127c3</value>
         <object_component_ref idref="oc-210"/>
      </symbol>
      <symbol id="sm-bd4">
         <name>__aeabi_uidivmod</name>
         <value>0x12568</value>
         <object_component_ref idref="oc-216"/>
      </symbol>
      <symbol id="sm-bd5">
         <name>__aeabi_uidiv</name>
         <value>0x12568</value>
         <object_component_ref idref="oc-216"/>
      </symbol>
      <symbol id="sm-bee">
         <name>_nop</name>
         <value>0x127e7</value>
         <object_component_ref idref="oc-22d"/>
      </symbol>
      <symbol id="sm-bef">
         <name>_lock</name>
         <value>0x8003210</value>
         <object_component_ref idref="oc-131"/>
      </symbol>
      <symbol id="sm-bf0">
         <name>_unlock</name>
         <value>0x8003214</value>
         <object_component_ref idref="oc-131"/>
      </symbol>
      <symbol id="sm-bf1">
         <name>_register_lock</name>
         <value>0x127df</value>
         <object_component_ref idref="oc-22d"/>
      </symbol>
      <symbol id="sm-bf2">
         <name>_register_unlock</name>
         <value>0x127d9</value>
         <object_component_ref idref="oc-22d"/>
      </symbol>
      <symbol id="sm-ce6">
         <name>__TI_printfi</name>
         <value>0xb4c1</value>
         <object_component_ref idref="oc-2a8"/>
      </symbol>
      <symbol id="sm-cfb">
         <name>atoi</name>
         <value>0x124c9</value>
         <object_component_ref idref="oc-31f"/>
      </symbol>
      <symbol id="sm-d06">
         <name>_ctypes_</name>
         <value>0x129a0</value>
         <object_component_ref idref="oc-38f"/>
      </symbol>
      <symbol id="sm-d1b">
         <name>__TI_tmpnams</name>
         <value>0x8003348</value>
      </symbol>
      <symbol id="sm-d1c">
         <name>__aeabi_stdout</name>
         <value>0x80031f0</value>
         <object_component_ref idref="oc-3ab"/>
      </symbol>
      <symbol id="sm-d1d">
         <name>__aeabi_stderr</name>
         <value>0x80031f4</value>
         <object_component_ref idref="oc-3ab"/>
      </symbol>
      <symbol id="sm-d1e">
         <name>__aeabi_stdin</name>
         <value>0x80031ec</value>
         <object_component_ref idref="oc-3ab"/>
      </symbol>
      <symbol id="sm-d1f">
         <name>_ftable</name>
         <value>0x8003000</value>
         <object_component_ref idref="oc-2f7"/>
      </symbol>
      <symbol id="sm-d20">
         <name>__TI_ft_end</name>
         <value>0x80031e8</value>
         <object_component_ref idref="oc-3ab"/>
      </symbol>
      <symbol id="sm-d37">
         <name>putc</name>
         <value>0x11dc1</value>
         <object_component_ref idref="oc-2eb"/>
      </symbol>
      <symbol id="sm-d38">
         <name>fputc</name>
         <value>0x11dc1</value>
         <object_component_ref idref="oc-2eb"/>
      </symbol>
      <symbol id="sm-d39">
         <name>putchar</name>
         <value>0x11e47</value>
         <object_component_ref idref="oc-2eb"/>
      </symbol>
      <symbol id="sm-d5b">
         <name>puts</name>
         <value>0x11481</value>
         <object_component_ref idref="oc-2f1"/>
      </symbol>
      <symbol id="sm-d5c">
         <name>fputs</name>
         <value>0x11371</value>
         <object_component_ref idref="oc-2f1"/>
      </symbol>
      <symbol id="sm-d66">
         <name>__aeabi_idiv0</name>
         <value>0xbd7b</value>
         <object_component_ref idref="oc-2b7"/>
      </symbol>
      <symbol id="sm-d75">
         <name>ltoa</name>
         <value>0x12475</value>
         <object_component_ref idref="oc-307"/>
      </symbol>
      <symbol id="sm-d85">
         <name>memccpy</name>
         <value>0x12761</value>
         <object_component_ref idref="oc-325"/>
      </symbol>
      <symbol id="sm-d95">
         <name>memchr</name>
         <value>0x12741</value>
         <object_component_ref idref="oc-363"/>
      </symbol>
      <symbol id="sm-dae">
         <name>frexpl</name>
         <value>0x11f49</value>
         <object_component_ref idref="oc-30d"/>
      </symbol>
      <symbol id="sm-daf">
         <name>frexp</name>
         <value>0x11f49</value>
         <object_component_ref idref="oc-30d"/>
      </symbol>
      <symbol id="sm-dcd">
         <name>scalbn</name>
         <value>0x116cd</value>
         <object_component_ref idref="oc-313"/>
      </symbol>
      <symbol id="sm-dce">
         <name>scalbnl</name>
         <value>0x116cd</value>
         <object_component_ref idref="oc-313"/>
      </symbol>
      <symbol id="sm-dcf">
         <name>ldexpl</name>
         <value>0x116cd</value>
         <object_component_ref idref="oc-313"/>
      </symbol>
      <symbol id="sm-dd0">
         <name>ldexp</name>
         <value>0x116cd</value>
         <object_component_ref idref="oc-313"/>
      </symbol>
      <symbol id="sm-de0">
         <name>strchr</name>
         <value>0x127ad</value>
         <object_component_ref idref="oc-319"/>
      </symbol>
      <symbol id="sm-dfc">
         <name>__aeabi_uldivmod</name>
         <value>0xfedc</value>
         <object_component_ref idref="oc-302"/>
      </symbol>
      <symbol id="sm-e22">
         <name>_stream</name>
         <value>0x8003168</value>
         <object_component_ref idref="oc-3b0"/>
      </symbol>
      <symbol id="sm-e23">
         <name>_device</name>
         <value>0x80030f0</value>
         <object_component_ref idref="oc-3f0"/>
      </symbol>
      <symbol id="sm-e24">
         <name>write</name>
         <value>0x12719</value>
         <object_component_ref idref="oc-35b"/>
      </symbol>
      <symbol id="sm-e42">
         <name>__TI_wrt_ok</name>
         <value>0x11bdd</value>
         <object_component_ref idref="oc-34f"/>
      </symbol>
      <symbol id="sm-e43">
         <name>__TI_rd_ok</name>
         <value>0x11c41</value>
         <object_component_ref idref="oc-34f"/>
      </symbol>
      <symbol id="sm-e4b">
         <name>errno</name>
         <value>0x8003218</value>
         <object_component_ref idref="oc-388"/>
      </symbol>
      <symbol id="sm-e66">
         <name>__TI_doflush</name>
         <value>0x11a55</value>
         <object_component_ref idref="oc-355"/>
      </symbol>
      <symbol id="sm-e67">
         <name>fflush</name>
         <value>0x11aa1</value>
         <object_component_ref idref="oc-355"/>
      </symbol>
      <symbol id="sm-e79">
         <name>fseek</name>
         <value>0x12245</value>
         <object_component_ref idref="oc-39d"/>
      </symbol>
      <symbol id="sm-e8a">
         <name>HOSTclose</name>
         <value>0x12605</value>
         <object_component_ref idref="oc-424"/>
      </symbol>
      <symbol id="sm-e9b">
         <name>HOSTlseek</name>
         <value>0x12175</value>
         <object_component_ref idref="oc-436"/>
      </symbol>
      <symbol id="sm-ead">
         <name>parmbuf</name>
         <value>0x8003410</value>
      </symbol>
      <symbol id="sm-eae">
         <name>HOSTopen</name>
         <value>0x1230d</value>
         <object_component_ref idref="oc-41e"/>
      </symbol>
      <symbol id="sm-ebf">
         <name>HOSTread</name>
         <value>0x12369</value>
         <object_component_ref idref="oc-42a"/>
      </symbol>
      <symbol id="sm-ed0">
         <name>HOSTrename</name>
         <value>0x121dd</value>
         <object_component_ref idref="oc-442"/>
      </symbol>
      <symbol id="sm-ee1">
         <name>HOSTunlink</name>
         <value>0x12649</value>
         <object_component_ref idref="oc-43c"/>
      </symbol>
      <symbol id="sm-ef2">
         <name>HOSTwrite</name>
         <value>0x1241d</value>
         <object_component_ref idref="oc-430"/>
      </symbol>
      <symbol id="sm-f02">
         <name>lseek</name>
         <value>0x126f1</value>
         <object_component_ref idref="oc-3cf"/>
      </symbol>
      <symbol id="sm-f0c">
         <name>copysign</name>
         <value>0x1277d</value>
         <object_component_ref idref="oc-382"/>
      </symbol>
      <symbol id="sm-f0d">
         <name>copysignl</name>
         <value>0x1277d</value>
         <object_component_ref idref="oc-382"/>
      </symbol>
      <symbol id="sm-f29">
         <name>setvbuf</name>
         <value>0x118a9</value>
         <object_component_ref idref="oc-3a3"/>
      </symbol>
      <symbol id="sm-f44">
         <name>__TI_readmsg</name>
         <value>0x1213f</value>
         <object_component_ref idref="oc-468"/>
      </symbol>
      <symbol id="sm-f45">
         <name>C$$IO$$</name>
         <value>0x1213b</value>
         <object_component_ref idref="oc-468"/>
      </symbol>
      <symbol id="sm-f46">
         <name>__CIOBUF_</name>
         <value>0x8003228</value>
         <object_component_ref idref="oc-494"/>
      </symbol>
      <symbol id="sm-f47">
         <name>__TI_writemsg</name>
         <value>0x12109</value>
         <object_component_ref idref="oc-468"/>
      </symbol>
      <symbol id="sm-f7e">
         <name>__TI_cleanup</name>
         <value>0x110bf</value>
         <object_component_ref idref="oc-3dd"/>
      </symbol>
      <symbol id="sm-f7f">
         <name>freopen</name>
         <value>0x110eb</value>
         <object_component_ref idref="oc-3dd"/>
      </symbol>
      <symbol id="sm-f80">
         <name>fopen</name>
         <value>0x11115</value>
         <object_component_ref idref="oc-3dd"/>
      </symbol>
      <symbol id="sm-fef">
         <name>_sys_memory</name>
         <value>0x40e0</value>
         <object_component_ref idref="oc-4c"/>
      </symbol>
      <symbol id="sm-ff0">
         <name>free</name>
         <value>0xf821</value>
         <object_component_ref idref="oc-3d7"/>
      </symbol>
      <symbol id="sm-ff1">
         <name>realloc</name>
         <value>0xf8e1</value>
         <object_component_ref idref="oc-3d7"/>
      </symbol>
      <symbol id="sm-ff2">
         <name>memalign</name>
         <value>0xf9ed</value>
         <object_component_ref idref="oc-3d7"/>
      </symbol>
      <symbol id="sm-ff3">
         <name>calloc</name>
         <value>0xfadf</value>
         <object_component_ref idref="oc-3d7"/>
      </symbol>
      <symbol id="sm-ff4">
         <name>malloc</name>
         <value>0xf7b7</value>
         <object_component_ref idref="oc-3d7"/>
      </symbol>
      <symbol id="sm-ff5">
         <name>minit</name>
         <value>0xf739</value>
         <object_component_ref idref="oc-3d7"/>
      </symbol>
      <symbol id="sm-1011">
         <name>open</name>
         <value>0x11b21</value>
         <object_component_ref idref="oc-40d"/>
      </symbol>
      <symbol id="sm-1027">
         <name>__TI_closefile</name>
         <value>0x11d29</value>
         <object_component_ref idref="oc-413"/>
      </symbol>
      <symbol id="sm-1028">
         <name>fclose</name>
         <value>0x11d8f</value>
         <object_component_ref idref="oc-413"/>
      </symbol>
      <symbol id="sm-1042">
         <name>finddevice</name>
         <value>0x11ed5</value>
         <object_component_ref idref="oc-44e"/>
      </symbol>
      <symbol id="sm-1043">
         <name>getdevice</name>
         <value>0x11f03</value>
         <object_component_ref idref="oc-44e"/>
      </symbol>
      <symbol id="sm-1053">
         <name>strcmp</name>
         <value>0x12795</value>
         <object_component_ref idref="oc-47e"/>
      </symbol>
      <symbol id="sm-1063">
         <name>strncpy</name>
         <value>0x1268d</value>
         <object_component_ref idref="oc-484"/>
      </symbol>
      <symbol id="sm-1073">
         <name>unlink</name>
         <value>0x126c5</value>
         <object_component_ref idref="oc-45d"/>
      </symbol>
      <symbol id="sm-1087">
         <name>close</name>
         <value>0x123c5</value>
         <object_component_ref idref="oc-457"/>
      </symbol>
      <symbol id="sm-1088">
         <name>__TI_static_base__</name>
         <value>0x0</value>
      </symbol>
      <symbol id="sm-108c">
         <name>SHT$$INIT_ARRAY$$Base</name>
         <value>0x0</value>
      </symbol>
      <symbol id="sm-108d">
         <name>SHT$$INIT_ARRAY$$Limit</name>
         <value>0x0</value>
      </symbol>
      <symbol id="sm-108e">
         <name>remove</name>
         <value>0x126c5</value>
      </symbol>
   </symbol_table>
   <title>Link successful</title>
</link_info>
